[1.743s] Invoking command in '/Minimalbeispiel_Codesys_ROS2/ros2_ws/src/minimalbeispiel_pkg': PYTHONPATH=/Minimalbeispiel_Codesys_ROS2/ros2_ws/build/minimalbeispiel_pkg/prefix_override:/usr/lib/python3/dist-packages/colcon_core/task/python/colcon_distutils_commands:/Minimalbeispiel_Codesys_ROS2/ros2_ws/install/minimalbeispiel_pkg/lib/python3.12/site-packages:${PYTHONPATH} /usr/bin/python3 -W ignore:setup.py install is deprecated -W ignore:easy_install command is deprecated setup.py egg_info --egg-base ../../build/minimalbeispiel_pkg build --build-base /Minimalbeispiel_Codesys_ROS2/ros2_ws/build/minimalbeispiel_pkg/build install --record /Minimalbeispiel_Codesys_ROS2/ros2_ws/build/minimalbeispiel_pkg/install.log --install-scripts $base/lib/minimalbeispiel_pkg --single-version-externally-managed install_data
[2.148s] running egg_info
[2.148s] creating ../../build/minimalbeispiel_pkg/minimalbeispiel_pkg.egg-info
[2.173s] writing ../../build/minimalbeispiel_pkg/minimalbeispiel_pkg.egg-info/PKG-INFO
[2.173s] writing dependency_links to ../../build/minimalbeispiel_pkg/minimalbeispiel_pkg.egg-info/dependency_links.txt
[2.173s] writing entry points to ../../build/minimalbeispiel_pkg/minimalbeispiel_pkg.egg-info/entry_points.txt
[2.174s] writing requirements to ../../build/minimalbeispiel_pkg/minimalbeispiel_pkg.egg-info/requires.txt
[2.174s] writing top-level names to ../../build/minimalbeispiel_pkg/minimalbeispiel_pkg.egg-info/top_level.txt
[2.175s] writing manifest file '../../build/minimalbeispiel_pkg/minimalbeispiel_pkg.egg-info/SOURCES.txt'
[2.233s] reading manifest file '../../build/minimalbeispiel_pkg/minimalbeispiel_pkg.egg-info/SOURCES.txt'
[2.233s] adding license file 'LICENSE'
[2.233s] writing manifest file '../../build/minimalbeispiel_pkg/minimalbeispiel_pkg.egg-info/SOURCES.txt'
[2.234s] running build
[2.234s] running build_py
[2.234s] creating /Minimalbeispiel_Codesys_ROS2/ros2_ws/build/minimalbeispiel_pkg/build
[2.235s] creating /Minimalbeispiel_Codesys_ROS2/ros2_ws/build/minimalbeispiel_pkg/build/lib
[2.236s] creating /Minimalbeispiel_Codesys_ROS2/ros2_ws/build/minimalbeispiel_pkg/build/lib/minimalbeispiel_pkg
[2.236s] copying minimalbeispiel_pkg/__init__.py -> /Minimalbeispiel_Codesys_ROS2/ros2_ws/build/minimalbeispiel_pkg/build/lib/minimalbeispiel_pkg
[2.237s] copying minimalbeispiel_pkg/subscriber.py -> /Minimalbeispiel_Codesys_ROS2/ros2_ws/build/minimalbeispiel_pkg/build/lib/minimalbeispiel_pkg
[2.237s] running install
[2.246s] running install_lib
[2.272s] creating /Minimalbeispiel_Codesys_ROS2/ros2_ws/install/minimalbeispiel_pkg/lib/python3.12/site-packages/minimalbeispiel_pkg
[2.273s] copying /Minimalbeispiel_Codesys_ROS2/ros2_ws/build/minimalbeispiel_pkg/build/lib/minimalbeispiel_pkg/__init__.py -> /Minimalbeispiel_Codesys_ROS2/ros2_ws/install/minimalbeispiel_pkg/lib/python3.12/site-packages/minimalbeispiel_pkg
[2.273s] copying /Minimalbeispiel_Codesys_ROS2/ros2_ws/build/minimalbeispiel_pkg/build/lib/minimalbeispiel_pkg/subscriber.py -> /Minimalbeispiel_Codesys_ROS2/ros2_ws/install/minimalbeispiel_pkg/lib/python3.12/site-packages/minimalbeispiel_pkg
[2.274s] byte-compiling /Minimalbeispiel_Codesys_ROS2/ros2_ws/install/minimalbeispiel_pkg/lib/python3.12/site-packages/minimalbeispiel_pkg/__init__.py to __init__.cpython-312.pyc
[2.275s] byte-compiling /Minimalbeispiel_Codesys_ROS2/ros2_ws/install/minimalbeispiel_pkg/lib/python3.12/site-packages/minimalbeispiel_pkg/subscriber.py to subscriber.cpython-312.pyc
[2.276s] running install_data
[2.277s] creating /Minimalbeispiel_Codesys_ROS2/ros2_ws/install/minimalbeispiel_pkg/share/ament_index
[2.278s] creating /Minimalbeispiel_Codesys_ROS2/ros2_ws/install/minimalbeispiel_pkg/share/ament_index/resource_index
[2.278s] creating /Minimalbeispiel_Codesys_ROS2/ros2_ws/install/minimalbeispiel_pkg/share/ament_index/resource_index/packages
[2.279s] copying resource/minimalbeispiel_pkg -> /Minimalbeispiel_Codesys_ROS2/ros2_ws/install/minimalbeispiel_pkg/share/ament_index/resource_index/packages
[2.279s] copying package.xml -> /Minimalbeispiel_Codesys_ROS2/ros2_ws/install/minimalbeispiel_pkg/share/minimalbeispiel_pkg
[2.280s] running install_egg_info
[2.312s] Copying ../../build/minimalbeispiel_pkg/minimalbeispiel_pkg.egg-info to /Minimalbeispiel_Codesys_ROS2/ros2_ws/install/minimalbeispiel_pkg/lib/python3.12/site-packages/minimalbeispiel_pkg-0.0.0-py3.12.egg-info
[2.315s] running install_scripts
[2.520s] Installing sub_pose script to /Minimalbeispiel_Codesys_ROS2/ros2_ws/install/minimalbeispiel_pkg/lib/minimalbeispiel_pkg
[2.521s] writing list of installed files to '/Minimalbeispiel_Codesys_ROS2/ros2_ws/build/minimalbeispiel_pkg/install.log'
[2.566s] Invoked command in '/Minimalbeispiel_Codesys_ROS2/ros2_ws/src/minimalbeispiel_pkg' returned '0': PYTHONPATH=/Minimalbeispiel_Codesys_ROS2/ros2_ws/build/minimalbeispiel_pkg/prefix_override:/usr/lib/python3/dist-packages/colcon_core/task/python/colcon_distutils_commands:/Minimalbeispiel_Codesys_ROS2/ros2_ws/install/minimalbeispiel_pkg/lib/python3.12/site-packages:${PYTHONPATH} /usr/bin/python3 -W ignore:setup.py install is deprecated -W ignore:easy_install command is deprecated setup.py egg_info --egg-base ../../build/minimalbeispiel_pkg build --build-base /Minimalbeispiel_Codesys_ROS2/ros2_ws/build/minimalbeispiel_pkg/build install --record /Minimalbeispiel_Codesys_ROS2/ros2_ws/build/minimalbeispiel_pkg/install.log --install-scripts $base/lib/minimalbeispiel_pkg --single-version-externally-managed install_data
