[0.136s] DEBUG:colcon:Command line arguments: ['/usr/bin/colcon', 'build']
[0.136s] DEBUG:colcon:Parsed command line arguments: Namespace(log_base=None, log_level=None, verb_name='build', build_base='build', install_base='install', merge_install=False, symlink_install=False, test_result_base=None, continue_on_error=False, executor='parallel', parallel_workers=16, event_handlers=None, ignore_user_meta=False, metas=['./colcon.meta'], base_paths=['.'], packages_ignore=None, packages_ignore_regex=None, paths=None, packages_up_to=None, packages_up_to_regex=None, packages_above=None, packages_above_and_dependencies=None, packages_above_depth=None, packages_select_by_dep=None, packages_skip_by_dep=None, packages_skip_up_to=None, packages_select_build_failed=False, packages_skip_build_finished=False, packages_select_test_failures=False, packages_skip_test_passed=False, packages_select=None, packages_skip=None, packages_select_regex=None, packages_skip_regex=None, packages_start=None, packages_end=None, cmake_args=None, cmake_target=None, cmake_target_skip_unavailable=False, cmake_clean_cache=False, cmake_clean_first=False, cmake_force_configure=False, ament_cmake_args=None, catkin_cmake_args=None, catkin_skip_building_tests=False, mixin_files=None, mixin=None, verb_parser=<colcon_mixin.mixin.mixin_argument.MixinArgumentDecorator object at 0x7be0628552e0>, verb_extension=<colcon_core.verb.build.BuildVerb object at 0x7be063a3b1a0>, main=<bound method BuildVerb.main of <colcon_core.verb.build.BuildVerb object at 0x7be063a3b1a0>>, mixin_verb=('build',))
[0.185s] Level 1:colcon.colcon_core.package_discovery:discover_packages(colcon_meta) check parameters
[0.186s] INFO:colcon.colcon_metadata.package_discovery.colcon_meta:Using configuration from '/root/.colcon/metadata/default/Gazebo.meta'
[0.186s] INFO:colcon.colcon_metadata.package_discovery.colcon_meta:Using configuration from '/root/.colcon/metadata/default/fastdds.meta'
[0.186s] INFO:colcon.colcon_metadata.package_discovery.colcon_meta:Using configuration from '/root/.colcon/metadata/default/fastrtps.meta'
[0.187s] Level 1:colcon.colcon_core.package_discovery:discover_packages(recursive) check parameters
[0.187s] Level 1:colcon.colcon_core.package_discovery:discover_packages(ignore) check parameters
[0.187s] Level 1:colcon.colcon_core.package_discovery:discover_packages(path) check parameters
[0.187s] Level 1:colcon.colcon_core.package_discovery:discover_packages(colcon_meta) discover
[0.187s] Level 1:colcon.colcon_core.package_discovery:discover_packages(recursive) discover
[0.187s] INFO:colcon.colcon_core.package_discovery:Crawling recursively for packages in '/Minimalbeispiel_Codesys_ROS2/ros2_ws'
[0.187s] Level 1:colcon.colcon_core.package_identification:_identify(.) by extensions ['ignore', 'ignore_ament_install']
[0.187s] Level 1:colcon.colcon_core.package_identification:_identify(.) by extension 'ignore'
[0.187s] Level 1:colcon.colcon_core.package_identification:_identify(.) by extension 'ignore_ament_install'
[0.187s] Level 1:colcon.colcon_core.package_identification:_identify(.) by extensions ['colcon_pkg']
[0.187s] Level 1:colcon.colcon_core.package_identification:_identify(.) by extension 'colcon_pkg'
[0.188s] Level 1:colcon.colcon_core.package_identification:_identify(.) by extensions ['colcon_meta']
[0.188s] Level 1:colcon.colcon_core.package_identification:_identify(.) by extension 'colcon_meta'
[0.188s] Level 1:colcon.colcon_core.package_identification:_identify(.) by extensions ['ros']
[0.188s] Level 1:colcon.colcon_core.package_identification:_identify(.) by extension 'ros'
[0.217s] Level 1:colcon.colcon_core.package_identification:_identify(.) by extensions ['cmake', 'python']
[0.218s] Level 1:colcon.colcon_core.package_identification:_identify(.) by extension 'cmake'
[0.218s] Level 1:colcon.colcon_core.package_identification:_identify(.) by extension 'python'
[0.218s] Level 1:colcon.colcon_core.package_identification:_identify(.) by extensions ['python_setup_py']
[0.218s] Level 1:colcon.colcon_core.package_identification:_identify(.) by extension 'python_setup_py'
[0.218s] Level 1:colcon.colcon_core.package_identification:_identify(build) by extensions ['ignore', 'ignore_ament_install']
[0.218s] Level 1:colcon.colcon_core.package_identification:_identify(build) by extension 'ignore'
[0.218s] Level 1:colcon.colcon_core.package_identification:_identify(build) ignored
[0.218s] Level 1:colcon.colcon_core.package_identification:_identify(install) by extensions ['ignore', 'ignore_ament_install']
[0.219s] Level 1:colcon.colcon_core.package_identification:_identify(install) by extension 'ignore'
[0.219s] Level 1:colcon.colcon_core.package_identification:_identify(install) ignored
[0.219s] Level 1:colcon.colcon_core.package_identification:_identify(log) by extensions ['ignore', 'ignore_ament_install']
[0.219s] Level 1:colcon.colcon_core.package_identification:_identify(log) by extension 'ignore'
[0.219s] Level 1:colcon.colcon_core.package_identification:_identify(log) ignored
[0.219s] Level 1:colcon.colcon_core.package_identification:_identify(src) by extensions ['ignore', 'ignore_ament_install']
[0.219s] Level 1:colcon.colcon_core.package_identification:_identify(src) by extension 'ignore'
[0.219s] Level 1:colcon.colcon_core.package_identification:_identify(src) by extension 'ignore_ament_install'
[0.220s] Level 1:colcon.colcon_core.package_identification:_identify(src) by extensions ['colcon_pkg']
[0.220s] Level 1:colcon.colcon_core.package_identification:_identify(src) by extension 'colcon_pkg'
[0.220s] Level 1:colcon.colcon_core.package_identification:_identify(src) by extensions ['colcon_meta']
[0.220s] Level 1:colcon.colcon_core.package_identification:_identify(src) by extension 'colcon_meta'
[0.220s] Level 1:colcon.colcon_core.package_identification:_identify(src) by extensions ['ros']
[0.220s] Level 1:colcon.colcon_core.package_identification:_identify(src) by extension 'ros'
[0.220s] Level 1:colcon.colcon_core.package_identification:_identify(src) by extensions ['cmake', 'python']
[0.220s] Level 1:colcon.colcon_core.package_identification:_identify(src) by extension 'cmake'
[0.220s] Level 1:colcon.colcon_core.package_identification:_identify(src) by extension 'python'
[0.220s] Level 1:colcon.colcon_core.package_identification:_identify(src) by extensions ['python_setup_py']
[0.220s] Level 1:colcon.colcon_core.package_identification:_identify(src) by extension 'python_setup_py'
[0.220s] Level 1:colcon.colcon_core.package_identification:_identify(src/minimalbeispiel_pkg) by extensions ['ignore', 'ignore_ament_install']
[0.221s] Level 1:colcon.colcon_core.package_identification:_identify(src/minimalbeispiel_pkg) by extension 'ignore'
[0.221s] Level 1:colcon.colcon_core.package_identification:_identify(src/minimalbeispiel_pkg) by extension 'ignore_ament_install'
[0.221s] Level 1:colcon.colcon_core.package_identification:_identify(src/minimalbeispiel_pkg) by extensions ['colcon_pkg']
[0.221s] Level 1:colcon.colcon_core.package_identification:_identify(src/minimalbeispiel_pkg) by extension 'colcon_pkg'
[0.221s] Level 1:colcon.colcon_core.package_identification:_identify(src/minimalbeispiel_pkg) by extensions ['colcon_meta']
[0.221s] Level 1:colcon.colcon_core.package_identification:_identify(src/minimalbeispiel_pkg) by extension 'colcon_meta'
[0.221s] Level 1:colcon.colcon_core.package_identification:_identify(src/minimalbeispiel_pkg) by extensions ['ros']
[0.221s] Level 1:colcon.colcon_core.package_identification:_identify(src/minimalbeispiel_pkg) by extension 'ros'
[0.224s] DEBUG:colcon.colcon_core.package_identification:Package 'src/minimalbeispiel_pkg' with type 'ros.ament_python' and name 'minimalbeispiel_pkg'
[0.224s] Level 1:colcon.colcon_core.package_identification:_identify(src/ros_tutorials) by extensions ['ignore', 'ignore_ament_install']
[0.224s] Level 1:colcon.colcon_core.package_identification:_identify(src/ros_tutorials) by extension 'ignore'
[0.224s] Level 1:colcon.colcon_core.package_identification:_identify(src/ros_tutorials) by extension 'ignore_ament_install'
[0.225s] Level 1:colcon.colcon_core.package_identification:_identify(src/ros_tutorials) by extensions ['colcon_pkg']
[0.225s] Level 1:colcon.colcon_core.package_identification:_identify(src/ros_tutorials) by extension 'colcon_pkg'
[0.225s] Level 1:colcon.colcon_core.package_identification:_identify(src/ros_tutorials) by extensions ['colcon_meta']
[0.225s] Level 1:colcon.colcon_core.package_identification:_identify(src/ros_tutorials) by extension 'colcon_meta'
[0.225s] Level 1:colcon.colcon_core.package_identification:_identify(src/ros_tutorials) by extensions ['ros']
[0.225s] Level 1:colcon.colcon_core.package_identification:_identify(src/ros_tutorials) by extension 'ros'
[0.225s] Level 1:colcon.colcon_core.package_identification:_identify(src/ros_tutorials) by extensions ['cmake', 'python']
[0.225s] Level 1:colcon.colcon_core.package_identification:_identify(src/ros_tutorials) by extension 'cmake'
[0.225s] Level 1:colcon.colcon_core.package_identification:_identify(src/ros_tutorials) by extension 'python'
[0.225s] Level 1:colcon.colcon_core.package_identification:_identify(src/ros_tutorials) by extensions ['python_setup_py']
[0.225s] Level 1:colcon.colcon_core.package_identification:_identify(src/ros_tutorials) by extension 'python_setup_py'
[0.225s] Level 1:colcon.colcon_core.package_identification:_identify(src/ros_tutorials/turtlesim) by extensions ['ignore', 'ignore_ament_install']
[0.226s] Level 1:colcon.colcon_core.package_identification:_identify(src/ros_tutorials/turtlesim) by extension 'ignore'
[0.226s] Level 1:colcon.colcon_core.package_identification:_identify(src/ros_tutorials/turtlesim) by extension 'ignore_ament_install'
[0.226s] Level 1:colcon.colcon_core.package_identification:_identify(src/ros_tutorials/turtlesim) by extensions ['colcon_pkg']
[0.226s] Level 1:colcon.colcon_core.package_identification:_identify(src/ros_tutorials/turtlesim) by extension 'colcon_pkg'
[0.226s] Level 1:colcon.colcon_core.package_identification:_identify(src/ros_tutorials/turtlesim) by extensions ['colcon_meta']
[0.226s] Level 1:colcon.colcon_core.package_identification:_identify(src/ros_tutorials/turtlesim) by extension 'colcon_meta'
[0.226s] Level 1:colcon.colcon_core.package_identification:_identify(src/ros_tutorials/turtlesim) by extensions ['ros']
[0.226s] Level 1:colcon.colcon_core.package_identification:_identify(src/ros_tutorials/turtlesim) by extension 'ros'
[0.227s] DEBUG:colcon.colcon_core.package_identification:Package 'src/ros_tutorials/turtlesim' with type 'ros.ament_cmake' and name 'turtlesim'
[0.227s] Level 1:colcon.colcon_core.package_discovery:discover_packages(recursive) using defaults
[0.227s] Level 1:colcon.colcon_core.package_discovery:discover_packages(ignore) discover
[0.227s] Level 1:colcon.colcon_core.package_discovery:discover_packages(ignore) using defaults
[0.228s] Level 1:colcon.colcon_core.package_discovery:discover_packages(path) discover
[0.228s] Level 1:colcon.colcon_core.package_discovery:discover_packages(path) using defaults
[0.249s] Level 5:colcon.colcon_core.verb:set package 'turtlesim' build argument 'cmake_args' from command line to 'None'
[0.249s] Level 5:colcon.colcon_core.verb:set package 'turtlesim' build argument 'cmake_target' from command line to 'None'
[0.250s] Level 5:colcon.colcon_core.verb:set package 'turtlesim' build argument 'cmake_target_skip_unavailable' from command line to 'False'
[0.250s] Level 5:colcon.colcon_core.verb:set package 'turtlesim' build argument 'cmake_clean_cache' from command line to 'False'
[0.250s] Level 5:colcon.colcon_core.verb:set package 'turtlesim' build argument 'cmake_clean_first' from command line to 'False'
[0.250s] Level 5:colcon.colcon_core.verb:set package 'turtlesim' build argument 'cmake_force_configure' from command line to 'False'
[0.250s] Level 5:colcon.colcon_core.verb:set package 'turtlesim' build argument 'ament_cmake_args' from command line to 'None'
[0.250s] Level 5:colcon.colcon_core.verb:set package 'turtlesim' build argument 'catkin_cmake_args' from command line to 'None'
[0.250s] Level 5:colcon.colcon_core.verb:set package 'turtlesim' build argument 'catkin_skip_building_tests' from command line to 'False'
[0.250s] DEBUG:colcon.colcon_core.verb:Building package 'turtlesim' with the following arguments: {'ament_cmake_args': None, 'build_base': '/Minimalbeispiel_Codesys_ROS2/ros2_ws/build/turtlesim', 'catkin_cmake_args': None, 'catkin_skip_building_tests': False, 'cmake_args': None, 'cmake_clean_cache': False, 'cmake_clean_first': False, 'cmake_force_configure': False, 'cmake_target': None, 'cmake_target_skip_unavailable': False, 'install_base': '/Minimalbeispiel_Codesys_ROS2/ros2_ws/install/turtlesim', 'merge_install': False, 'path': '/Minimalbeispiel_Codesys_ROS2/ros2_ws/src/ros_tutorials/turtlesim', 'symlink_install': False, 'test_result_base': None}
[0.250s] Level 5:colcon.colcon_core.verb:set package 'minimalbeispiel_pkg' build argument 'cmake_args' from command line to 'None'
[0.250s] Level 5:colcon.colcon_core.verb:set package 'minimalbeispiel_pkg' build argument 'cmake_target' from command line to 'None'
[0.250s] Level 5:colcon.colcon_core.verb:set package 'minimalbeispiel_pkg' build argument 'cmake_target_skip_unavailable' from command line to 'False'
[0.250s] Level 5:colcon.colcon_core.verb:set package 'minimalbeispiel_pkg' build argument 'cmake_clean_cache' from command line to 'False'
[0.250s] Level 5:colcon.colcon_core.verb:set package 'minimalbeispiel_pkg' build argument 'cmake_clean_first' from command line to 'False'
[0.250s] Level 5:colcon.colcon_core.verb:set package 'minimalbeispiel_pkg' build argument 'cmake_force_configure' from command line to 'False'
[0.250s] Level 5:colcon.colcon_core.verb:set package 'minimalbeispiel_pkg' build argument 'ament_cmake_args' from command line to 'None'
[0.250s] Level 5:colcon.colcon_core.verb:set package 'minimalbeispiel_pkg' build argument 'catkin_cmake_args' from command line to 'None'
[0.250s] Level 5:colcon.colcon_core.verb:set package 'minimalbeispiel_pkg' build argument 'catkin_skip_building_tests' from command line to 'False'
[0.250s] DEBUG:colcon.colcon_core.verb:Building package 'minimalbeispiel_pkg' with the following arguments: {'ament_cmake_args': None, 'build_base': '/Minimalbeispiel_Codesys_ROS2/ros2_ws/build/minimalbeispiel_pkg', 'catkin_cmake_args': None, 'catkin_skip_building_tests': False, 'cmake_args': None, 'cmake_clean_cache': False, 'cmake_clean_first': False, 'cmake_force_configure': False, 'cmake_target': None, 'cmake_target_skip_unavailable': False, 'install_base': '/Minimalbeispiel_Codesys_ROS2/ros2_ws/install/minimalbeispiel_pkg', 'merge_install': False, 'path': '/Minimalbeispiel_Codesys_ROS2/ros2_ws/src/minimalbeispiel_pkg', 'symlink_install': False, 'test_result_base': None}
[0.251s] INFO:colcon.colcon_core.executor:Executing jobs using 'parallel' executor
[0.252s] DEBUG:colcon.colcon_parallel_executor.executor.parallel:run_until_complete
[0.252s] INFO:colcon.colcon_ros.task.ament_cmake.build:Building ROS package in '/Minimalbeispiel_Codesys_ROS2/ros2_ws/src/ros_tutorials/turtlesim' with build type 'ament_cmake'
[0.253s] INFO:colcon.colcon_cmake.task.cmake.build:Building CMake package in '/Minimalbeispiel_Codesys_ROS2/ros2_ws/src/ros_tutorials/turtlesim'
[0.255s] INFO:colcon.colcon_core.plugin_system:Skipping extension 'colcon_core.shell.bat': Not used on non-Windows systems
[0.256s] INFO:colcon.colcon_core.shell:Skip shell extension 'powershell' for command environment: Not usable outside of PowerShell
[0.256s] DEBUG:colcon.colcon_core.shell:Skip shell extension 'dsv' for command environment
[0.273s] DEBUG:colcon.colcon_core.event_handler.log_command:Invoking command in '/Minimalbeispiel_Codesys_ROS2/ros2_ws/build/turtlesim': CMAKE_PREFIX_PATH=${CMAKE_PREFIX_PATH}:/Minimalbeispiel_Codesys_ROS2/ros2_ws/install/minimalbeispiel_pkg:/opt/ros/jazzy /usr/bin/cmake --build /Minimalbeispiel_Codesys_ROS2/ros2_ws/build/turtlesim -- -j16 -l16
[0.879s] DEBUG:colcon.colcon_core.event_handler.log_command:Invoked command in '/Minimalbeispiel_Codesys_ROS2/ros2_ws/build/turtlesim' returned '0': CMAKE_PREFIX_PATH=${CMAKE_PREFIX_PATH}:/Minimalbeispiel_Codesys_ROS2/ros2_ws/install/minimalbeispiel_pkg:/opt/ros/jazzy /usr/bin/cmake --build /Minimalbeispiel_Codesys_ROS2/ros2_ws/build/turtlesim -- -j16 -l16
[0.894s] DEBUG:colcon.colcon_core.event_handler.log_command:Invoking command in '/Minimalbeispiel_Codesys_ROS2/ros2_ws/build/turtlesim': CMAKE_PREFIX_PATH=${CMAKE_PREFIX_PATH}:/Minimalbeispiel_Codesys_ROS2/ros2_ws/install/minimalbeispiel_pkg:/opt/ros/jazzy /usr/bin/cmake --install /Minimalbeispiel_Codesys_ROS2/ros2_ws/build/turtlesim
[1.031s] Level 1:colcon.colcon_core.environment:create_environment_scripts_only(turtlesim)
[1.031s] DEBUG:colcon.colcon_core.event_handler.log_command:Invoked command in '/Minimalbeispiel_Codesys_ROS2/ros2_ws/build/turtlesim' returned '0': CMAKE_PREFIX_PATH=${CMAKE_PREFIX_PATH}:/Minimalbeispiel_Codesys_ROS2/ros2_ws/install/minimalbeispiel_pkg:/opt/ros/jazzy /usr/bin/cmake --install /Minimalbeispiel_Codesys_ROS2/ros2_ws/build/turtlesim
[1.034s] Level 1:colcon.colcon_core.environment:checking '/Minimalbeispiel_Codesys_ROS2/ros2_ws/install/turtlesim' for CMake module files
[1.035s] Level 1:colcon.colcon_core.environment:checking '/Minimalbeispiel_Codesys_ROS2/ros2_ws/install/turtlesim' for CMake config files
[1.037s] Level 1:colcon.colcon_core.shell:create_environment_hook('turtlesim', 'cmake_prefix_path')
[1.037s] INFO:colcon.colcon_core.shell:Creating environment hook '/Minimalbeispiel_Codesys_ROS2/ros2_ws/install/turtlesim/share/turtlesim/hook/cmake_prefix_path.ps1'
[1.038s] INFO:colcon.colcon_core.shell:Creating environment descriptor '/Minimalbeispiel_Codesys_ROS2/ros2_ws/install/turtlesim/share/turtlesim/hook/cmake_prefix_path.dsv'
[1.038s] INFO:colcon.colcon_core.shell:Creating environment hook '/Minimalbeispiel_Codesys_ROS2/ros2_ws/install/turtlesim/share/turtlesim/hook/cmake_prefix_path.sh'
[1.040s] Level 1:colcon.colcon_core.environment:checking '/Minimalbeispiel_Codesys_ROS2/ros2_ws/install/turtlesim/lib'
[1.040s] Level 1:colcon.colcon_core.shell:create_environment_hook('turtlesim', 'ld_library_path_lib')
[1.040s] INFO:colcon.colcon_core.shell:Creating environment hook '/Minimalbeispiel_Codesys_ROS2/ros2_ws/install/turtlesim/share/turtlesim/hook/ld_library_path_lib.ps1'
[1.041s] INFO:colcon.colcon_core.shell:Creating environment descriptor '/Minimalbeispiel_Codesys_ROS2/ros2_ws/install/turtlesim/share/turtlesim/hook/ld_library_path_lib.dsv'
[1.041s] INFO:colcon.colcon_core.shell:Creating environment hook '/Minimalbeispiel_Codesys_ROS2/ros2_ws/install/turtlesim/share/turtlesim/hook/ld_library_path_lib.sh'
[1.042s] Level 1:colcon.colcon_core.environment:checking '/Minimalbeispiel_Codesys_ROS2/ros2_ws/install/turtlesim/bin'
[1.042s] Level 1:colcon.colcon_core.environment:checking '/Minimalbeispiel_Codesys_ROS2/ros2_ws/install/turtlesim/lib/pkgconfig/turtlesim.pc'
[1.045s] Level 1:colcon.colcon_core.environment:checking '/Minimalbeispiel_Codesys_ROS2/ros2_ws/install/turtlesim/lib/python3.12/site-packages'
[1.045s] Level 1:colcon.colcon_core.shell:create_environment_hook('turtlesim', 'pythonpath')
[1.045s] INFO:colcon.colcon_core.shell:Creating environment hook '/Minimalbeispiel_Codesys_ROS2/ros2_ws/install/turtlesim/share/turtlesim/hook/pythonpath.ps1'
[1.046s] INFO:colcon.colcon_core.shell:Creating environment descriptor '/Minimalbeispiel_Codesys_ROS2/ros2_ws/install/turtlesim/share/turtlesim/hook/pythonpath.dsv'
[1.046s] INFO:colcon.colcon_core.shell:Creating environment hook '/Minimalbeispiel_Codesys_ROS2/ros2_ws/install/turtlesim/share/turtlesim/hook/pythonpath.sh'
[1.047s] Level 1:colcon.colcon_core.environment:checking '/Minimalbeispiel_Codesys_ROS2/ros2_ws/install/turtlesim/bin'
[1.048s] INFO:colcon.colcon_core.shell:Creating package script '/Minimalbeispiel_Codesys_ROS2/ros2_ws/install/turtlesim/share/turtlesim/package.ps1'
[1.049s] INFO:colcon.colcon_core.shell:Creating package descriptor '/Minimalbeispiel_Codesys_ROS2/ros2_ws/install/turtlesim/share/turtlesim/package.dsv'
[1.050s] INFO:colcon.colcon_core.shell:Creating package script '/Minimalbeispiel_Codesys_ROS2/ros2_ws/install/turtlesim/share/turtlesim/package.sh'
[1.050s] INFO:colcon.colcon_core.shell:Creating package script '/Minimalbeispiel_Codesys_ROS2/ros2_ws/install/turtlesim/share/turtlesim/package.bash'
[1.051s] INFO:colcon.colcon_core.shell:Creating package script '/Minimalbeispiel_Codesys_ROS2/ros2_ws/install/turtlesim/share/turtlesim/package.zsh'
[1.052s] Level 1:colcon.colcon_core.environment:create_file_with_runtime_dependencies(/Minimalbeispiel_Codesys_ROS2/ros2_ws/install/turtlesim/share/colcon-core/packages/turtlesim)
[1.053s] Level 1:colcon.colcon_core.environment:create_environment_scripts_only(turtlesim)
[1.053s] Level 1:colcon.colcon_core.environment:checking '/Minimalbeispiel_Codesys_ROS2/ros2_ws/install/turtlesim' for CMake module files
[1.054s] Level 1:colcon.colcon_core.environment:checking '/Minimalbeispiel_Codesys_ROS2/ros2_ws/install/turtlesim' for CMake config files
[1.055s] Level 1:colcon.colcon_core.shell:create_environment_hook('turtlesim', 'cmake_prefix_path')
[1.056s] INFO:colcon.colcon_core.shell:Creating environment hook '/Minimalbeispiel_Codesys_ROS2/ros2_ws/install/turtlesim/share/turtlesim/hook/cmake_prefix_path.ps1'
[1.056s] INFO:colcon.colcon_core.shell:Creating environment descriptor '/Minimalbeispiel_Codesys_ROS2/ros2_ws/install/turtlesim/share/turtlesim/hook/cmake_prefix_path.dsv'
[1.057s] INFO:colcon.colcon_core.shell:Creating environment hook '/Minimalbeispiel_Codesys_ROS2/ros2_ws/install/turtlesim/share/turtlesim/hook/cmake_prefix_path.sh'
[1.058s] Level 1:colcon.colcon_core.environment:checking '/Minimalbeispiel_Codesys_ROS2/ros2_ws/install/turtlesim/lib'
[1.058s] Level 1:colcon.colcon_core.shell:create_environment_hook('turtlesim', 'ld_library_path_lib')
[1.058s] INFO:colcon.colcon_core.shell:Creating environment hook '/Minimalbeispiel_Codesys_ROS2/ros2_ws/install/turtlesim/share/turtlesim/hook/ld_library_path_lib.ps1'
[1.058s] INFO:colcon.colcon_core.shell:Creating environment descriptor '/Minimalbeispiel_Codesys_ROS2/ros2_ws/install/turtlesim/share/turtlesim/hook/ld_library_path_lib.dsv'
[1.059s] INFO:colcon.colcon_core.shell:Creating environment hook '/Minimalbeispiel_Codesys_ROS2/ros2_ws/install/turtlesim/share/turtlesim/hook/ld_library_path_lib.sh'
[1.059s] Level 1:colcon.colcon_core.environment:checking '/Minimalbeispiel_Codesys_ROS2/ros2_ws/install/turtlesim/bin'
[1.059s] Level 1:colcon.colcon_core.environment:checking '/Minimalbeispiel_Codesys_ROS2/ros2_ws/install/turtlesim/lib/pkgconfig/turtlesim.pc'
[1.060s] Level 1:colcon.colcon_core.environment:checking '/Minimalbeispiel_Codesys_ROS2/ros2_ws/install/turtlesim/lib/python3.12/site-packages'
[1.060s] Level 1:colcon.colcon_core.shell:create_environment_hook('turtlesim', 'pythonpath')
[1.060s] INFO:colcon.colcon_core.shell:Creating environment hook '/Minimalbeispiel_Codesys_ROS2/ros2_ws/install/turtlesim/share/turtlesim/hook/pythonpath.ps1'
[1.061s] INFO:colcon.colcon_core.shell:Creating environment descriptor '/Minimalbeispiel_Codesys_ROS2/ros2_ws/install/turtlesim/share/turtlesim/hook/pythonpath.dsv'
[1.061s] INFO:colcon.colcon_core.shell:Creating environment hook '/Minimalbeispiel_Codesys_ROS2/ros2_ws/install/turtlesim/share/turtlesim/hook/pythonpath.sh'
[1.062s] Level 1:colcon.colcon_core.environment:checking '/Minimalbeispiel_Codesys_ROS2/ros2_ws/install/turtlesim/bin'
[1.062s] INFO:colcon.colcon_core.shell:Creating package script '/Minimalbeispiel_Codesys_ROS2/ros2_ws/install/turtlesim/share/turtlesim/package.ps1'
[1.063s] INFO:colcon.colcon_core.shell:Creating package descriptor '/Minimalbeispiel_Codesys_ROS2/ros2_ws/install/turtlesim/share/turtlesim/package.dsv'
[1.064s] INFO:colcon.colcon_core.shell:Creating package script '/Minimalbeispiel_Codesys_ROS2/ros2_ws/install/turtlesim/share/turtlesim/package.sh'
[1.064s] INFO:colcon.colcon_core.shell:Creating package script '/Minimalbeispiel_Codesys_ROS2/ros2_ws/install/turtlesim/share/turtlesim/package.bash'
[1.065s] INFO:colcon.colcon_core.shell:Creating package script '/Minimalbeispiel_Codesys_ROS2/ros2_ws/install/turtlesim/share/turtlesim/package.zsh'
[1.066s] Level 1:colcon.colcon_core.environment:create_file_with_runtime_dependencies(/Minimalbeispiel_Codesys_ROS2/ros2_ws/install/turtlesim/share/colcon-core/packages/turtlesim)
[1.066s] INFO:colcon.colcon_ros.task.ament_python.build:Building ROS package in '/Minimalbeispiel_Codesys_ROS2/ros2_ws/src/minimalbeispiel_pkg' with build type 'ament_python'
[1.066s] Level 1:colcon.colcon_core.shell:create_environment_hook('minimalbeispiel_pkg', 'ament_prefix_path')
[1.067s] INFO:colcon.colcon_core.shell:Creating environment hook '/Minimalbeispiel_Codesys_ROS2/ros2_ws/install/minimalbeispiel_pkg/share/minimalbeispiel_pkg/hook/ament_prefix_path.ps1'
[1.068s] INFO:colcon.colcon_core.shell:Creating environment descriptor '/Minimalbeispiel_Codesys_ROS2/ros2_ws/install/minimalbeispiel_pkg/share/minimalbeispiel_pkg/hook/ament_prefix_path.dsv'
[1.070s] INFO:colcon.colcon_core.shell:Creating environment hook '/Minimalbeispiel_Codesys_ROS2/ros2_ws/install/minimalbeispiel_pkg/share/minimalbeispiel_pkg/hook/ament_prefix_path.sh'
[1.071s] INFO:colcon.colcon_core.shell:Skip shell extension 'powershell' for command environment: Not usable outside of PowerShell
[1.071s] DEBUG:colcon.colcon_core.shell:Skip shell extension 'dsv' for command environment
[1.418s] INFO:colcon.colcon_core.task.python.build:Building Python package in '/Minimalbeispiel_Codesys_ROS2/ros2_ws/src/minimalbeispiel_pkg'
[1.418s] INFO:colcon.colcon_core.shell:Skip shell extension 'powershell' for command environment: Not usable outside of PowerShell
[1.418s] DEBUG:colcon.colcon_core.shell:Skip shell extension 'dsv' for command environment
[2.136s] DEBUG:colcon.colcon_core.task.python.build:Available setuptools commands: develop, rotate, sdist, bdist, install_scripts, install_data, check, alias, build_ext, register, install_egg_info, test, build_scripts, build, bdist_rpm, easy_install, build_clib, bdist_egg, setopt, bdist_dumb, editable_wheel, build_py, install_headers, clean, install, upload, egg_info, symlink_data, dist_info, upload_docs, bdist_wheel, saveopts, install_lib
[2.139s] DEBUG:colcon.colcon_core.event_handler.log_command:Invoking command in '/Minimalbeispiel_Codesys_ROS2/ros2_ws/src/minimalbeispiel_pkg': PYTHONPATH=/Minimalbeispiel_Codesys_ROS2/ros2_ws/build/minimalbeispiel_pkg/prefix_override:/usr/lib/python3/dist-packages/colcon_core/task/python/colcon_distutils_commands:/Minimalbeispiel_Codesys_ROS2/ros2_ws/install/minimalbeispiel_pkg/lib/python3.12/site-packages:/Minimalbeispiel_Codesys_ROS2/ros2_ws/install/turtlesim/lib/python3.12/site-packages:/Minimalbeispiel_Codesys_ROS2/ros2_ws/install/minimalbeispiel_pkg/lib/python3.12/site-packages:/opt/ros/jazzy/lib/python3.12/site-packages /usr/bin/python3 -W ignore:setup.py install is deprecated -W ignore:easy_install command is deprecated setup.py egg_info --egg-base ../../build/minimalbeispiel_pkg build --build-base /Minimalbeispiel_Codesys_ROS2/ros2_ws/build/minimalbeispiel_pkg/build install --record /Minimalbeispiel_Codesys_ROS2/ros2_ws/build/minimalbeispiel_pkg/install.log --install-scripts $base/lib/minimalbeispiel_pkg --single-version-externally-managed install_data
[2.774s] Level 1:colcon.colcon_core.environment:checking '/Minimalbeispiel_Codesys_ROS2/ros2_ws/install/minimalbeispiel_pkg' for CMake module files
[2.775s] DEBUG:colcon.colcon_core.event_handler.log_command:Invoked command in '/Minimalbeispiel_Codesys_ROS2/ros2_ws/src/minimalbeispiel_pkg' returned '0': PYTHONPATH=/Minimalbeispiel_Codesys_ROS2/ros2_ws/build/minimalbeispiel_pkg/prefix_override:/usr/lib/python3/dist-packages/colcon_core/task/python/colcon_distutils_commands:/Minimalbeispiel_Codesys_ROS2/ros2_ws/install/minimalbeispiel_pkg/lib/python3.12/site-packages:/Minimalbeispiel_Codesys_ROS2/ros2_ws/install/turtlesim/lib/python3.12/site-packages:/Minimalbeispiel_Codesys_ROS2/ros2_ws/install/minimalbeispiel_pkg/lib/python3.12/site-packages:/opt/ros/jazzy/lib/python3.12/site-packages /usr/bin/python3 -W ignore:setup.py install is deprecated -W ignore:easy_install command is deprecated setup.py egg_info --egg-base ../../build/minimalbeispiel_pkg build --build-base /Minimalbeispiel_Codesys_ROS2/ros2_ws/build/minimalbeispiel_pkg/build install --record /Minimalbeispiel_Codesys_ROS2/ros2_ws/build/minimalbeispiel_pkg/install.log --install-scripts $base/lib/minimalbeispiel_pkg --single-version-externally-managed install_data
[2.775s] Level 1:colcon.colcon_core.environment:checking '/Minimalbeispiel_Codesys_ROS2/ros2_ws/install/minimalbeispiel_pkg' for CMake config files
[2.776s] Level 1:colcon.colcon_core.environment:checking '/Minimalbeispiel_Codesys_ROS2/ros2_ws/install/minimalbeispiel_pkg/lib'
[2.776s] Level 1:colcon.colcon_core.environment:checking '/Minimalbeispiel_Codesys_ROS2/ros2_ws/install/minimalbeispiel_pkg/bin'
[2.776s] Level 1:colcon.colcon_core.environment:checking '/Minimalbeispiel_Codesys_ROS2/ros2_ws/install/minimalbeispiel_pkg/lib/pkgconfig/minimalbeispiel_pkg.pc'
[2.777s] Level 1:colcon.colcon_core.environment:checking '/Minimalbeispiel_Codesys_ROS2/ros2_ws/install/minimalbeispiel_pkg/lib/python3.12/site-packages'
[2.777s] Level 1:colcon.colcon_core.shell:create_environment_hook('minimalbeispiel_pkg', 'pythonpath')
[2.777s] INFO:colcon.colcon_core.shell:Creating environment hook '/Minimalbeispiel_Codesys_ROS2/ros2_ws/install/minimalbeispiel_pkg/share/minimalbeispiel_pkg/hook/pythonpath.ps1'
[2.778s] INFO:colcon.colcon_core.shell:Creating environment descriptor '/Minimalbeispiel_Codesys_ROS2/ros2_ws/install/minimalbeispiel_pkg/share/minimalbeispiel_pkg/hook/pythonpath.dsv'
[2.779s] INFO:colcon.colcon_core.shell:Creating environment hook '/Minimalbeispiel_Codesys_ROS2/ros2_ws/install/minimalbeispiel_pkg/share/minimalbeispiel_pkg/hook/pythonpath.sh'
[2.780s] Level 1:colcon.colcon_core.environment:checking '/Minimalbeispiel_Codesys_ROS2/ros2_ws/install/minimalbeispiel_pkg/bin'
[2.780s] Level 1:colcon.colcon_core.environment:create_environment_scripts_only(minimalbeispiel_pkg)
[2.780s] INFO:colcon.colcon_core.shell:Creating package script '/Minimalbeispiel_Codesys_ROS2/ros2_ws/install/minimalbeispiel_pkg/share/minimalbeispiel_pkg/package.ps1'
[2.781s] INFO:colcon.colcon_core.shell:Creating package descriptor '/Minimalbeispiel_Codesys_ROS2/ros2_ws/install/minimalbeispiel_pkg/share/minimalbeispiel_pkg/package.dsv'
[2.781s] INFO:colcon.colcon_core.shell:Creating package script '/Minimalbeispiel_Codesys_ROS2/ros2_ws/install/minimalbeispiel_pkg/share/minimalbeispiel_pkg/package.sh'
[2.782s] INFO:colcon.colcon_core.shell:Creating package script '/Minimalbeispiel_Codesys_ROS2/ros2_ws/install/minimalbeispiel_pkg/share/minimalbeispiel_pkg/package.bash'
[2.782s] INFO:colcon.colcon_core.shell:Creating package script '/Minimalbeispiel_Codesys_ROS2/ros2_ws/install/minimalbeispiel_pkg/share/minimalbeispiel_pkg/package.zsh'
[2.783s] Level 1:colcon.colcon_core.environment:create_file_with_runtime_dependencies(/Minimalbeispiel_Codesys_ROS2/ros2_ws/install/minimalbeispiel_pkg/share/colcon-core/packages/minimalbeispiel_pkg)
[2.783s] DEBUG:colcon.colcon_parallel_executor.executor.parallel:closing loop
[2.785s] DEBUG:colcon.colcon_parallel_executor.executor.parallel:loop closed
[2.785s] DEBUG:colcon.colcon_parallel_executor.executor.parallel:run_until_complete finished with '0'
[2.785s] DEBUG:colcon.colcon_core.event_reactor:joining thread
[2.797s] INFO:colcon.colcon_core.plugin_system:Skipping extension 'colcon_notification.desktop_notification.notify_send': Could not find 'notify-send'
[2.797s] INFO:colcon.colcon_core.plugin_system:Skipping extension 'colcon_notification.desktop_notification.terminal_notifier': Not used on non-Darwin systems
[2.797s] INFO:colcon.colcon_core.plugin_system:Skipping extension 'colcon_notification.desktop_notification.win32': Not used on non-Windows systems
[2.798s] INFO:colcon.colcon_notification.desktop_notification:Sending desktop notification using 'notify2'
[2.801s] DEBUG:colcon.colcon_notification.desktop_notification.notify2:Failed to initialize notify2: org.freedesktop.DBus.Error.Spawn.ExecFailed: /usr/bin/dbus-launch terminated abnormally without any error message
[2.802s] DEBUG:colcon.colcon_core.event_reactor:joined thread
[2.803s] INFO:colcon.colcon_core.shell:Creating prefix script '/Minimalbeispiel_Codesys_ROS2/ros2_ws/install/local_setup.ps1'
[2.804s] INFO:colcon.colcon_core.shell:Creating prefix util module '/Minimalbeispiel_Codesys_ROS2/ros2_ws/install/_local_setup_util_ps1.py'
[2.805s] INFO:colcon.colcon_core.shell:Creating prefix chain script '/Minimalbeispiel_Codesys_ROS2/ros2_ws/install/setup.ps1'
[2.807s] INFO:colcon.colcon_core.shell:Creating prefix script '/Minimalbeispiel_Codesys_ROS2/ros2_ws/install/local_setup.sh'
[2.807s] INFO:colcon.colcon_core.shell:Creating prefix util module '/Minimalbeispiel_Codesys_ROS2/ros2_ws/install/_local_setup_util_sh.py'
[2.808s] INFO:colcon.colcon_core.shell:Creating prefix chain script '/Minimalbeispiel_Codesys_ROS2/ros2_ws/install/setup.sh'
[2.810s] INFO:colcon.colcon_core.shell:Creating prefix script '/Minimalbeispiel_Codesys_ROS2/ros2_ws/install/local_setup.bash'
[2.811s] INFO:colcon.colcon_core.shell:Creating prefix chain script '/Minimalbeispiel_Codesys_ROS2/ros2_ws/install/setup.bash'
[2.812s] INFO:colcon.colcon_core.shell:Creating prefix script '/Minimalbeispiel_Codesys_ROS2/ros2_ws/install/local_setup.zsh'
[2.813s] INFO:colcon.colcon_core.shell:Creating prefix chain script '/Minimalbeispiel_Codesys_ROS2/ros2_ws/install/setup.zsh'
