[0.191s] DEBUG:colcon:Command line arguments: ['/usr/bin/colcon', 'build']
[0.191s] DEBUG:colcon:Parsed command line arguments: Namespace(log_base=None, log_level=None, verb_name='build', build_base='build', install_base='install', merge_install=False, symlink_install=False, test_result_base=None, continue_on_error=False, executor='parallel', parallel_workers=16, event_handlers=None, ignore_user_meta=False, metas=['./colcon.meta'], base_paths=['.'], packages_ignore=None, packages_ignore_regex=None, paths=None, packages_up_to=None, packages_up_to_regex=None, packages_above=None, packages_above_and_dependencies=None, packages_above_depth=None, packages_select_by_dep=None, packages_skip_by_dep=None, packages_skip_up_to=None, packages_select_build_failed=False, packages_skip_build_finished=False, packages_select_test_failures=False, packages_skip_test_passed=False, packages_select=None, packages_skip=None, packages_select_regex=None, packages_skip_regex=None, packages_start=None, packages_end=None, cmake_args=None, cmake_target=None, cmake_target_skip_unavailable=False, cmake_clean_cache=False, cmake_clean_first=False, cmake_force_configure=False, ament_cmake_args=None, catkin_cmake_args=None, catkin_skip_building_tests=False, mixin_files=None, mixin=None, verb_parser=<colcon_mixin.mixin.mixin_argument.MixinArgumentDecorator object at 0x79325ab11520>, verb_extension=<colcon_core.verb.build.BuildVerb object at 0x79325ac32000>, main=<bound method BuildVerb.main of <colcon_core.verb.build.BuildVerb object at 0x79325ac32000>>, mixin_verb=('build',))
[0.272s] Level 1:colcon.colcon_core.package_discovery:discover_packages(colcon_meta) check parameters
[0.273s] INFO:colcon.colcon_metadata.package_discovery.colcon_meta:Using configuration from '/root/.colcon/metadata/default/Gazebo.meta'
[0.273s] INFO:colcon.colcon_metadata.package_discovery.colcon_meta:Using configuration from '/root/.colcon/metadata/default/fastdds.meta'
[0.274s] INFO:colcon.colcon_metadata.package_discovery.colcon_meta:Using configuration from '/root/.colcon/metadata/default/fastrtps.meta'
[0.274s] Level 1:colcon.colcon_core.package_discovery:discover_packages(recursive) check parameters
[0.274s] Level 1:colcon.colcon_core.package_discovery:discover_packages(ignore) check parameters
[0.274s] Level 1:colcon.colcon_core.package_discovery:discover_packages(path) check parameters
[0.274s] Level 1:colcon.colcon_core.package_discovery:discover_packages(colcon_meta) discover
[0.274s] Level 1:colcon.colcon_core.package_discovery:discover_packages(recursive) discover
[0.274s] INFO:colcon.colcon_core.package_discovery:Crawling recursively for packages in '/Minimalbeispiel_Codesys_ROS2/ros2_ws'
[0.274s] Level 1:colcon.colcon_core.package_identification:_identify(.) by extensions ['ignore', 'ignore_ament_install']
[0.275s] Level 1:colcon.colcon_core.package_identification:_identify(.) by extension 'ignore'
[0.275s] Level 1:colcon.colcon_core.package_identification:_identify(.) by extension 'ignore_ament_install'
[0.275s] Level 1:colcon.colcon_core.package_identification:_identify(.) by extensions ['colcon_pkg']
[0.275s] Level 1:colcon.colcon_core.package_identification:_identify(.) by extension 'colcon_pkg'
[0.275s] Level 1:colcon.colcon_core.package_identification:_identify(.) by extensions ['colcon_meta']
[0.275s] Level 1:colcon.colcon_core.package_identification:_identify(.) by extension 'colcon_meta'
[0.275s] Level 1:colcon.colcon_core.package_identification:_identify(.) by extensions ['ros']
[0.275s] Level 1:colcon.colcon_core.package_identification:_identify(.) by extension 'ros'
[0.325s] Level 1:colcon.colcon_core.package_identification:_identify(.) by extensions ['cmake', 'python']
[0.325s] Level 1:colcon.colcon_core.package_identification:_identify(.) by extension 'cmake'
[0.325s] Level 1:colcon.colcon_core.package_identification:_identify(.) by extension 'python'
[0.325s] Level 1:colcon.colcon_core.package_identification:_identify(.) by extensions ['python_setup_py']
[0.325s] Level 1:colcon.colcon_core.package_identification:_identify(.) by extension 'python_setup_py'
[0.325s] Level 1:colcon.colcon_core.package_identification:_identify(build) by extensions ['ignore', 'ignore_ament_install']
[0.325s] Level 1:colcon.colcon_core.package_identification:_identify(build) by extension 'ignore'
[0.326s] Level 1:colcon.colcon_core.package_identification:_identify(build) ignored
[0.326s] Level 1:colcon.colcon_core.package_identification:_identify(install) by extensions ['ignore', 'ignore_ament_install']
[0.326s] Level 1:colcon.colcon_core.package_identification:_identify(install) by extension 'ignore'
[0.326s] Level 1:colcon.colcon_core.package_identification:_identify(install) ignored
[0.326s] Level 1:colcon.colcon_core.package_identification:_identify(log) by extensions ['ignore', 'ignore_ament_install']
[0.326s] Level 1:colcon.colcon_core.package_identification:_identify(log) by extension 'ignore'
[0.326s] Level 1:colcon.colcon_core.package_identification:_identify(log) ignored
[0.326s] Level 1:colcon.colcon_core.package_identification:_identify(src) by extensions ['ignore', 'ignore_ament_install']
[0.327s] Level 1:colcon.colcon_core.package_identification:_identify(src) by extension 'ignore'
[0.327s] Level 1:colcon.colcon_core.package_identification:_identify(src) by extension 'ignore_ament_install'
[0.327s] Level 1:colcon.colcon_core.package_identification:_identify(src) by extensions ['colcon_pkg']
[0.327s] Level 1:colcon.colcon_core.package_identification:_identify(src) by extension 'colcon_pkg'
[0.327s] Level 1:colcon.colcon_core.package_identification:_identify(src) by extensions ['colcon_meta']
[0.327s] Level 1:colcon.colcon_core.package_identification:_identify(src) by extension 'colcon_meta'
[0.327s] Level 1:colcon.colcon_core.package_identification:_identify(src) by extensions ['ros']
[0.327s] Level 1:colcon.colcon_core.package_identification:_identify(src) by extension 'ros'
[0.327s] Level 1:colcon.colcon_core.package_identification:_identify(src) by extensions ['cmake', 'python']
[0.327s] Level 1:colcon.colcon_core.package_identification:_identify(src) by extension 'cmake'
[0.327s] Level 1:colcon.colcon_core.package_identification:_identify(src) by extension 'python'
[0.328s] Level 1:colcon.colcon_core.package_identification:_identify(src) by extensions ['python_setup_py']
[0.328s] Level 1:colcon.colcon_core.package_identification:_identify(src) by extension 'python_setup_py'
[0.328s] Level 1:colcon.colcon_core.package_identification:_identify(src/minimalbeispiel_pkg) by extensions ['ignore', 'ignore_ament_install']
[0.328s] Level 1:colcon.colcon_core.package_identification:_identify(src/minimalbeispiel_pkg) by extension 'ignore'
[0.328s] Level 1:colcon.colcon_core.package_identification:_identify(src/minimalbeispiel_pkg) by extension 'ignore_ament_install'
[0.328s] Level 1:colcon.colcon_core.package_identification:_identify(src/minimalbeispiel_pkg) by extensions ['colcon_pkg']
[0.328s] Level 1:colcon.colcon_core.package_identification:_identify(src/minimalbeispiel_pkg) by extension 'colcon_pkg'
[0.328s] Level 1:colcon.colcon_core.package_identification:_identify(src/minimalbeispiel_pkg) by extensions ['colcon_meta']
[0.328s] Level 1:colcon.colcon_core.package_identification:_identify(src/minimalbeispiel_pkg) by extension 'colcon_meta'
[0.329s] Level 1:colcon.colcon_core.package_identification:_identify(src/minimalbeispiel_pkg) by extensions ['ros']
[0.329s] Level 1:colcon.colcon_core.package_identification:_identify(src/minimalbeispiel_pkg) by extension 'ros'
[0.332s] DEBUG:colcon.colcon_core.package_identification:Package 'src/minimalbeispiel_pkg' with type 'ros.ament_python' and name 'minimalbeispiel_pkg'
[0.332s] Level 1:colcon.colcon_core.package_identification:_identify(src/ros_tutorials) by extensions ['ignore', 'ignore_ament_install']
[0.332s] Level 1:colcon.colcon_core.package_identification:_identify(src/ros_tutorials) by extension 'ignore'
[0.332s] Level 1:colcon.colcon_core.package_identification:_identify(src/ros_tutorials) by extension 'ignore_ament_install'
[0.332s] Level 1:colcon.colcon_core.package_identification:_identify(src/ros_tutorials) by extensions ['colcon_pkg']
[0.333s] Level 1:colcon.colcon_core.package_identification:_identify(src/ros_tutorials) by extension 'colcon_pkg'
[0.333s] Level 1:colcon.colcon_core.package_identification:_identify(src/ros_tutorials) by extensions ['colcon_meta']
[0.333s] Level 1:colcon.colcon_core.package_identification:_identify(src/ros_tutorials) by extension 'colcon_meta'
[0.333s] Level 1:colcon.colcon_core.package_identification:_identify(src/ros_tutorials) by extensions ['ros']
[0.333s] Level 1:colcon.colcon_core.package_identification:_identify(src/ros_tutorials) by extension 'ros'
[0.333s] Level 1:colcon.colcon_core.package_identification:_identify(src/ros_tutorials) by extensions ['cmake', 'python']
[0.333s] Level 1:colcon.colcon_core.package_identification:_identify(src/ros_tutorials) by extension 'cmake'
[0.333s] Level 1:colcon.colcon_core.package_identification:_identify(src/ros_tutorials) by extension 'python'
[0.333s] Level 1:colcon.colcon_core.package_identification:_identify(src/ros_tutorials) by extensions ['python_setup_py']
[0.333s] Level 1:colcon.colcon_core.package_identification:_identify(src/ros_tutorials) by extension 'python_setup_py'
[0.333s] Level 1:colcon.colcon_core.package_identification:_identify(src/ros_tutorials/turtlesim) by extensions ['ignore', 'ignore_ament_install']
[0.334s] Level 1:colcon.colcon_core.package_identification:_identify(src/ros_tutorials/turtlesim) by extension 'ignore'
[0.334s] Level 1:colcon.colcon_core.package_identification:_identify(src/ros_tutorials/turtlesim) by extension 'ignore_ament_install'
[0.334s] Level 1:colcon.colcon_core.package_identification:_identify(src/ros_tutorials/turtlesim) by extensions ['colcon_pkg']
[0.334s] Level 1:colcon.colcon_core.package_identification:_identify(src/ros_tutorials/turtlesim) by extension 'colcon_pkg'
[0.334s] Level 1:colcon.colcon_core.package_identification:_identify(src/ros_tutorials/turtlesim) by extensions ['colcon_meta']
[0.334s] Level 1:colcon.colcon_core.package_identification:_identify(src/ros_tutorials/turtlesim) by extension 'colcon_meta'
[0.334s] Level 1:colcon.colcon_core.package_identification:_identify(src/ros_tutorials/turtlesim) by extensions ['ros']
[0.334s] Level 1:colcon.colcon_core.package_identification:_identify(src/ros_tutorials/turtlesim) by extension 'ros'
[0.335s] DEBUG:colcon.colcon_core.package_identification:Package 'src/ros_tutorials/turtlesim' with type 'ros.ament_cmake' and name 'turtlesim'
[0.336s] Level 1:colcon.colcon_core.package_discovery:discover_packages(recursive) using defaults
[0.336s] Level 1:colcon.colcon_core.package_discovery:discover_packages(ignore) discover
[0.336s] Level 1:colcon.colcon_core.package_discovery:discover_packages(ignore) using defaults
[0.336s] Level 1:colcon.colcon_core.package_discovery:discover_packages(path) discover
[0.336s] Level 1:colcon.colcon_core.package_discovery:discover_packages(path) using defaults
[0.384s] Level 5:colcon.colcon_core.verb:set package 'turtlesim' build argument 'cmake_args' from command line to 'None'
[0.384s] Level 5:colcon.colcon_core.verb:set package 'turtlesim' build argument 'cmake_target' from command line to 'None'
[0.384s] Level 5:colcon.colcon_core.verb:set package 'turtlesim' build argument 'cmake_target_skip_unavailable' from command line to 'False'
[0.384s] Level 5:colcon.colcon_core.verb:set package 'turtlesim' build argument 'cmake_clean_cache' from command line to 'False'
[0.384s] Level 5:colcon.colcon_core.verb:set package 'turtlesim' build argument 'cmake_clean_first' from command line to 'False'
[0.384s] Level 5:colcon.colcon_core.verb:set package 'turtlesim' build argument 'cmake_force_configure' from command line to 'False'
[0.384s] Level 5:colcon.colcon_core.verb:set package 'turtlesim' build argument 'ament_cmake_args' from command line to 'None'
[0.385s] Level 5:colcon.colcon_core.verb:set package 'turtlesim' build argument 'catkin_cmake_args' from command line to 'None'
[0.385s] Level 5:colcon.colcon_core.verb:set package 'turtlesim' build argument 'catkin_skip_building_tests' from command line to 'False'
[0.385s] DEBUG:colcon.colcon_core.verb:Building package 'turtlesim' with the following arguments: {'ament_cmake_args': None, 'build_base': '/Minimalbeispiel_Codesys_ROS2/ros2_ws/build/turtlesim', 'catkin_cmake_args': None, 'catkin_skip_building_tests': False, 'cmake_args': None, 'cmake_clean_cache': False, 'cmake_clean_first': False, 'cmake_force_configure': False, 'cmake_target': None, 'cmake_target_skip_unavailable': False, 'install_base': '/Minimalbeispiel_Codesys_ROS2/ros2_ws/install/turtlesim', 'merge_install': False, 'path': '/Minimalbeispiel_Codesys_ROS2/ros2_ws/src/ros_tutorials/turtlesim', 'symlink_install': False, 'test_result_base': None}
[0.385s] Level 5:colcon.colcon_core.verb:set package 'minimalbeispiel_pkg' build argument 'cmake_args' from command line to 'None'
[0.385s] Level 5:colcon.colcon_core.verb:set package 'minimalbeispiel_pkg' build argument 'cmake_target' from command line to 'None'
[0.385s] Level 5:colcon.colcon_core.verb:set package 'minimalbeispiel_pkg' build argument 'cmake_target_skip_unavailable' from command line to 'False'
[0.385s] Level 5:colcon.colcon_core.verb:set package 'minimalbeispiel_pkg' build argument 'cmake_clean_cache' from command line to 'False'
[0.385s] Level 5:colcon.colcon_core.verb:set package 'minimalbeispiel_pkg' build argument 'cmake_clean_first' from command line to 'False'
[0.385s] Level 5:colcon.colcon_core.verb:set package 'minimalbeispiel_pkg' build argument 'cmake_force_configure' from command line to 'False'
[0.385s] Level 5:colcon.colcon_core.verb:set package 'minimalbeispiel_pkg' build argument 'ament_cmake_args' from command line to 'None'
[0.385s] Level 5:colcon.colcon_core.verb:set package 'minimalbeispiel_pkg' build argument 'catkin_cmake_args' from command line to 'None'
[0.385s] Level 5:colcon.colcon_core.verb:set package 'minimalbeispiel_pkg' build argument 'catkin_skip_building_tests' from command line to 'False'
[0.386s] DEBUG:colcon.colcon_core.verb:Building package 'minimalbeispiel_pkg' with the following arguments: {'ament_cmake_args': None, 'build_base': '/Minimalbeispiel_Codesys_ROS2/ros2_ws/build/minimalbeispiel_pkg', 'catkin_cmake_args': None, 'catkin_skip_building_tests': False, 'cmake_args': None, 'cmake_clean_cache': False, 'cmake_clean_first': False, 'cmake_force_configure': False, 'cmake_target': None, 'cmake_target_skip_unavailable': False, 'install_base': '/Minimalbeispiel_Codesys_ROS2/ros2_ws/install/minimalbeispiel_pkg', 'merge_install': False, 'path': '/Minimalbeispiel_Codesys_ROS2/ros2_ws/src/minimalbeispiel_pkg', 'symlink_install': False, 'test_result_base': None}
[0.386s] INFO:colcon.colcon_core.executor:Executing jobs using 'parallel' executor
[0.387s] DEBUG:colcon.colcon_parallel_executor.executor.parallel:run_until_complete
[0.387s] INFO:colcon.colcon_ros.task.ament_cmake.build:Building ROS package in '/Minimalbeispiel_Codesys_ROS2/ros2_ws/src/ros_tutorials/turtlesim' with build type 'ament_cmake'
[0.388s] INFO:colcon.colcon_cmake.task.cmake.build:Building CMake package in '/Minimalbeispiel_Codesys_ROS2/ros2_ws/src/ros_tutorials/turtlesim'
[0.391s] INFO:colcon.colcon_core.plugin_system:Skipping extension 'colcon_core.shell.bat': Not used on non-Windows systems
[0.391s] INFO:colcon.colcon_core.shell:Skip shell extension 'powershell' for command environment: Not usable outside of PowerShell
[0.392s] DEBUG:colcon.colcon_core.shell:Skip shell extension 'dsv' for command environment
[0.412s] DEBUG:colcon.colcon_core.event_handler.log_command:Invoking command in '/Minimalbeispiel_Codesys_ROS2/ros2_ws/build/turtlesim': CMAKE_PREFIX_PATH=${CMAKE_PREFIX_PATH}:/Minimalbeispiel_Codesys_ROS2/ros2_ws/install/minimalbeispiel_pkg:/opt/ros/jazzy /usr/bin/cmake --build /Minimalbeispiel_Codesys_ROS2/ros2_ws/build/turtlesim -- -j16 -l16
[1.350s] DEBUG:colcon.colcon_core.event_handler.log_command:Invoked command in '/Minimalbeispiel_Codesys_ROS2/ros2_ws/build/turtlesim' returned '0': CMAKE_PREFIX_PATH=${CMAKE_PREFIX_PATH}:/Minimalbeispiel_Codesys_ROS2/ros2_ws/install/minimalbeispiel_pkg:/opt/ros/jazzy /usr/bin/cmake --build /Minimalbeispiel_Codesys_ROS2/ros2_ws/build/turtlesim -- -j16 -l16
[1.365s] DEBUG:colcon.colcon_core.event_handler.log_command:Invoking command in '/Minimalbeispiel_Codesys_ROS2/ros2_ws/build/turtlesim': CMAKE_PREFIX_PATH=${CMAKE_PREFIX_PATH}:/Minimalbeispiel_Codesys_ROS2/ros2_ws/install/minimalbeispiel_pkg:/opt/ros/jazzy /usr/bin/cmake --install /Minimalbeispiel_Codesys_ROS2/ros2_ws/build/turtlesim
[1.506s] Level 1:colcon.colcon_core.environment:create_environment_scripts_only(turtlesim)
[1.507s] DEBUG:colcon.colcon_core.event_handler.log_command:Invoked command in '/Minimalbeispiel_Codesys_ROS2/ros2_ws/build/turtlesim' returned '0': CMAKE_PREFIX_PATH=${CMAKE_PREFIX_PATH}:/Minimalbeispiel_Codesys_ROS2/ros2_ws/install/minimalbeispiel_pkg:/opt/ros/jazzy /usr/bin/cmake --install /Minimalbeispiel_Codesys_ROS2/ros2_ws/build/turtlesim
[1.510s] Level 1:colcon.colcon_core.environment:checking '/Minimalbeispiel_Codesys_ROS2/ros2_ws/install/turtlesim' for CMake module files
[1.511s] Level 1:colcon.colcon_core.environment:checking '/Minimalbeispiel_Codesys_ROS2/ros2_ws/install/turtlesim' for CMake config files
[1.513s] Level 1:colcon.colcon_core.shell:create_environment_hook('turtlesim', 'cmake_prefix_path')
[1.514s] INFO:colcon.colcon_core.shell:Creating environment hook '/Minimalbeispiel_Codesys_ROS2/ros2_ws/install/turtlesim/share/turtlesim/hook/cmake_prefix_path.ps1'
[1.515s] INFO:colcon.colcon_core.shell:Creating environment descriptor '/Minimalbeispiel_Codesys_ROS2/ros2_ws/install/turtlesim/share/turtlesim/hook/cmake_prefix_path.dsv'
[1.515s] INFO:colcon.colcon_core.shell:Creating environment hook '/Minimalbeispiel_Codesys_ROS2/ros2_ws/install/turtlesim/share/turtlesim/hook/cmake_prefix_path.sh'
[1.517s] Level 1:colcon.colcon_core.environment:checking '/Minimalbeispiel_Codesys_ROS2/ros2_ws/install/turtlesim/lib'
[1.517s] Level 1:colcon.colcon_core.shell:create_environment_hook('turtlesim', 'ld_library_path_lib')
[1.517s] INFO:colcon.colcon_core.shell:Creating environment hook '/Minimalbeispiel_Codesys_ROS2/ros2_ws/install/turtlesim/share/turtlesim/hook/ld_library_path_lib.ps1'
[1.518s] INFO:colcon.colcon_core.shell:Creating environment descriptor '/Minimalbeispiel_Codesys_ROS2/ros2_ws/install/turtlesim/share/turtlesim/hook/ld_library_path_lib.dsv'
[1.518s] INFO:colcon.colcon_core.shell:Creating environment hook '/Minimalbeispiel_Codesys_ROS2/ros2_ws/install/turtlesim/share/turtlesim/hook/ld_library_path_lib.sh'
[1.519s] Level 1:colcon.colcon_core.environment:checking '/Minimalbeispiel_Codesys_ROS2/ros2_ws/install/turtlesim/bin'
[1.519s] Level 1:colcon.colcon_core.environment:checking '/Minimalbeispiel_Codesys_ROS2/ros2_ws/install/turtlesim/lib/pkgconfig/turtlesim.pc'
[1.522s] Level 1:colcon.colcon_core.environment:checking '/Minimalbeispiel_Codesys_ROS2/ros2_ws/install/turtlesim/lib/python3.12/site-packages'
[1.522s] Level 1:colcon.colcon_core.shell:create_environment_hook('turtlesim', 'pythonpath')
[1.522s] INFO:colcon.colcon_core.shell:Creating environment hook '/Minimalbeispiel_Codesys_ROS2/ros2_ws/install/turtlesim/share/turtlesim/hook/pythonpath.ps1'
[1.523s] INFO:colcon.colcon_core.shell:Creating environment descriptor '/Minimalbeispiel_Codesys_ROS2/ros2_ws/install/turtlesim/share/turtlesim/hook/pythonpath.dsv'
[1.524s] INFO:colcon.colcon_core.shell:Creating environment hook '/Minimalbeispiel_Codesys_ROS2/ros2_ws/install/turtlesim/share/turtlesim/hook/pythonpath.sh'
[1.525s] Level 1:colcon.colcon_core.environment:checking '/Minimalbeispiel_Codesys_ROS2/ros2_ws/install/turtlesim/bin'
[1.525s] INFO:colcon.colcon_core.shell:Creating package script '/Minimalbeispiel_Codesys_ROS2/ros2_ws/install/turtlesim/share/turtlesim/package.ps1'
[1.526s] INFO:colcon.colcon_core.shell:Creating package descriptor '/Minimalbeispiel_Codesys_ROS2/ros2_ws/install/turtlesim/share/turtlesim/package.dsv'
[1.527s] INFO:colcon.colcon_core.shell:Creating package script '/Minimalbeispiel_Codesys_ROS2/ros2_ws/install/turtlesim/share/turtlesim/package.sh'
[1.528s] INFO:colcon.colcon_core.shell:Creating package script '/Minimalbeispiel_Codesys_ROS2/ros2_ws/install/turtlesim/share/turtlesim/package.bash'
[1.528s] INFO:colcon.colcon_core.shell:Creating package script '/Minimalbeispiel_Codesys_ROS2/ros2_ws/install/turtlesim/share/turtlesim/package.zsh'
[1.529s] Level 1:colcon.colcon_core.environment:create_file_with_runtime_dependencies(/Minimalbeispiel_Codesys_ROS2/ros2_ws/install/turtlesim/share/colcon-core/packages/turtlesim)
[1.530s] Level 1:colcon.colcon_core.environment:create_environment_scripts_only(turtlesim)
[1.531s] Level 1:colcon.colcon_core.environment:checking '/Minimalbeispiel_Codesys_ROS2/ros2_ws/install/turtlesim' for CMake module files
[1.531s] Level 1:colcon.colcon_core.environment:checking '/Minimalbeispiel_Codesys_ROS2/ros2_ws/install/turtlesim' for CMake config files
[1.533s] Level 1:colcon.colcon_core.shell:create_environment_hook('turtlesim', 'cmake_prefix_path')
[1.533s] INFO:colcon.colcon_core.shell:Creating environment hook '/Minimalbeispiel_Codesys_ROS2/ros2_ws/install/turtlesim/share/turtlesim/hook/cmake_prefix_path.ps1'
[1.533s] INFO:colcon.colcon_core.shell:Creating environment descriptor '/Minimalbeispiel_Codesys_ROS2/ros2_ws/install/turtlesim/share/turtlesim/hook/cmake_prefix_path.dsv'
[1.534s] INFO:colcon.colcon_core.shell:Creating environment hook '/Minimalbeispiel_Codesys_ROS2/ros2_ws/install/turtlesim/share/turtlesim/hook/cmake_prefix_path.sh'
[1.535s] Level 1:colcon.colcon_core.environment:checking '/Minimalbeispiel_Codesys_ROS2/ros2_ws/install/turtlesim/lib'
[1.535s] Level 1:colcon.colcon_core.shell:create_environment_hook('turtlesim', 'ld_library_path_lib')
[1.535s] INFO:colcon.colcon_core.shell:Creating environment hook '/Minimalbeispiel_Codesys_ROS2/ros2_ws/install/turtlesim/share/turtlesim/hook/ld_library_path_lib.ps1'
[1.535s] INFO:colcon.colcon_core.shell:Creating environment descriptor '/Minimalbeispiel_Codesys_ROS2/ros2_ws/install/turtlesim/share/turtlesim/hook/ld_library_path_lib.dsv'
[1.536s] INFO:colcon.colcon_core.shell:Creating environment hook '/Minimalbeispiel_Codesys_ROS2/ros2_ws/install/turtlesim/share/turtlesim/hook/ld_library_path_lib.sh'
[1.537s] Level 1:colcon.colcon_core.environment:checking '/Minimalbeispiel_Codesys_ROS2/ros2_ws/install/turtlesim/bin'
[1.537s] Level 1:colcon.colcon_core.environment:checking '/Minimalbeispiel_Codesys_ROS2/ros2_ws/install/turtlesim/lib/pkgconfig/turtlesim.pc'
[1.537s] Level 1:colcon.colcon_core.environment:checking '/Minimalbeispiel_Codesys_ROS2/ros2_ws/install/turtlesim/lib/python3.12/site-packages'
[1.537s] Level 1:colcon.colcon_core.shell:create_environment_hook('turtlesim', 'pythonpath')
[1.537s] INFO:colcon.colcon_core.shell:Creating environment hook '/Minimalbeispiel_Codesys_ROS2/ros2_ws/install/turtlesim/share/turtlesim/hook/pythonpath.ps1'
[1.538s] INFO:colcon.colcon_core.shell:Creating environment descriptor '/Minimalbeispiel_Codesys_ROS2/ros2_ws/install/turtlesim/share/turtlesim/hook/pythonpath.dsv'
[1.538s] INFO:colcon.colcon_core.shell:Creating environment hook '/Minimalbeispiel_Codesys_ROS2/ros2_ws/install/turtlesim/share/turtlesim/hook/pythonpath.sh'
[1.539s] Level 1:colcon.colcon_core.environment:checking '/Minimalbeispiel_Codesys_ROS2/ros2_ws/install/turtlesim/bin'
[1.539s] INFO:colcon.colcon_core.shell:Creating package script '/Minimalbeispiel_Codesys_ROS2/ros2_ws/install/turtlesim/share/turtlesim/package.ps1'
[1.540s] INFO:colcon.colcon_core.shell:Creating package descriptor '/Minimalbeispiel_Codesys_ROS2/ros2_ws/install/turtlesim/share/turtlesim/package.dsv'
[1.541s] INFO:colcon.colcon_core.shell:Creating package script '/Minimalbeispiel_Codesys_ROS2/ros2_ws/install/turtlesim/share/turtlesim/package.sh'
[1.541s] INFO:colcon.colcon_core.shell:Creating package script '/Minimalbeispiel_Codesys_ROS2/ros2_ws/install/turtlesim/share/turtlesim/package.bash'
[1.542s] INFO:colcon.colcon_core.shell:Creating package script '/Minimalbeispiel_Codesys_ROS2/ros2_ws/install/turtlesim/share/turtlesim/package.zsh'
[1.542s] Level 1:colcon.colcon_core.environment:create_file_with_runtime_dependencies(/Minimalbeispiel_Codesys_ROS2/ros2_ws/install/turtlesim/share/colcon-core/packages/turtlesim)
[1.544s] INFO:colcon.colcon_ros.task.ament_python.build:Building ROS package in '/Minimalbeispiel_Codesys_ROS2/ros2_ws/src/minimalbeispiel_pkg' with build type 'ament_python'
[1.544s] Level 1:colcon.colcon_core.shell:create_environment_hook('minimalbeispiel_pkg', 'ament_prefix_path')
[1.544s] INFO:colcon.colcon_core.shell:Creating environment hook '/Minimalbeispiel_Codesys_ROS2/ros2_ws/install/minimalbeispiel_pkg/share/minimalbeispiel_pkg/hook/ament_prefix_path.ps1'
[1.545s] INFO:colcon.colcon_core.shell:Creating environment descriptor '/Minimalbeispiel_Codesys_ROS2/ros2_ws/install/minimalbeispiel_pkg/share/minimalbeispiel_pkg/hook/ament_prefix_path.dsv'
[1.546s] INFO:colcon.colcon_core.shell:Creating environment hook '/Minimalbeispiel_Codesys_ROS2/ros2_ws/install/minimalbeispiel_pkg/share/minimalbeispiel_pkg/hook/ament_prefix_path.sh'
[1.546s] INFO:colcon.colcon_core.shell:Skip shell extension 'powershell' for command environment: Not usable outside of PowerShell
[1.547s] DEBUG:colcon.colcon_core.shell:Skip shell extension 'dsv' for command environment
[1.885s] INFO:colcon.colcon_core.task.python.build:Building Python package in '/Minimalbeispiel_Codesys_ROS2/ros2_ws/src/minimalbeispiel_pkg'
[1.885s] INFO:colcon.colcon_core.shell:Skip shell extension 'powershell' for command environment: Not usable outside of PowerShell
[1.885s] DEBUG:colcon.colcon_core.shell:Skip shell extension 'dsv' for command environment
[2.862s] DEBUG:colcon.colcon_core.task.python.build:Available setuptools commands: clean, symlink_data, develop, egg_info, bdist_wheel, upload, install, build_ext, check, install_headers, saveopts, alias, install_scripts, install_egg_info, register, build_clib, build_py, easy_install, sdist, build, bdist_dumb, bdist_egg, rotate, install_lib, test, editable_wheel, build_scripts, setopt, bdist_rpm, bdist, upload_docs, install_data, dist_info
[2.866s] DEBUG:colcon.colcon_core.event_handler.log_command:Invoking command in '/Minimalbeispiel_Codesys_ROS2/ros2_ws/src/minimalbeispiel_pkg': PYTHONPATH=/Minimalbeispiel_Codesys_ROS2/ros2_ws/build/minimalbeispiel_pkg/prefix_override:/usr/lib/python3/dist-packages/colcon_core/task/python/colcon_distutils_commands:/Minimalbeispiel_Codesys_ROS2/ros2_ws/install/minimalbeispiel_pkg/lib/python3.12/site-packages:/Minimalbeispiel_Codesys_ROS2/ros2_ws/install/turtlesim/lib/python3.12/site-packages:/Minimalbeispiel_Codesys_ROS2/ros2_ws/install/minimalbeispiel_pkg/lib/python3.12/site-packages:/opt/ros/jazzy/lib/python3.12/site-packages /usr/bin/python3 -W ignore:setup.py install is deprecated -W ignore:easy_install command is deprecated setup.py egg_info --egg-base ../../build/minimalbeispiel_pkg build --build-base /Minimalbeispiel_Codesys_ROS2/ros2_ws/build/minimalbeispiel_pkg/build install --record /Minimalbeispiel_Codesys_ROS2/ros2_ws/build/minimalbeispiel_pkg/install.log --install-scripts $base/lib/minimalbeispiel_pkg --single-version-externally-managed install_data
[3.636s] Level 1:colcon.colcon_core.environment:checking '/Minimalbeispiel_Codesys_ROS2/ros2_ws/install/minimalbeispiel_pkg' for CMake module files
[3.638s] Level 1:colcon.colcon_core.environment:checking '/Minimalbeispiel_Codesys_ROS2/ros2_ws/install/minimalbeispiel_pkg' for CMake config files
[3.638s] DEBUG:colcon.colcon_core.event_handler.log_command:Invoked command in '/Minimalbeispiel_Codesys_ROS2/ros2_ws/src/minimalbeispiel_pkg' returned '0': PYTHONPATH=/Minimalbeispiel_Codesys_ROS2/ros2_ws/build/minimalbeispiel_pkg/prefix_override:/usr/lib/python3/dist-packages/colcon_core/task/python/colcon_distutils_commands:/Minimalbeispiel_Codesys_ROS2/ros2_ws/install/minimalbeispiel_pkg/lib/python3.12/site-packages:/Minimalbeispiel_Codesys_ROS2/ros2_ws/install/turtlesim/lib/python3.12/site-packages:/Minimalbeispiel_Codesys_ROS2/ros2_ws/install/minimalbeispiel_pkg/lib/python3.12/site-packages:/opt/ros/jazzy/lib/python3.12/site-packages /usr/bin/python3 -W ignore:setup.py install is deprecated -W ignore:easy_install command is deprecated setup.py egg_info --egg-base ../../build/minimalbeispiel_pkg build --build-base /Minimalbeispiel_Codesys_ROS2/ros2_ws/build/minimalbeispiel_pkg/build install --record /Minimalbeispiel_Codesys_ROS2/ros2_ws/build/minimalbeispiel_pkg/install.log --install-scripts $base/lib/minimalbeispiel_pkg --single-version-externally-managed install_data
[3.639s] Level 1:colcon.colcon_core.environment:checking '/Minimalbeispiel_Codesys_ROS2/ros2_ws/install/minimalbeispiel_pkg/lib'
[3.639s] Level 1:colcon.colcon_core.environment:checking '/Minimalbeispiel_Codesys_ROS2/ros2_ws/install/minimalbeispiel_pkg/bin'
[3.639s] Level 1:colcon.colcon_core.environment:checking '/Minimalbeispiel_Codesys_ROS2/ros2_ws/install/minimalbeispiel_pkg/lib/pkgconfig/minimalbeispiel_pkg.pc'
[3.640s] Level 1:colcon.colcon_core.environment:checking '/Minimalbeispiel_Codesys_ROS2/ros2_ws/install/minimalbeispiel_pkg/lib/python3.12/site-packages'
[3.640s] Level 1:colcon.colcon_core.shell:create_environment_hook('minimalbeispiel_pkg', 'pythonpath')
[3.640s] INFO:colcon.colcon_core.shell:Creating environment hook '/Minimalbeispiel_Codesys_ROS2/ros2_ws/install/minimalbeispiel_pkg/share/minimalbeispiel_pkg/hook/pythonpath.ps1'
[3.641s] INFO:colcon.colcon_core.shell:Creating environment descriptor '/Minimalbeispiel_Codesys_ROS2/ros2_ws/install/minimalbeispiel_pkg/share/minimalbeispiel_pkg/hook/pythonpath.dsv'
[3.641s] INFO:colcon.colcon_core.shell:Creating environment hook '/Minimalbeispiel_Codesys_ROS2/ros2_ws/install/minimalbeispiel_pkg/share/minimalbeispiel_pkg/hook/pythonpath.sh'
[3.642s] Level 1:colcon.colcon_core.environment:checking '/Minimalbeispiel_Codesys_ROS2/ros2_ws/install/minimalbeispiel_pkg/bin'
[3.642s] Level 1:colcon.colcon_core.environment:create_environment_scripts_only(minimalbeispiel_pkg)
[3.643s] INFO:colcon.colcon_core.shell:Creating package script '/Minimalbeispiel_Codesys_ROS2/ros2_ws/install/minimalbeispiel_pkg/share/minimalbeispiel_pkg/package.ps1'
[3.643s] INFO:colcon.colcon_core.shell:Creating package descriptor '/Minimalbeispiel_Codesys_ROS2/ros2_ws/install/minimalbeispiel_pkg/share/minimalbeispiel_pkg/package.dsv'
[3.644s] INFO:colcon.colcon_core.shell:Creating package script '/Minimalbeispiel_Codesys_ROS2/ros2_ws/install/minimalbeispiel_pkg/share/minimalbeispiel_pkg/package.sh'
[3.645s] INFO:colcon.colcon_core.shell:Creating package script '/Minimalbeispiel_Codesys_ROS2/ros2_ws/install/minimalbeispiel_pkg/share/minimalbeispiel_pkg/package.bash'
[3.646s] INFO:colcon.colcon_core.shell:Creating package script '/Minimalbeispiel_Codesys_ROS2/ros2_ws/install/minimalbeispiel_pkg/share/minimalbeispiel_pkg/package.zsh'
[3.646s] Level 1:colcon.colcon_core.environment:create_file_with_runtime_dependencies(/Minimalbeispiel_Codesys_ROS2/ros2_ws/install/minimalbeispiel_pkg/share/colcon-core/packages/minimalbeispiel_pkg)
[3.647s] DEBUG:colcon.colcon_parallel_executor.executor.parallel:closing loop
[3.648s] DEBUG:colcon.colcon_parallel_executor.executor.parallel:loop closed
[3.648s] DEBUG:colcon.colcon_parallel_executor.executor.parallel:run_until_complete finished with '0'
[3.648s] DEBUG:colcon.colcon_core.event_reactor:joining thread
[3.662s] INFO:colcon.colcon_core.plugin_system:Skipping extension 'colcon_notification.desktop_notification.notify_send': Could not find 'notify-send'
[3.662s] INFO:colcon.colcon_core.plugin_system:Skipping extension 'colcon_notification.desktop_notification.terminal_notifier': Not used on non-Darwin systems
[3.662s] INFO:colcon.colcon_core.plugin_system:Skipping extension 'colcon_notification.desktop_notification.win32': Not used on non-Windows systems
[3.662s] INFO:colcon.colcon_notification.desktop_notification:Sending desktop notification using 'notify2'
[3.667s] DEBUG:colcon.colcon_notification.desktop_notification.notify2:Failed to initialize notify2: org.freedesktop.DBus.Error.Spawn.ExecFailed: /usr/bin/dbus-launch terminated abnormally without any error message
[3.668s] DEBUG:colcon.colcon_core.event_reactor:joined thread
[3.669s] INFO:colcon.colcon_core.shell:Creating prefix script '/Minimalbeispiel_Codesys_ROS2/ros2_ws/install/local_setup.ps1'
[3.670s] INFO:colcon.colcon_core.shell:Creating prefix util module '/Minimalbeispiel_Codesys_ROS2/ros2_ws/install/_local_setup_util_ps1.py'
[3.672s] INFO:colcon.colcon_core.shell:Creating prefix chain script '/Minimalbeispiel_Codesys_ROS2/ros2_ws/install/setup.ps1'
[3.674s] INFO:colcon.colcon_core.shell:Creating prefix script '/Minimalbeispiel_Codesys_ROS2/ros2_ws/install/local_setup.sh'
[3.676s] INFO:colcon.colcon_core.shell:Creating prefix util module '/Minimalbeispiel_Codesys_ROS2/ros2_ws/install/_local_setup_util_sh.py'
[3.678s] INFO:colcon.colcon_core.shell:Creating prefix chain script '/Minimalbeispiel_Codesys_ROS2/ros2_ws/install/setup.sh'
[3.681s] INFO:colcon.colcon_core.shell:Creating prefix script '/Minimalbeispiel_Codesys_ROS2/ros2_ws/install/local_setup.bash'
[3.682s] INFO:colcon.colcon_core.shell:Creating prefix chain script '/Minimalbeispiel_Codesys_ROS2/ros2_ws/install/setup.bash'
[3.683s] INFO:colcon.colcon_core.shell:Creating prefix script '/Minimalbeispiel_Codesys_ROS2/ros2_ws/install/local_setup.zsh'
[3.684s] INFO:colcon.colcon_core.shell:Creating prefix chain script '/Minimalbeispiel_Codesys_ROS2/ros2_ws/install/setup.zsh'
