[1.321s] Invoking command in '/Minimalbeispiel_Codesys_ROS2/ros2_ws/src/minimalbeispiel_pkg': PYTHONPATH=/Minimalbeispiel_Codesys_ROS2/ros2_ws/build/minimalbeispiel_pkg/prefix_override:/usr/lib/python3/dist-packages/colcon_core/task/python/colcon_distutils_commands:/Minimalbeispiel_Codesys_ROS2/ros2_ws/install/minimalbeispiel_pkg/lib/python3.12/site-packages:/Minimalbeispiel_Codesys_ROS2/ros2_ws/install/turtlesim/lib/python3.12/site-packages:/Minimalbeispiel_Codesys_ROS2/ros2_ws/install/minimalbeispiel_pkg/lib/python3.12/site-packages:/opt/ros/jazzy/lib/python3.12/site-packages /usr/bin/python3 -W ignore:setup.py install is deprecated -W ignore:easy_install command is deprecated setup.py egg_info --egg-base ../../build/minimalbeispiel_pkg build --build-base /Minimalbeispiel_Codesys_ROS2/ros2_ws/build/minimalbeispiel_pkg/build install --record /Minimalbeispiel_Codesys_ROS2/ros2_ws/build/minimalbeispiel_pkg/install.log --install-scripts $base/lib/minimalbeispiel_pkg --single-version-externally-managed install_data
[1.699s] running egg_info
[1.725s] writing ../../build/minimalbeispiel_pkg/minimalbeispiel_pkg.egg-info/PKG-INFO
[1.725s] writing dependency_links to ../../build/minimalbeispiel_pkg/minimalbeispiel_pkg.egg-info/dependency_links.txt
[1.726s] writing entry points to ../../build/minimalbeispiel_pkg/minimalbeispiel_pkg.egg-info/entry_points.txt
[1.726s] writing requirements to ../../build/minimalbeispiel_pkg/minimalbeispiel_pkg.egg-info/requires.txt
[1.727s] writing top-level names to ../../build/minimalbeispiel_pkg/minimalbeispiel_pkg.egg-info/top_level.txt
[1.786s] reading manifest file '../../build/minimalbeispiel_pkg/minimalbeispiel_pkg.egg-info/SOURCES.txt'
[1.787s] adding license file 'LICENSE'
[1.788s] writing manifest file '../../build/minimalbeispiel_pkg/minimalbeispiel_pkg.egg-info/SOURCES.txt'
[1.788s] running build
[1.789s] running build_py
[1.789s] copying minimalbeispiel_pkg/subscriber.py -> /Minimalbeispiel_Codesys_ROS2/ros2_ws/build/minimalbeispiel_pkg/build/lib/minimalbeispiel_pkg
[1.789s] running install
[1.797s] running install_lib
[1.823s] copying /Minimalbeispiel_Codesys_ROS2/ros2_ws/build/minimalbeispiel_pkg/build/lib/minimalbeispiel_pkg/subscriber.py -> /Minimalbeispiel_Codesys_ROS2/ros2_ws/install/minimalbeispiel_pkg/lib/python3.12/site-packages/minimalbeispiel_pkg
[1.824s] byte-compiling /Minimalbeispiel_Codesys_ROS2/ros2_ws/install/minimalbeispiel_pkg/lib/python3.12/site-packages/minimalbeispiel_pkg/subscriber.py to subscriber.cpython-312.pyc
[1.826s] running install_data
[1.826s] running install_egg_info
[1.852s] removing '/Minimalbeispiel_Codesys_ROS2/ros2_ws/install/minimalbeispiel_pkg/lib/python3.12/site-packages/minimalbeispiel_pkg-0.0.0-py3.12.egg-info' (and everything under it)
[1.853s] Copying ../../build/minimalbeispiel_pkg/minimalbeispiel_pkg.egg-info to /Minimalbeispiel_Codesys_ROS2/ros2_ws/install/minimalbeispiel_pkg/lib/python3.12/site-packages/minimalbeispiel_pkg-0.0.0-py3.12.egg-info
[1.856s] running install_scripts
[2.040s] Installing sub_pose script to /Minimalbeispiel_Codesys_ROS2/ros2_ws/install/minimalbeispiel_pkg/lib/minimalbeispiel_pkg
[2.041s] writing list of installed files to '/Minimalbeispiel_Codesys_ROS2/ros2_ws/build/minimalbeispiel_pkg/install.log'
[2.092s] Invoked command in '/Minimalbeispiel_Codesys_ROS2/ros2_ws/src/minimalbeispiel_pkg' returned '0': PYTHONPATH=/Minimalbeispiel_Codesys_ROS2/ros2_ws/build/minimalbeispiel_pkg/prefix_override:/usr/lib/python3/dist-packages/colcon_core/task/python/colcon_distutils_commands:/Minimalbeispiel_Codesys_ROS2/ros2_ws/install/minimalbeispiel_pkg/lib/python3.12/site-packages:/Minimalbeispiel_Codesys_ROS2/ros2_ws/install/turtlesim/lib/python3.12/site-packages:/Minimalbeispiel_Codesys_ROS2/ros2_ws/install/minimalbeispiel_pkg/lib/python3.12/site-packages:/opt/ros/jazzy/lib/python3.12/site-packages /usr/bin/python3 -W ignore:setup.py install is deprecated -W ignore:easy_install command is deprecated setup.py egg_info --egg-base ../../build/minimalbeispiel_pkg build --build-base /Minimalbeispiel_Codesys_ROS2/ros2_ws/build/minimalbeispiel_pkg/build install --record /Minimalbeispiel_Codesys_ROS2/ros2_ws/build/minimalbeispiel_pkg/install.log --install-scripts $base/lib/minimalbeispiel_pkg --single-version-externally-managed install_data
