[0.023s] Invoking command in '/Minimalbeispiel_Codesys_ROS2/ros2_ws/build/turtlesim': CMAKE_PREFIX_PATH=${CMAKE_PREFIX_PATH}:/Minimalbeispiel_Codesys_ROS2/ros2_ws/install/minimalbeispiel_pkg:/opt/ros/jazzy /usr/bin/cmake /Minimalbeispiel_Codesys_ROS2/ros2_ws/src/ros_tutorials/turtlesim -DCMAKE_INSTALL_PREFIX=/Minimalbeispiel_Codesys_ROS2/ros2_ws/install/turtlesim
[0.383s] -- The C compiler identification is GNU 13.3.0
[0.631s] -- The CXX compiler identification is GNU 13.3.0
[0.664s] -- Detecting C compiler ABI info
[0.809s] -- Detecting C compiler ABI info - done
[0.820s] -- Check for working C compiler: /usr/bin/cc - skipped
[0.820s] -- Detecting C compile features
[0.821s] -- Detecting C compile features - done
[0.837s] -- Detecting CXX compiler ABI info
[0.984s] -- Detecting CXX compiler ABI info - done
[0.994s] -- Check for working CXX compiler: /usr/bin/c++ - skipped
[0.994s] -- Detecting CXX compile features
[0.995s] -- Detecting CXX compile features - done
[1.005s] -- Found ament_cmake: 2.5.6 (/opt/ros/jazzy/share/ament_cmake/cmake)
[1.195s] -- Found Python3: /usr/bin/python3 (found version "3.12.3") found components: Interpreter 
[1.339s] -- Found ament_index_cpp: 1.8.4 (/opt/ros/jazzy/share/ament_index_cpp/cmake)
[1.344s] -- Found geometry_msgs: 5.3.8 (/opt/ros/jazzy/share/geometry_msgs/cmake)
[1.414s] -- Found rosidl_generator_c: 4.6.9 (/opt/ros/jazzy/share/rosidl_generator_c/cmake)
[1.436s] -- Found rosidl_generator_cpp: 4.6.9 (/opt/ros/jazzy/share/rosidl_generator_cpp/cmake)
[1.462s] -- Using all available rosidl_typesupport_c: rosidl_typesupport_fastrtps_c;rosidl_typesupport_introspection_c
[1.488s] -- Using all available rosidl_typesupport_cpp: rosidl_typesupport_fastrtps_cpp;rosidl_typesupport_introspection_cpp
[1.581s] -- Found rcl_interfaces: 2.0.4 (/opt/ros/jazzy/share/rcl_interfaces/cmake)
[1.636s] -- Found rclcpp: 28.1.21 (/opt/ros/jazzy/share/rclcpp/cmake)
[1.675s] -- Found rmw_implementation_cmake: 7.3.3 (/opt/ros/jazzy/share/rmw_implementation_cmake/cmake)
[1.679s] -- Found rmw_fastrtps_cpp: 8.4.4 (/opt/ros/jazzy/share/rmw_fastrtps_cpp/cmake)
[1.815s] -- Found OpenSSL: /usr/lib/x86_64-linux-gnu/libcrypto.so (found version "3.0.13")  
[1.842s] -- Found FastRTPS: /opt/ros/jazzy/include (Required is at least version "2.13") 
[1.873s] -- Using RMW implementation 'rmw_fastrtps_cpp' as default
[1.972s] -- Found rclcpp_action: 28.1.21 (/opt/ros/jazzy/share/rclcpp_action/cmake)
[2.034s] -- Found rosidl_default_generators: 1.6.1 (/opt/ros/jazzy/share/rosidl_default_generators/cmake)
[2.061s] -- Found rosidl_adapter: 4.6.9 (/opt/ros/jazzy/share/rosidl_adapter/cmake)
[2.066s] -- Found std_srvs: 5.3.8 (/opt/ros/jazzy/share/std_srvs/cmake)
[2.884s] -- Found ament_cmake_ros: 0.12.1 (/opt/ros/jazzy/share/ament_cmake_ros/cmake)
[3.833s] -- Using all available rosidl_typesupport_c: rosidl_typesupport_fastrtps_c;rosidl_typesupport_introspection_c
[4.221s] -- Using all available rosidl_typesupport_cpp: rosidl_typesupport_fastrtps_cpp;rosidl_typesupport_introspection_cpp
[4.227s] -- Found python_cmake_module: 0.11.1 (/opt/ros/jazzy/share/python_cmake_module/cmake)
[4.405s] -- Found PythonExtra: /usr/bin/python3  
[4.986s] -- Found Python3: /usr/bin/python3 (found version "3.12.3") found components: Interpreter Development NumPy Development.Module Development.Embed 
[5.085s] -- Found Python3: /usr/bin/python3 (found version "3.12.3") found components: Interpreter 
[5.092s] -- Found ament_lint_auto: 0.17.5 (/opt/ros/jazzy/share/ament_lint_auto/cmake)
[5.138s] -- Added test 'copyright' to check source files copyright and LICENSE
[5.144s] -- Added test 'cppcheck' to perform static code analysis on C / C++ code
[5.146s] -- Configured cppcheck include dirs: /Minimalbeispiel_Codesys_ROS2/ros2_ws/src/ros_tutorials/turtlesim/include
[5.146s] -- Configured cppcheck exclude dirs and/or files: 
[5.152s] -- Added test 'cpplint' to check C / C++ code against the Google style
[5.152s] -- Configured cpplint exclude dirs and/or files: 
[5.155s] -- Added test 'flake8' to check Python code syntax and style conventions
[5.155s] -- Configured 'flake8' exclude dirs and/or files: 
[5.157s] -- Added test 'lint_cmake' to check CMake code style
[5.159s] -- Added test 'pep257' to check Python code against some of the docstring style conventions in PEP 257
[5.164s] -- Added test 'uncrustify' to check C / C++ code style
[5.164s] -- Configured uncrustify additional arguments: 
[5.166s] -- Added test 'xmllint' to check XML markup files
[5.172s] -- Configuring done (5.1s)
[5.377s] -- Generating done (0.2s)
[5.412s] -- Build files have been written to: /Minimalbeispiel_Codesys_ROS2/ros2_ws/build/turtlesim
[5.436s] Invoked command in '/Minimalbeispiel_Codesys_ROS2/ros2_ws/build/turtlesim' returned '0': CMAKE_PREFIX_PATH=${CMAKE_PREFIX_PATH}:/Minimalbeispiel_Codesys_ROS2/ros2_ws/install/minimalbeispiel_pkg:/opt/ros/jazzy /usr/bin/cmake /Minimalbeispiel_Codesys_ROS2/ros2_ws/src/ros_tutorials/turtlesim -DCMAKE_INSTALL_PREFIX=/Minimalbeispiel_Codesys_ROS2/ros2_ws/install/turtlesim
[5.439s] Invoking command in '/Minimalbeispiel_Codesys_ROS2/ros2_ws/build/turtlesim': CMAKE_PREFIX_PATH=${CMAKE_PREFIX_PATH}:/Minimalbeispiel_Codesys_ROS2/ros2_ws/install/minimalbeispiel_pkg:/opt/ros/jazzy /usr/bin/cmake --build /Minimalbeispiel_Codesys_ROS2/ros2_ws/build/turtlesim -- -j16 -l16
[5.525s] [  2%] [34m[1mGenerating Rust code for ROS interfaces[0m
[5.525s] [  2%] [34m[1mGenerating type hashes for ROS interfaces[0m
[5.541s] [  2%] Built target ament_cmake_python_copy_turtlesim
[5.874s] running egg_info
[5.876s] creating turtlesim.egg-info
[5.903s] writing turtlesim.egg-info/PKG-INFO
[5.903s] writing dependency_links to turtlesim.egg-info/dependency_links.txt
[5.904s] writing top-level names to turtlesim.egg-info/top_level.txt
[5.904s] writing manifest file 'turtlesim.egg-info/SOURCES.txt'
[6.030s] reading manifest file 'turtlesim.egg-info/SOURCES.txt'
[6.031s] writing manifest file 'turtlesim.egg-info/SOURCES.txt'
[6.040s] [  2%] Built target turtlesim__rosidl_generator_type_description
[6.061s] [  3%] [34m[1mGenerating C code for ROS interfaces[0m
[6.082s] [  3%] [34m[1mGenerating C++ code for ROS interfaces[0m
[6.088s] [  3%] Built target ament_cmake_python_build_turtlesim_egg
[6.142s] [  3%] Built target turtlesim__rs
[7.385s] [  3%] Built target turtlesim__cpp
[7.716s] [  5%] [32mBuilding C object CMakeFiles/turtlesim__rosidl_generator_c.dir/rosidl_generator_c/turtlesim/action/detail/rotate_absolute__functions.c.o[0m
[7.717s] [  5%] [32mBuilding C object CMakeFiles/turtlesim__rosidl_generator_c.dir/rosidl_generator_c/turtlesim/action/detail/rotate_absolute__description.c.o[0m
[7.718s] [  6%] [32mBuilding C object CMakeFiles/turtlesim__rosidl_generator_c.dir/rosidl_generator_c/turtlesim/msg/detail/color__type_support.c.o[0m
[7.718s] [  6%] [32mBuilding C object CMakeFiles/turtlesim__rosidl_generator_c.dir/rosidl_generator_c/turtlesim/msg/detail/color__functions.c.o[0m
[7.718s] [  8%] [32mBuilding C object CMakeFiles/turtlesim__rosidl_generator_c.dir/rosidl_generator_c/turtlesim/action/detail/rotate_absolute__type_support.c.o[0m
[7.718s] [  8%] [32mBuilding C object CMakeFiles/turtlesim__rosidl_generator_c.dir/rosidl_generator_c/turtlesim/msg/detail/pose__functions.c.o[0m
[7.722s] [  9%] [32mBuilding C object CMakeFiles/turtlesim__rosidl_generator_c.dir/rosidl_generator_c/turtlesim/msg/detail/pose__type_support.c.o[0m
[7.723s] [ 10%] [32mBuilding C object CMakeFiles/turtlesim__rosidl_generator_c.dir/rosidl_generator_c/turtlesim/msg/detail/pose__description.c.o[0m
[7.723s] [ 11%] [32mBuilding C object CMakeFiles/turtlesim__rosidl_generator_c.dir/rosidl_generator_c/turtlesim/msg/detail/color__description.c.o[0m
[7.723s] [ 12%] [32mBuilding C object CMakeFiles/turtlesim__rosidl_generator_c.dir/rosidl_generator_c/turtlesim/srv/detail/kill__description.c.o[0m
[7.724s] [ 13%] [32mBuilding C object CMakeFiles/turtlesim__rosidl_generator_c.dir/rosidl_generator_c/turtlesim/srv/detail/set_pen__description.c.o[0m
[7.724s] [ 14%] [32mBuilding C object CMakeFiles/turtlesim__rosidl_generator_c.dir/rosidl_generator_c/turtlesim/srv/detail/kill__functions.c.o[0m
[7.724s] [ 14%] [32mBuilding C object CMakeFiles/turtlesim__rosidl_generator_c.dir/rosidl_generator_c/turtlesim/srv/detail/kill__type_support.c.o[0m
[7.726s] [ 16%] [32mBuilding C object CMakeFiles/turtlesim__rosidl_generator_c.dir/rosidl_generator_c/turtlesim/srv/detail/set_pen__type_support.c.o[0m
[7.727s] [ 16%] [32mBuilding C object CMakeFiles/turtlesim__rosidl_generator_c.dir/rosidl_generator_c/turtlesim/srv/detail/set_pen__functions.c.o[0m
[7.730s] [ 17%] [32mBuilding C object CMakeFiles/turtlesim__rosidl_generator_c.dir/rosidl_generator_c/turtlesim/srv/detail/spawn__description.c.o[0m
[7.848s] [ 18%] [32mBuilding C object CMakeFiles/turtlesim__rosidl_generator_c.dir/rosidl_generator_c/turtlesim/srv/detail/spawn__functions.c.o[0m
[7.893s] [ 20%] [32mBuilding C object CMakeFiles/turtlesim__rosidl_generator_c.dir/rosidl_generator_c/turtlesim/srv/detail/spawn__type_support.c.o[0m
[7.894s] [ 20%] [32mBuilding C object CMakeFiles/turtlesim__rosidl_generator_c.dir/rosidl_generator_c/turtlesim/srv/detail/teleport_absolute__functions.c.o[0m
[7.900s] [ 20%] [32mBuilding C object CMakeFiles/turtlesim__rosidl_generator_c.dir/rosidl_generator_c/turtlesim/srv/detail/teleport_absolute__description.c.o[0m
[7.909s] [ 21%] [32mBuilding C object CMakeFiles/turtlesim__rosidl_generator_c.dir/rosidl_generator_c/turtlesim/srv/detail/teleport_absolute__type_support.c.o[0m
[7.909s] [ 22%] [32mBuilding C object CMakeFiles/turtlesim__rosidl_generator_c.dir/rosidl_generator_c/turtlesim/srv/detail/teleport_relative__description.c.o[0m
[7.921s] [ 24%] [32mBuilding C object CMakeFiles/turtlesim__rosidl_generator_c.dir/rosidl_generator_c/turtlesim/srv/detail/teleport_relative__functions.c.o[0m
[7.921s] [ 24%] [32mBuilding C object CMakeFiles/turtlesim__rosidl_generator_c.dir/rosidl_generator_c/turtlesim/srv/detail/teleport_relative__type_support.c.o[0m
[8.093s] [ 25%] [32m[1mLinking C shared library libturtlesim__rosidl_generator_c.so[0m
[8.164s] [ 25%] Built target turtlesim__rosidl_generator_c
[8.182s] [ 29%] [34m[1mGenerating C introspection for ROS interfaces[0m
[8.182s] [ 29%] [34m[1mGenerating C type support dispatch for ROS interfaces[0m
[8.182s] [ 29%] [34m[1mGenerating C++ introspection for ROS interfaces[0m
[8.182s] [ 29%] [34m[1mGenerating C type support for eProsima Fast-RTPS[0m
[8.182s] [ 30%] [34m[1mGenerating C++ type support for eProsima Fast-RTPS[0m
[8.185s] [ 31%] [34m[1mGenerating C++ type support dispatch for ROS interfaces[0m
[9.110s] [ 32%] [32mBuilding CXX object CMakeFiles/turtlesim__rosidl_typesupport_c.dir/rosidl_typesupport_c/turtlesim/action/rotate_absolute__type_support.cpp.o[0m
[9.111s] [ 33%] [32mBuilding CXX object CMakeFiles/turtlesim__rosidl_typesupport_c.dir/rosidl_typesupport_c/turtlesim/msg/pose__type_support.cpp.o[0m
[9.111s] [ 35%] [32mBuilding CXX object CMakeFiles/turtlesim__rosidl_typesupport_c.dir/rosidl_typesupport_c/turtlesim/srv/spawn__type_support.cpp.o[0m
[9.111s] [ 35%] [32mBuilding CXX object CMakeFiles/turtlesim__rosidl_typesupport_c.dir/rosidl_typesupport_c/turtlesim/msg/color__type_support.cpp.o[0m
[9.111s] [ 36%] [32mBuilding CXX object CMakeFiles/turtlesim__rosidl_typesupport_c.dir/rosidl_typesupport_c/turtlesim/srv/kill__type_support.cpp.o[0m
[9.111s] [ 36%] [32mBuilding CXX object CMakeFiles/turtlesim__rosidl_typesupport_c.dir/rosidl_typesupport_c/turtlesim/srv/set_pen__type_support.cpp.o[0m
[9.113s] [ 38%] [32mBuilding CXX object CMakeFiles/turtlesim__rosidl_typesupport_c.dir/rosidl_typesupport_c/turtlesim/srv/teleport_relative__type_support.cpp.o[0m
[9.114s] [ 38%] [32mBuilding CXX object CMakeFiles/turtlesim__rosidl_typesupport_c.dir/rosidl_typesupport_c/turtlesim/srv/teleport_absolute__type_support.cpp.o[0m
[9.259s] [ 39%] [32mBuilding CXX object CMakeFiles/turtlesim__rosidl_typesupport_cpp.dir/rosidl_typesupport_cpp/turtlesim/action/rotate_absolute__type_support.cpp.o[0m
[9.259s] [ 39%] [32mBuilding CXX object CMakeFiles/turtlesim__rosidl_typesupport_cpp.dir/rosidl_typesupport_cpp/turtlesim/msg/pose__type_support.cpp.o[0m
[9.261s] [ 40%] [32mBuilding CXX object CMakeFiles/turtlesim__rosidl_typesupport_cpp.dir/rosidl_typesupport_cpp/turtlesim/srv/kill__type_support.cpp.o[0m
[9.264s] [ 41%] [32mBuilding CXX object CMakeFiles/turtlesim__rosidl_typesupport_cpp.dir/rosidl_typesupport_cpp/turtlesim/msg/color__type_support.cpp.o[0m
[9.296s] [ 43%] [32mBuilding CXX object CMakeFiles/turtlesim__rosidl_typesupport_cpp.dir/rosidl_typesupport_cpp/turtlesim/srv/spawn__type_support.cpp.o[0m
[9.297s] [ 43%] [32mBuilding CXX object CMakeFiles/turtlesim__rosidl_typesupport_cpp.dir/rosidl_typesupport_cpp/turtlesim/srv/set_pen__type_support.cpp.o[0m
[9.298s] [ 43%] [32mBuilding CXX object CMakeFiles/turtlesim__rosidl_typesupport_cpp.dir/rosidl_typesupport_cpp/turtlesim/srv/teleport_absolute__type_support.cpp.o[0m
[9.299s] [ 44%] [32mBuilding CXX object CMakeFiles/turtlesim__rosidl_typesupport_cpp.dir/rosidl_typesupport_cpp/turtlesim/srv/teleport_relative__type_support.cpp.o[0m
[9.338s] [ 45%] [32m[1mLinking CXX shared library libturtlesim__rosidl_typesupport_c.so[0m
[9.483s] [ 45%] Built target turtlesim__rosidl_typesupport_c
[9.628s] [ 48%] [32mBuilding CXX object CMakeFiles/turtlesim__rosidl_typesupport_introspection_cpp.dir/rosidl_typesupport_introspection_cpp/turtlesim/msg/detail/pose__type_support.cpp.o[0m
[9.628s] [ 48%] [32mBuilding CXX object CMakeFiles/turtlesim__rosidl_typesupport_introspection_cpp.dir/rosidl_typesupport_introspection_cpp/turtlesim/action/detail/rotate_absolute__type_support.cpp.o[0m
[9.629s] [ 48%] [32mBuilding CXX object CMakeFiles/turtlesim__rosidl_typesupport_introspection_cpp.dir/rosidl_typesupport_introspection_cpp/turtlesim/srv/detail/kill__type_support.cpp.o[0m
[9.629s] [ 48%] [32mBuilding CXX object CMakeFiles/turtlesim__rosidl_typesupport_introspection_cpp.dir/rosidl_typesupport_introspection_cpp/turtlesim/msg/detail/color__type_support.cpp.o[0m
[9.641s] [ 49%] [32mBuilding CXX object CMakeFiles/turtlesim__rosidl_typesupport_introspection_cpp.dir/rosidl_typesupport_introspection_cpp/turtlesim/srv/detail/set_pen__type_support.cpp.o[0m
[10.249s] [ 50%] [32mBuilding C object CMakeFiles/turtlesim__rosidl_typesupport_introspection_c.dir/rosidl_typesupport_introspection_c/turtlesim/action/detail/rotate_absolute__type_support.c.o[0m
[10.526s] [ 51%] [32mBuilding C object CMakeFiles/turtlesim__rosidl_typesupport_introspection_c.dir/rosidl_typesupport_introspection_c/turtlesim/msg/detail/color__type_support.c.o[0m
[10.527s] [ 52%] [32mBuilding CXX object CMakeFiles/turtlesim__rosidl_typesupport_introspection_cpp.dir/rosidl_typesupport_introspection_cpp/turtlesim/srv/detail/spawn__type_support.cpp.o[0m
[10.557s] [ 53%] [32mBuilding CXX object CMakeFiles/turtlesim__rosidl_typesupport_introspection_cpp.dir/rosidl_typesupport_introspection_cpp/turtlesim/srv/detail/teleport_absolute__type_support.cpp.o[0m
[10.674s] [ 54%] [32mBuilding C object CMakeFiles/turtlesim__rosidl_typesupport_introspection_c.dir/rosidl_typesupport_introspection_c/turtlesim/msg/detail/pose__type_support.c.o[0m
[10.851s] [ 55%] [32mBuilding C object CMakeFiles/turtlesim__rosidl_typesupport_introspection_c.dir/rosidl_typesupport_introspection_c/turtlesim/srv/detail/kill__type_support.c.o[0m
[10.931s] [ 56%] [32mBuilding CXX object CMakeFiles/turtlesim__rosidl_typesupport_introspection_cpp.dir/rosidl_typesupport_introspection_cpp/turtlesim/srv/detail/teleport_relative__type_support.cpp.o[0m
[11.035s] [ 56%] [32mBuilding C object CMakeFiles/turtlesim__rosidl_typesupport_introspection_c.dir/rosidl_typesupport_introspection_c/turtlesim/srv/detail/set_pen__type_support.c.o[0m
[11.074s] [ 57%] [32mBuilding C object CMakeFiles/turtlesim__rosidl_typesupport_introspection_c.dir/rosidl_typesupport_introspection_c/turtlesim/srv/detail/spawn__type_support.c.o[0m
[11.088s] [ 58%] [32mBuilding C object CMakeFiles/turtlesim__rosidl_typesupport_introspection_c.dir/rosidl_typesupport_introspection_c/turtlesim/srv/detail/teleport_absolute__type_support.c.o[0m
[11.109s] [ 59%] [32mBuilding C object CMakeFiles/turtlesim__rosidl_typesupport_introspection_c.dir/rosidl_typesupport_introspection_c/turtlesim/srv/detail/teleport_relative__type_support.c.o[0m
[11.236s] [ 60%] [32mBuilding CXX object CMakeFiles/turtlesim__rosidl_typesupport_fastrtps_cpp.dir/rosidl_typesupport_fastrtps_cpp/turtlesim/msg/detail/dds_fastrtps/color__type_support.cpp.o[0m
[11.239s] [ 60%] [32mBuilding CXX object CMakeFiles/turtlesim__rosidl_typesupport_fastrtps_cpp.dir/rosidl_typesupport_fastrtps_cpp/turtlesim/action/detail/dds_fastrtps/rotate_absolute__type_support.cpp.o[0m
[11.244s] [ 61%] [32mBuilding CXX object CMakeFiles/turtlesim__rosidl_typesupport_fastrtps_cpp.dir/rosidl_typesupport_fastrtps_cpp/turtlesim/msg/detail/dds_fastrtps/pose__type_support.cpp.o[0m
[11.279s] [ 62%] [32mBuilding CXX object CMakeFiles/turtlesim__rosidl_typesupport_fastrtps_cpp.dir/rosidl_typesupport_fastrtps_cpp/turtlesim/srv/detail/dds_fastrtps/kill__type_support.cpp.o[0m
[11.297s] [ 63%] [32m[1mLinking C shared library libturtlesim__rosidl_typesupport_introspection_c.so[0m
[11.315s] [ 65%] [32mBuilding CXX object CMakeFiles/turtlesim__rosidl_typesupport_fastrtps_cpp.dir/rosidl_typesupport_fastrtps_cpp/turtlesim/srv/detail/dds_fastrtps/set_pen__type_support.cpp.o[0m
[11.320s] [ 65%] [32mBuilding CXX object CMakeFiles/turtlesim__rosidl_typesupport_fastrtps_cpp.dir/rosidl_typesupport_fastrtps_cpp/turtlesim/srv/detail/dds_fastrtps/spawn__type_support.cpp.o[0m
[11.345s] [ 66%] [32mBuilding CXX object CMakeFiles/turtlesim__rosidl_typesupport_fastrtps_cpp.dir/rosidl_typesupport_fastrtps_cpp/turtlesim/srv/detail/dds_fastrtps/teleport_absolute__type_support.cpp.o[0m
[11.398s] [ 67%] [32mBuilding CXX object CMakeFiles/turtlesim__rosidl_typesupport_fastrtps_c.dir/rosidl_typesupport_fastrtps_c/turtlesim/action/detail/rotate_absolute__type_support_c.cpp.o[0m
[11.449s] [ 67%] [32mBuilding CXX object CMakeFiles/turtlesim__rosidl_typesupport_fastrtps_cpp.dir/rosidl_typesupport_fastrtps_cpp/turtlesim/srv/detail/dds_fastrtps/teleport_relative__type_support.cpp.o[0m
[11.464s] [ 67%] Built target turtlesim__rosidl_typesupport_introspection_c
[11.500s] [ 68%] [32mBuilding CXX object CMakeFiles/turtlesim__rosidl_typesupport_fastrtps_c.dir/rosidl_typesupport_fastrtps_c/turtlesim/msg/detail/color__type_support_c.cpp.o[0m
[11.501s] [ 69%] [32mBuilding CXX object CMakeFiles/turtlesim__rosidl_typesupport_fastrtps_c.dir/rosidl_typesupport_fastrtps_c/turtlesim/msg/detail/pose__type_support_c.cpp.o[0m
[12.230s] [ 69%] [32mBuilding CXX object CMakeFiles/turtlesim__rosidl_typesupport_fastrtps_c.dir/rosidl_typesupport_fastrtps_c/turtlesim/srv/detail/kill__type_support_c.cpp.o[0m
[12.443s] [ 70%] [32mBuilding CXX object CMakeFiles/turtlesim__rosidl_typesupport_fastrtps_c.dir/rosidl_typesupport_fastrtps_c/turtlesim/srv/detail/set_pen__type_support_c.cpp.o[0m
[12.549s] [ 71%] [32mBuilding CXX object CMakeFiles/turtlesim__rosidl_typesupport_fastrtps_c.dir/rosidl_typesupport_fastrtps_c/turtlesim/srv/detail/spawn__type_support_c.cpp.o[0m
[12.552s] [ 72%] [32m[1mLinking CXX shared library libturtlesim__rosidl_typesupport_cpp.so[0m
[12.695s] [ 72%] [32m[1mLinking CXX shared library libturtlesim__rosidl_typesupport_introspection_cpp.so[0m
[13.063s] [ 72%] Built target turtlesim__rosidl_typesupport_cpp
[13.136s] [ 73%] [34m[1mGenerating include/turtlesim/moc_turtle_frame.cpp[0m
[13.601s] [ 73%] Built target turtlesim__rosidl_typesupport_introspection_cpp
[13.665s] [ 74%] [32mBuilding CXX object CMakeFiles/turtle_teleop_key.dir/tutorials/teleop_turtle_key.cpp.o[0m
[13.692s] [ 75%] [32mBuilding CXX object CMakeFiles/mimic.dir/tutorials/mimic.cpp.o[0m
[13.712s] [ 75%] [32mBuilding CXX object CMakeFiles/draw_square.dir/tutorials/draw_square.cpp.o[0m
[13.753s] [ 76%] [32mBuilding CXX object CMakeFiles/turtlesim_node.dir/src/turtlesim.cpp.o[0m
[13.882s] [ 77%] [32mBuilding CXX object CMakeFiles/turtlesim__rosidl_typesupport_fastrtps_c.dir/rosidl_typesupport_fastrtps_c/turtlesim/srv/detail/teleport_absolute__type_support_c.cpp.o[0m
[14.004s] [ 78%] [32mBuilding CXX object CMakeFiles/turtlesim__rosidl_typesupport_fastrtps_c.dir/rosidl_typesupport_fastrtps_c/turtlesim/srv/detail/teleport_relative__type_support_c.cpp.o[0m
[14.006s] [ 79%] [32mBuilding CXX object CMakeFiles/turtlesim_node.dir/src/turtle.cpp.o[0m
[14.065s] [ 80%] [32mBuilding CXX object CMakeFiles/turtlesim_node.dir/src/turtle_frame.cpp.o[0m
[14.157s] [ 81%] [32mBuilding CXX object CMakeFiles/turtlesim_node.dir/include/turtlesim/moc_turtle_frame.cpp.o[0m
[15.267s] [ 82%] [32m[1mLinking CXX shared library libturtlesim__rosidl_typesupport_fastrtps_cpp.so[0m
[15.449s] [ 83%] [32m[1mLinking CXX shared library libturtlesim__rosidl_typesupport_fastrtps_c.so[0m
[15.570s] [ 83%] Built target turtlesim__rosidl_typesupport_fastrtps_cpp
[15.698s] [ 83%] Built target turtlesim__rosidl_typesupport_fastrtps_c
[15.761s] [ 83%] Built target turtlesim
[15.826s] [ 84%] [34m[1mGenerating Python code for ROS interfaces[0m
[20.456s] [ 84%] Built target turtlesim__py
[20.565s] [ 85%] [32mBuilding C object CMakeFiles/turtlesim__rosidl_generator_py.dir/rosidl_generator_py/turtlesim/srv/_kill_s.c.o[0m
[20.569s] [ 86%] [32mBuilding C object CMakeFiles/turtlesim__rosidl_generator_py.dir/rosidl_generator_py/turtlesim/msg/_pose_s.c.o[0m
[20.572s] [ 87%] [32mBuilding C object CMakeFiles/turtlesim__rosidl_generator_py.dir/rosidl_generator_py/turtlesim/msg/_color_s.c.o[0m
[20.574s] [ 87%] [32mBuilding C object CMakeFiles/turtlesim__rosidl_generator_py.dir/rosidl_generator_py/turtlesim/srv/_teleport_relative_s.c.o[0m
[20.577s] [ 87%] [32mBuilding C object CMakeFiles/turtlesim__rosidl_generator_py.dir/rosidl_generator_py/turtlesim/action/_rotate_absolute_s.c.o[0m
[20.579s] [ 88%] [32mBuilding C object CMakeFiles/turtlesim__rosidl_generator_py.dir/rosidl_generator_py/turtlesim/srv/_spawn_s.c.o[0m
[20.581s] [ 89%] [32mBuilding C object CMakeFiles/turtlesim__rosidl_generator_py.dir/rosidl_generator_py/turtlesim/srv/_teleport_absolute_s.c.o[0m
[20.585s] [ 90%] [32mBuilding C object CMakeFiles/turtlesim__rosidl_generator_py.dir/rosidl_generator_py/turtlesim/srv/_set_pen_s.c.o[0m
[21.944s] [ 91%] [32m[1mLinking C shared library libturtlesim__rosidl_generator_py.so[0m
[22.235s] [ 91%] Built target turtlesim__rosidl_generator_py
[22.359s] [ 92%] [32mBuilding C object CMakeFiles/turtlesim_s__rosidl_typesupport_introspection_c.dir/rosidl_generator_py/turtlesim/_turtlesim_s.ep.rosidl_typesupport_introspection_c.c.o[0m
[22.361s] [ 93%] [32mBuilding C object CMakeFiles/turtlesim_s__rosidl_typesupport_c.dir/rosidl_generator_py/turtlesim/_turtlesim_s.ep.rosidl_typesupport_c.c.o[0m
[22.389s] [ 94%] [32mBuilding C object CMakeFiles/turtlesim_s__rosidl_typesupport_fastrtps_c.dir/rosidl_generator_py/turtlesim/_turtlesim_s.ep.rosidl_typesupport_fastrtps_c.c.o[0m
[23.578s] [ 95%] [32m[1mLinking C shared module rosidl_generator_py/turtlesim/turtlesim_s__rosidl_typesupport_c.so[0m
[23.629s] [ 96%] [32m[1mLinking C shared module rosidl_generator_py/turtlesim/turtlesim_s__rosidl_typesupport_introspection_c.so[0m
[23.691s] [ 96%] Built target turtlesim_s__rosidl_typesupport_c
[23.779s] [ 97%] [32m[1mLinking C shared module rosidl_generator_py/turtlesim/turtlesim_s__rosidl_typesupport_fastrtps_c.so[0m
[23.782s] [ 97%] Built target turtlesim_s__rosidl_typesupport_introspection_c
[23.922s] [ 97%] Built target turtlesim_s__rosidl_typesupport_fastrtps_c
[39.501s] [ 98%] [32m[1mLinking CXX executable turtle_teleop_key[0m
[40.365s] [ 98%] Built target turtle_teleop_key
[43.445s] [ 99%] [32m[1mLinking CXX executable mimic[0m
[44.058s] [ 99%] Built target mimic
[44.705s] [100%] [32m[1mLinking CXX executable draw_square[0m
[45.425s] [100%] Built target draw_square
[49.939s] [100%] [32m[1mLinking CXX executable turtlesim_node[0m
[53.367s] [100%] Built target turtlesim_node
[53.393s] Invoked command in '/Minimalbeispiel_Codesys_ROS2/ros2_ws/build/turtlesim' returned '0': CMAKE_PREFIX_PATH=${CMAKE_PREFIX_PATH}:/Minimalbeispiel_Codesys_ROS2/ros2_ws/install/minimalbeispiel_pkg:/opt/ros/jazzy /usr/bin/cmake --build /Minimalbeispiel_Codesys_ROS2/ros2_ws/build/turtlesim -- -j16 -l16
[53.410s] Invoking command in '/Minimalbeispiel_Codesys_ROS2/ros2_ws/build/turtlesim': CMAKE_PREFIX_PATH=${CMAKE_PREFIX_PATH}:/Minimalbeispiel_Codesys_ROS2/ros2_ws/install/minimalbeispiel_pkg:/opt/ros/jazzy /usr/bin/cmake --install /Minimalbeispiel_Codesys_ROS2/ros2_ws/build/turtlesim
[53.423s] -- Install configuration: ""
[53.426s] -- Installing: /Minimalbeispiel_Codesys_ROS2/ros2_ws/install/turtlesim/share/ament_index/resource_index/rosidl_interfaces/turtlesim
[53.428s] -- Installing: /Minimalbeispiel_Codesys_ROS2/ros2_ws/install/turtlesim/share/turtlesim/action/RotateAbsolute.json
[53.429s] -- Installing: /Minimalbeispiel_Codesys_ROS2/ros2_ws/install/turtlesim/share/turtlesim/msg/Color.json
[53.429s] -- Installing: /Minimalbeispiel_Codesys_ROS2/ros2_ws/install/turtlesim/share/turtlesim/msg/Pose.json
[53.430s] -- Installing: /Minimalbeispiel_Codesys_ROS2/ros2_ws/install/turtlesim/share/turtlesim/srv/Kill.json
[53.430s] -- Installing: /Minimalbeispiel_Codesys_ROS2/ros2_ws/install/turtlesim/share/turtlesim/srv/SetPen.json
[53.430s] -- Installing: /Minimalbeispiel_Codesys_ROS2/ros2_ws/install/turtlesim/share/turtlesim/srv/Spawn.json
[53.431s] -- Installing: /Minimalbeispiel_Codesys_ROS2/ros2_ws/install/turtlesim/share/turtlesim/srv/TeleportAbsolute.json
[53.431s] -- Installing: /Minimalbeispiel_Codesys_ROS2/ros2_ws/install/turtlesim/share/turtlesim/srv/TeleportRelative.json
[53.431s] -- Installing: /Minimalbeispiel_Codesys_ROS2/ros2_ws/install/turtlesim/include/turtlesim/turtlesim
[53.433s] -- Installing: /Minimalbeispiel_Codesys_ROS2/ros2_ws/install/turtlesim/include/turtlesim/turtlesim/srv
[53.434s] -- Installing: /Minimalbeispiel_Codesys_ROS2/ros2_ws/install/turtlesim/include/turtlesim/turtlesim/srv/teleport_absolute.h
[53.434s] -- Installing: /Minimalbeispiel_Codesys_ROS2/ros2_ws/install/turtlesim/include/turtlesim/turtlesim/srv/spawn.h
[53.435s] -- Installing: /Minimalbeispiel_Codesys_ROS2/ros2_ws/install/turtlesim/include/turtlesim/turtlesim/srv/teleport_relative.h
[53.435s] -- Installing: /Minimalbeispiel_Codesys_ROS2/ros2_ws/install/turtlesim/include/turtlesim/turtlesim/srv/kill.h
[53.435s] -- Installing: /Minimalbeispiel_Codesys_ROS2/ros2_ws/install/turtlesim/include/turtlesim/turtlesim/srv/set_pen.h
[53.436s] -- Installing: /Minimalbeispiel_Codesys_ROS2/ros2_ws/install/turtlesim/include/turtlesim/turtlesim/srv/detail
[53.436s] -- Installing: /Minimalbeispiel_Codesys_ROS2/ros2_ws/install/turtlesim/include/turtlesim/turtlesim/srv/detail/spawn__functions.c
[53.437s] -- Installing: /Minimalbeispiel_Codesys_ROS2/ros2_ws/install/turtlesim/include/turtlesim/turtlesim/srv/detail/spawn__description.c
[53.438s] -- Installing: /Minimalbeispiel_Codesys_ROS2/ros2_ws/install/turtlesim/include/turtlesim/turtlesim/srv/detail/teleport_relative__type_support.c
[53.439s] -- Installing: /Minimalbeispiel_Codesys_ROS2/ros2_ws/install/turtlesim/include/turtlesim/turtlesim/srv/detail/spawn__functions.h
[53.439s] -- Installing: /Minimalbeispiel_Codesys_ROS2/ros2_ws/install/turtlesim/include/turtlesim/turtlesim/srv/detail/teleport_relative__functions.h
[53.439s] -- Installing: /Minimalbeispiel_Codesys_ROS2/ros2_ws/install/turtlesim/include/turtlesim/turtlesim/srv/detail/teleport_relative__functions.c
[53.440s] -- Installing: /Minimalbeispiel_Codesys_ROS2/ros2_ws/install/turtlesim/include/turtlesim/turtlesim/srv/detail/spawn__struct.h
[53.440s] -- Installing: /Minimalbeispiel_Codesys_ROS2/ros2_ws/install/turtlesim/include/turtlesim/turtlesim/srv/detail/kill__functions.c
[53.441s] -- Installing: /Minimalbeispiel_Codesys_ROS2/ros2_ws/install/turtlesim/include/turtlesim/turtlesim/srv/detail/teleport_absolute__type_support.h
[53.441s] -- Installing: /Minimalbeispiel_Codesys_ROS2/ros2_ws/install/turtlesim/include/turtlesim/turtlesim/srv/detail/set_pen__description.c
[53.442s] -- Installing: /Minimalbeispiel_Codesys_ROS2/ros2_ws/install/turtlesim/include/turtlesim/turtlesim/srv/detail/spawn__type_support.h
[53.442s] -- Installing: /Minimalbeispiel_Codesys_ROS2/ros2_ws/install/turtlesim/include/turtlesim/turtlesim/srv/detail/set_pen__functions.h
[53.443s] -- Installing: /Minimalbeispiel_Codesys_ROS2/ros2_ws/install/turtlesim/include/turtlesim/turtlesim/srv/detail/teleport_absolute__functions.h
[53.443s] -- Installing: /Minimalbeispiel_Codesys_ROS2/ros2_ws/install/turtlesim/include/turtlesim/turtlesim/srv/detail/set_pen__functions.c
[53.444s] -- Installing: /Minimalbeispiel_Codesys_ROS2/ros2_ws/install/turtlesim/include/turtlesim/turtlesim/srv/detail/set_pen__type_support.h
[53.444s] -- Installing: /Minimalbeispiel_Codesys_ROS2/ros2_ws/install/turtlesim/include/turtlesim/turtlesim/srv/detail/kill__description.c
[53.445s] -- Installing: /Minimalbeispiel_Codesys_ROS2/ros2_ws/install/turtlesim/include/turtlesim/turtlesim/srv/detail/kill__functions.h
[53.445s] -- Installing: /Minimalbeispiel_Codesys_ROS2/ros2_ws/install/turtlesim/include/turtlesim/turtlesim/srv/detail/spawn__type_support.c
[53.446s] -- Installing: /Minimalbeispiel_Codesys_ROS2/ros2_ws/install/turtlesim/include/turtlesim/turtlesim/srv/detail/set_pen__struct.h
[53.446s] -- Installing: /Minimalbeispiel_Codesys_ROS2/ros2_ws/install/turtlesim/include/turtlesim/turtlesim/srv/detail/teleport_absolute__description.c
[53.447s] -- Installing: /Minimalbeispiel_Codesys_ROS2/ros2_ws/install/turtlesim/include/turtlesim/turtlesim/srv/detail/teleport_relative__description.c
[53.447s] -- Installing: /Minimalbeispiel_Codesys_ROS2/ros2_ws/install/turtlesim/include/turtlesim/turtlesim/srv/detail/set_pen__type_support.c
[53.448s] -- Installing: /Minimalbeispiel_Codesys_ROS2/ros2_ws/install/turtlesim/include/turtlesim/turtlesim/srv/detail/kill__type_support.c
[53.449s] -- Installing: /Minimalbeispiel_Codesys_ROS2/ros2_ws/install/turtlesim/include/turtlesim/turtlesim/srv/detail/teleport_absolute__type_support.c
[53.449s] -- Installing: /Minimalbeispiel_Codesys_ROS2/ros2_ws/install/turtlesim/include/turtlesim/turtlesim/srv/detail/kill__type_support.h
[53.449s] -- Installing: /Minimalbeispiel_Codesys_ROS2/ros2_ws/install/turtlesim/include/turtlesim/turtlesim/srv/detail/teleport_relative__struct.h
[53.450s] -- Installing: /Minimalbeispiel_Codesys_ROS2/ros2_ws/install/turtlesim/include/turtlesim/turtlesim/srv/detail/teleport_relative__type_support.h
[53.450s] -- Installing: /Minimalbeispiel_Codesys_ROS2/ros2_ws/install/turtlesim/include/turtlesim/turtlesim/srv/detail/kill__struct.h
[53.450s] -- Installing: /Minimalbeispiel_Codesys_ROS2/ros2_ws/install/turtlesim/include/turtlesim/turtlesim/srv/detail/teleport_absolute__struct.h
[53.451s] -- Installing: /Minimalbeispiel_Codesys_ROS2/ros2_ws/install/turtlesim/include/turtlesim/turtlesim/srv/detail/teleport_absolute__functions.c
[53.451s] -- Installing: /Minimalbeispiel_Codesys_ROS2/ros2_ws/install/turtlesim/include/turtlesim/turtlesim/action
[53.453s] -- Installing: /Minimalbeispiel_Codesys_ROS2/ros2_ws/install/turtlesim/include/turtlesim/turtlesim/action/rotate_absolute.h
[53.453s] -- Installing: /Minimalbeispiel_Codesys_ROS2/ros2_ws/install/turtlesim/include/turtlesim/turtlesim/action/detail
[53.454s] -- Installing: /Minimalbeispiel_Codesys_ROS2/ros2_ws/install/turtlesim/include/turtlesim/turtlesim/action/detail/rotate_absolute__struct.h
[53.454s] -- Installing: /Minimalbeispiel_Codesys_ROS2/ros2_ws/install/turtlesim/include/turtlesim/turtlesim/action/detail/rotate_absolute__functions.h
[53.454s] -- Installing: /Minimalbeispiel_Codesys_ROS2/ros2_ws/install/turtlesim/include/turtlesim/turtlesim/action/detail/rotate_absolute__type_support.c
[53.455s] -- Installing: /Minimalbeispiel_Codesys_ROS2/ros2_ws/install/turtlesim/include/turtlesim/turtlesim/action/detail/rotate_absolute__description.c
[53.456s] -- Installing: /Minimalbeispiel_Codesys_ROS2/ros2_ws/install/turtlesim/include/turtlesim/turtlesim/action/detail/rotate_absolute__type_support.h
[53.457s] -- Installing: /Minimalbeispiel_Codesys_ROS2/ros2_ws/install/turtlesim/include/turtlesim/turtlesim/action/detail/rotate_absolute__functions.c
[53.458s] -- Installing: /Minimalbeispiel_Codesys_ROS2/ros2_ws/install/turtlesim/include/turtlesim/turtlesim/msg
[53.459s] -- Installing: /Minimalbeispiel_Codesys_ROS2/ros2_ws/install/turtlesim/include/turtlesim/turtlesim/msg/color.h
[53.459s] -- Installing: /Minimalbeispiel_Codesys_ROS2/ros2_ws/install/turtlesim/include/turtlesim/turtlesim/msg/rosidl_generator_c__visibility_control.h
[53.459s] -- Installing: /Minimalbeispiel_Codesys_ROS2/ros2_ws/install/turtlesim/include/turtlesim/turtlesim/msg/detail
[53.460s] -- Installing: /Minimalbeispiel_Codesys_ROS2/ros2_ws/install/turtlesim/include/turtlesim/turtlesim/msg/detail/pose__type_support.h
[53.461s] -- Installing: /Minimalbeispiel_Codesys_ROS2/ros2_ws/install/turtlesim/include/turtlesim/turtlesim/msg/detail/pose__functions.h
[53.461s] -- Installing: /Minimalbeispiel_Codesys_ROS2/ros2_ws/install/turtlesim/include/turtlesim/turtlesim/msg/detail/color__description.c
[53.461s] -- Installing: /Minimalbeispiel_Codesys_ROS2/ros2_ws/install/turtlesim/include/turtlesim/turtlesim/msg/detail/color__type_support.c
[53.462s] -- Installing: /Minimalbeispiel_Codesys_ROS2/ros2_ws/install/turtlesim/include/turtlesim/turtlesim/msg/detail/color__struct.h
[53.462s] -- Installing: /Minimalbeispiel_Codesys_ROS2/ros2_ws/install/turtlesim/include/turtlesim/turtlesim/msg/detail/pose__functions.c
[53.463s] -- Installing: /Minimalbeispiel_Codesys_ROS2/ros2_ws/install/turtlesim/include/turtlesim/turtlesim/msg/detail/color__functions.h
[53.463s] -- Installing: /Minimalbeispiel_Codesys_ROS2/ros2_ws/install/turtlesim/include/turtlesim/turtlesim/msg/detail/pose__struct.h
[53.464s] -- Installing: /Minimalbeispiel_Codesys_ROS2/ros2_ws/install/turtlesim/include/turtlesim/turtlesim/msg/detail/color__functions.c
[53.464s] -- Installing: /Minimalbeispiel_Codesys_ROS2/ros2_ws/install/turtlesim/include/turtlesim/turtlesim/msg/detail/pose__description.c
[53.465s] -- Installing: /Minimalbeispiel_Codesys_ROS2/ros2_ws/install/turtlesim/include/turtlesim/turtlesim/msg/detail/color__type_support.h
[53.465s] -- Installing: /Minimalbeispiel_Codesys_ROS2/ros2_ws/install/turtlesim/include/turtlesim/turtlesim/msg/detail/pose__type_support.c
[53.466s] -- Installing: /Minimalbeispiel_Codesys_ROS2/ros2_ws/install/turtlesim/include/turtlesim/turtlesim/msg/pose.h
[53.469s] -- Installing: /Minimalbeispiel_Codesys_ROS2/ros2_ws/install/turtlesim/share/turtlesim/environment/library_path.sh
[53.470s] -- Installing: /Minimalbeispiel_Codesys_ROS2/ros2_ws/install/turtlesim/share/turtlesim/environment/library_path.dsv
[53.471s] -- Installing: /Minimalbeispiel_Codesys_ROS2/ros2_ws/install/turtlesim/lib/libturtlesim__rosidl_generator_c.so
[53.474s] -- Set non-toolchain portion of runtime path of "/Minimalbeispiel_Codesys_ROS2/ros2_ws/install/turtlesim/lib/libturtlesim__rosidl_generator_c.so" to ""
[53.474s] -- Up-to-date: /Minimalbeispiel_Codesys_ROS2/ros2_ws/install/turtlesim/include/turtlesim/turtlesim
[53.475s] -- Up-to-date: /Minimalbeispiel_Codesys_ROS2/ros2_ws/install/turtlesim/include/turtlesim/turtlesim/srv
[53.475s] -- Up-to-date: /Minimalbeispiel_Codesys_ROS2/ros2_ws/install/turtlesim/include/turtlesim/turtlesim/srv/detail
[53.475s] -- Installing: /Minimalbeispiel_Codesys_ROS2/ros2_ws/install/turtlesim/include/turtlesim/turtlesim/srv/detail/kill__rosidl_typesupport_fastrtps_c.h
[53.476s] -- Installing: /Minimalbeispiel_Codesys_ROS2/ros2_ws/install/turtlesim/include/turtlesim/turtlesim/srv/detail/spawn__rosidl_typesupport_fastrtps_c.h
[53.477s] -- Installing: /Minimalbeispiel_Codesys_ROS2/ros2_ws/install/turtlesim/include/turtlesim/turtlesim/srv/detail/teleport_relative__rosidl_typesupport_fastrtps_c.h
[53.478s] -- Installing: /Minimalbeispiel_Codesys_ROS2/ros2_ws/install/turtlesim/include/turtlesim/turtlesim/srv/detail/teleport_absolute__rosidl_typesupport_fastrtps_c.h
[53.478s] -- Installing: /Minimalbeispiel_Codesys_ROS2/ros2_ws/install/turtlesim/include/turtlesim/turtlesim/srv/detail/set_pen__rosidl_typesupport_fastrtps_c.h
[53.479s] -- Up-to-date: /Minimalbeispiel_Codesys_ROS2/ros2_ws/install/turtlesim/include/turtlesim/turtlesim/action
[53.479s] -- Up-to-date: /Minimalbeispiel_Codesys_ROS2/ros2_ws/install/turtlesim/include/turtlesim/turtlesim/action/detail
[53.480s] -- Installing: /Minimalbeispiel_Codesys_ROS2/ros2_ws/install/turtlesim/include/turtlesim/turtlesim/action/detail/rotate_absolute__rosidl_typesupport_fastrtps_c.h
[53.480s] -- Up-to-date: /Minimalbeispiel_Codesys_ROS2/ros2_ws/install/turtlesim/include/turtlesim/turtlesim/msg
[53.481s] -- Up-to-date: /Minimalbeispiel_Codesys_ROS2/ros2_ws/install/turtlesim/include/turtlesim/turtlesim/msg/detail
[53.481s] -- Installing: /Minimalbeispiel_Codesys_ROS2/ros2_ws/install/turtlesim/include/turtlesim/turtlesim/msg/detail/pose__rosidl_typesupport_fastrtps_c.h
[53.482s] -- Installing: /Minimalbeispiel_Codesys_ROS2/ros2_ws/install/turtlesim/include/turtlesim/turtlesim/msg/detail/color__rosidl_typesupport_fastrtps_c.h
[53.482s] -- Installing: /Minimalbeispiel_Codesys_ROS2/ros2_ws/install/turtlesim/include/turtlesim/turtlesim/msg/rosidl_typesupport_fastrtps_c__visibility_control.h
[53.483s] -- Installing: /Minimalbeispiel_Codesys_ROS2/ros2_ws/install/turtlesim/lib/libturtlesim__rosidl_typesupport_fastrtps_c.so
[53.485s] -- Set non-toolchain portion of runtime path of "/Minimalbeispiel_Codesys_ROS2/ros2_ws/install/turtlesim/lib/libturtlesim__rosidl_typesupport_fastrtps_c.so" to ""
[53.485s] -- Up-to-date: /Minimalbeispiel_Codesys_ROS2/ros2_ws/install/turtlesim/include/turtlesim/turtlesim
[53.485s] -- Up-to-date: /Minimalbeispiel_Codesys_ROS2/ros2_ws/install/turtlesim/include/turtlesim/turtlesim/srv
[53.485s] -- Installing: /Minimalbeispiel_Codesys_ROS2/ros2_ws/install/turtlesim/include/turtlesim/turtlesim/srv/set_pen.hpp
[53.486s] -- Installing: /Minimalbeispiel_Codesys_ROS2/ros2_ws/install/turtlesim/include/turtlesim/turtlesim/srv/teleport_absolute.hpp
[53.486s] -- Installing: /Minimalbeispiel_Codesys_ROS2/ros2_ws/install/turtlesim/include/turtlesim/turtlesim/srv/teleport_relative.hpp
[53.486s] -- Installing: /Minimalbeispiel_Codesys_ROS2/ros2_ws/install/turtlesim/include/turtlesim/turtlesim/srv/spawn.hpp
[53.487s] -- Up-to-date: /Minimalbeispiel_Codesys_ROS2/ros2_ws/install/turtlesim/include/turtlesim/turtlesim/srv/detail
[53.487s] -- Installing: /Minimalbeispiel_Codesys_ROS2/ros2_ws/install/turtlesim/include/turtlesim/turtlesim/srv/detail/spawn__type_support.hpp
[53.487s] -- Installing: /Minimalbeispiel_Codesys_ROS2/ros2_ws/install/turtlesim/include/turtlesim/turtlesim/srv/detail/teleport_relative__traits.hpp
[53.488s] -- Installing: /Minimalbeispiel_Codesys_ROS2/ros2_ws/install/turtlesim/include/turtlesim/turtlesim/srv/detail/set_pen__struct.hpp
[53.488s] -- Installing: /Minimalbeispiel_Codesys_ROS2/ros2_ws/install/turtlesim/include/turtlesim/turtlesim/srv/detail/teleport_absolute__type_support.hpp
[53.488s] -- Installing: /Minimalbeispiel_Codesys_ROS2/ros2_ws/install/turtlesim/include/turtlesim/turtlesim/srv/detail/teleport_relative__type_support.hpp
[53.488s] -- Installing: /Minimalbeispiel_Codesys_ROS2/ros2_ws/install/turtlesim/include/turtlesim/turtlesim/srv/detail/set_pen__traits.hpp
[53.489s] -- Installing: /Minimalbeispiel_Codesys_ROS2/ros2_ws/install/turtlesim/include/turtlesim/turtlesim/srv/detail/kill__struct.hpp
[53.489s] -- Installing: /Minimalbeispiel_Codesys_ROS2/ros2_ws/install/turtlesim/include/turtlesim/turtlesim/srv/detail/teleport_relative__struct.hpp
[53.489s] -- Installing: /Minimalbeispiel_Codesys_ROS2/ros2_ws/install/turtlesim/include/turtlesim/turtlesim/srv/detail/set_pen__builder.hpp
[53.490s] -- Installing: /Minimalbeispiel_Codesys_ROS2/ros2_ws/install/turtlesim/include/turtlesim/turtlesim/srv/detail/kill__builder.hpp
[53.490s] -- Installing: /Minimalbeispiel_Codesys_ROS2/ros2_ws/install/turtlesim/include/turtlesim/turtlesim/srv/detail/teleport_absolute__traits.hpp
[53.490s] -- Installing: /Minimalbeispiel_Codesys_ROS2/ros2_ws/install/turtlesim/include/turtlesim/turtlesim/srv/detail/teleport_relative__builder.hpp
[53.491s] -- Installing: /Minimalbeispiel_Codesys_ROS2/ros2_ws/install/turtlesim/include/turtlesim/turtlesim/srv/detail/spawn__struct.hpp
[53.491s] -- Installing: /Minimalbeispiel_Codesys_ROS2/ros2_ws/install/turtlesim/include/turtlesim/turtlesim/srv/detail/set_pen__type_support.hpp
[53.491s] -- Installing: /Minimalbeispiel_Codesys_ROS2/ros2_ws/install/turtlesim/include/turtlesim/turtlesim/srv/detail/kill__type_support.hpp
[53.491s] -- Installing: /Minimalbeispiel_Codesys_ROS2/ros2_ws/install/turtlesim/include/turtlesim/turtlesim/srv/detail/spawn__builder.hpp
[53.492s] -- Installing: /Minimalbeispiel_Codesys_ROS2/ros2_ws/install/turtlesim/include/turtlesim/turtlesim/srv/detail/kill__traits.hpp
[53.492s] -- Installing: /Minimalbeispiel_Codesys_ROS2/ros2_ws/install/turtlesim/include/turtlesim/turtlesim/srv/detail/teleport_absolute__builder.hpp
[53.492s] -- Installing: /Minimalbeispiel_Codesys_ROS2/ros2_ws/install/turtlesim/include/turtlesim/turtlesim/srv/detail/teleport_absolute__struct.hpp
[53.493s] -- Installing: /Minimalbeispiel_Codesys_ROS2/ros2_ws/install/turtlesim/include/turtlesim/turtlesim/srv/detail/spawn__traits.hpp
[53.493s] -- Installing: /Minimalbeispiel_Codesys_ROS2/ros2_ws/install/turtlesim/include/turtlesim/turtlesim/srv/kill.hpp
[53.493s] -- Up-to-date: /Minimalbeispiel_Codesys_ROS2/ros2_ws/install/turtlesim/include/turtlesim/turtlesim/action
[53.494s] -- Installing: /Minimalbeispiel_Codesys_ROS2/ros2_ws/install/turtlesim/include/turtlesim/turtlesim/action/rotate_absolute.hpp
[53.494s] -- Up-to-date: /Minimalbeispiel_Codesys_ROS2/ros2_ws/install/turtlesim/include/turtlesim/turtlesim/action/detail
[53.494s] -- Installing: /Minimalbeispiel_Codesys_ROS2/ros2_ws/install/turtlesim/include/turtlesim/turtlesim/action/detail/rotate_absolute__builder.hpp
[53.495s] -- Installing: /Minimalbeispiel_Codesys_ROS2/ros2_ws/install/turtlesim/include/turtlesim/turtlesim/action/detail/rotate_absolute__struct.hpp
[53.495s] -- Installing: /Minimalbeispiel_Codesys_ROS2/ros2_ws/install/turtlesim/include/turtlesim/turtlesim/action/detail/rotate_absolute__type_support.hpp
[53.496s] -- Installing: /Minimalbeispiel_Codesys_ROS2/ros2_ws/install/turtlesim/include/turtlesim/turtlesim/action/detail/rotate_absolute__traits.hpp
[53.496s] -- Up-to-date: /Minimalbeispiel_Codesys_ROS2/ros2_ws/install/turtlesim/include/turtlesim/turtlesim/msg
[53.496s] -- Installing: /Minimalbeispiel_Codesys_ROS2/ros2_ws/install/turtlesim/include/turtlesim/turtlesim/msg/pose.hpp
[53.497s] -- Installing: /Minimalbeispiel_Codesys_ROS2/ros2_ws/install/turtlesim/include/turtlesim/turtlesim/msg/rosidl_generator_cpp__visibility_control.hpp
[53.497s] -- Installing: /Minimalbeispiel_Codesys_ROS2/ros2_ws/install/turtlesim/include/turtlesim/turtlesim/msg/color.hpp
[53.497s] -- Up-to-date: /Minimalbeispiel_Codesys_ROS2/ros2_ws/install/turtlesim/include/turtlesim/turtlesim/msg/detail
[53.497s] -- Installing: /Minimalbeispiel_Codesys_ROS2/ros2_ws/install/turtlesim/include/turtlesim/turtlesim/msg/detail/pose__builder.hpp
[53.498s] -- Installing: /Minimalbeispiel_Codesys_ROS2/ros2_ws/install/turtlesim/include/turtlesim/turtlesim/msg/detail/pose__type_support.hpp
[53.498s] -- Installing: /Minimalbeispiel_Codesys_ROS2/ros2_ws/install/turtlesim/include/turtlesim/turtlesim/msg/detail/pose__struct.hpp
[53.498s] -- Installing: /Minimalbeispiel_Codesys_ROS2/ros2_ws/install/turtlesim/include/turtlesim/turtlesim/msg/detail/color__traits.hpp
[53.499s] -- Installing: /Minimalbeispiel_Codesys_ROS2/ros2_ws/install/turtlesim/include/turtlesim/turtlesim/msg/detail/color__builder.hpp
[53.499s] -- Installing: /Minimalbeispiel_Codesys_ROS2/ros2_ws/install/turtlesim/include/turtlesim/turtlesim/msg/detail/pose__traits.hpp
[53.499s] -- Installing: /Minimalbeispiel_Codesys_ROS2/ros2_ws/install/turtlesim/include/turtlesim/turtlesim/msg/detail/color__type_support.hpp
[53.500s] -- Installing: /Minimalbeispiel_Codesys_ROS2/ros2_ws/install/turtlesim/include/turtlesim/turtlesim/msg/detail/color__struct.hpp
[53.500s] -- Up-to-date: /Minimalbeispiel_Codesys_ROS2/ros2_ws/install/turtlesim/include/turtlesim/turtlesim
[53.501s] -- Up-to-date: /Minimalbeispiel_Codesys_ROS2/ros2_ws/install/turtlesim/include/turtlesim/turtlesim/srv
[53.501s] -- Up-to-date: /Minimalbeispiel_Codesys_ROS2/ros2_ws/install/turtlesim/include/turtlesim/turtlesim/srv/detail
[53.501s] -- Installing: /Minimalbeispiel_Codesys_ROS2/ros2_ws/install/turtlesim/include/turtlesim/turtlesim/srv/detail/dds_fastrtps
[53.503s] -- Installing: /Minimalbeispiel_Codesys_ROS2/ros2_ws/install/turtlesim/include/turtlesim/turtlesim/srv/detail/teleport_relative__rosidl_typesupport_fastrtps_cpp.hpp
[53.503s] -- Installing: /Minimalbeispiel_Codesys_ROS2/ros2_ws/install/turtlesim/include/turtlesim/turtlesim/srv/detail/kill__rosidl_typesupport_fastrtps_cpp.hpp
[53.504s] -- Installing: /Minimalbeispiel_Codesys_ROS2/ros2_ws/install/turtlesim/include/turtlesim/turtlesim/srv/detail/spawn__rosidl_typesupport_fastrtps_cpp.hpp
[53.505s] -- Installing: /Minimalbeispiel_Codesys_ROS2/ros2_ws/install/turtlesim/include/turtlesim/turtlesim/srv/detail/teleport_absolute__rosidl_typesupport_fastrtps_cpp.hpp
[53.505s] -- Installing: /Minimalbeispiel_Codesys_ROS2/ros2_ws/install/turtlesim/include/turtlesim/turtlesim/srv/detail/set_pen__rosidl_typesupport_fastrtps_cpp.hpp
[53.506s] -- Up-to-date: /Minimalbeispiel_Codesys_ROS2/ros2_ws/install/turtlesim/include/turtlesim/turtlesim/action
[53.507s] -- Up-to-date: /Minimalbeispiel_Codesys_ROS2/ros2_ws/install/turtlesim/include/turtlesim/turtlesim/action/detail
[53.507s] -- Installing: /Minimalbeispiel_Codesys_ROS2/ros2_ws/install/turtlesim/include/turtlesim/turtlesim/action/detail/dds_fastrtps
[53.508s] -- Installing: /Minimalbeispiel_Codesys_ROS2/ros2_ws/install/turtlesim/include/turtlesim/turtlesim/action/detail/rotate_absolute__rosidl_typesupport_fastrtps_cpp.hpp
[53.509s] -- Up-to-date: /Minimalbeispiel_Codesys_ROS2/ros2_ws/install/turtlesim/include/turtlesim/turtlesim/msg
[53.510s] -- Installing: /Minimalbeispiel_Codesys_ROS2/ros2_ws/install/turtlesim/include/turtlesim/turtlesim/msg/rosidl_typesupport_fastrtps_cpp__visibility_control.h
[53.510s] -- Up-to-date: /Minimalbeispiel_Codesys_ROS2/ros2_ws/install/turtlesim/include/turtlesim/turtlesim/msg/detail
[53.510s] -- Installing: /Minimalbeispiel_Codesys_ROS2/ros2_ws/install/turtlesim/include/turtlesim/turtlesim/msg/detail/dds_fastrtps
[53.511s] -- Installing: /Minimalbeispiel_Codesys_ROS2/ros2_ws/install/turtlesim/include/turtlesim/turtlesim/msg/detail/pose__rosidl_typesupport_fastrtps_cpp.hpp
[53.512s] -- Installing: /Minimalbeispiel_Codesys_ROS2/ros2_ws/install/turtlesim/include/turtlesim/turtlesim/msg/detail/color__rosidl_typesupport_fastrtps_cpp.hpp
[53.513s] -- Installing: /Minimalbeispiel_Codesys_ROS2/ros2_ws/install/turtlesim/lib/libturtlesim__rosidl_typesupport_fastrtps_cpp.so
[53.517s] -- Set non-toolchain portion of runtime path of "/Minimalbeispiel_Codesys_ROS2/ros2_ws/install/turtlesim/lib/libturtlesim__rosidl_typesupport_fastrtps_cpp.so" to ""
[53.517s] -- Up-to-date: /Minimalbeispiel_Codesys_ROS2/ros2_ws/install/turtlesim/include/turtlesim/turtlesim
[53.517s] -- Up-to-date: /Minimalbeispiel_Codesys_ROS2/ros2_ws/install/turtlesim/include/turtlesim/turtlesim/srv
[53.518s] -- Up-to-date: /Minimalbeispiel_Codesys_ROS2/ros2_ws/install/turtlesim/include/turtlesim/turtlesim/srv/detail
[53.518s] -- Installing: /Minimalbeispiel_Codesys_ROS2/ros2_ws/install/turtlesim/include/turtlesim/turtlesim/srv/detail/teleport_relative__rosidl_typesupport_introspection_c.h
[53.519s] -- Installing: /Minimalbeispiel_Codesys_ROS2/ros2_ws/install/turtlesim/include/turtlesim/turtlesim/srv/detail/kill__rosidl_typesupport_introspection_c.h
[53.520s] -- Installing: /Minimalbeispiel_Codesys_ROS2/ros2_ws/install/turtlesim/include/turtlesim/turtlesim/srv/detail/teleport_relative__type_support.c
[53.521s] -- Installing: /Minimalbeispiel_Codesys_ROS2/ros2_ws/install/turtlesim/include/turtlesim/turtlesim/srv/detail/set_pen__rosidl_typesupport_introspection_c.h
[53.521s] -- Installing: /Minimalbeispiel_Codesys_ROS2/ros2_ws/install/turtlesim/include/turtlesim/turtlesim/srv/detail/spawn__type_support.c
[53.522s] -- Installing: /Minimalbeispiel_Codesys_ROS2/ros2_ws/install/turtlesim/include/turtlesim/turtlesim/srv/detail/teleport_absolute__rosidl_typesupport_introspection_c.h
[53.523s] -- Installing: /Minimalbeispiel_Codesys_ROS2/ros2_ws/install/turtlesim/include/turtlesim/turtlesim/srv/detail/set_pen__type_support.c
[53.524s] -- Installing: /Minimalbeispiel_Codesys_ROS2/ros2_ws/install/turtlesim/include/turtlesim/turtlesim/srv/detail/kill__type_support.c
[53.524s] -- Installing: /Minimalbeispiel_Codesys_ROS2/ros2_ws/install/turtlesim/include/turtlesim/turtlesim/srv/detail/teleport_absolute__type_support.c
[53.525s] -- Installing: /Minimalbeispiel_Codesys_ROS2/ros2_ws/install/turtlesim/include/turtlesim/turtlesim/srv/detail/spawn__rosidl_typesupport_introspection_c.h
[53.526s] -- Up-to-date: /Minimalbeispiel_Codesys_ROS2/ros2_ws/install/turtlesim/include/turtlesim/turtlesim/action
[53.526s] -- Up-to-date: /Minimalbeispiel_Codesys_ROS2/ros2_ws/install/turtlesim/include/turtlesim/turtlesim/action/detail
[53.527s] -- Installing: /Minimalbeispiel_Codesys_ROS2/ros2_ws/install/turtlesim/include/turtlesim/turtlesim/action/detail/rotate_absolute__type_support.c
[53.528s] -- Installing: /Minimalbeispiel_Codesys_ROS2/ros2_ws/install/turtlesim/include/turtlesim/turtlesim/action/detail/rotate_absolute__rosidl_typesupport_introspection_c.h
[53.529s] -- Up-to-date: /Minimalbeispiel_Codesys_ROS2/ros2_ws/install/turtlesim/include/turtlesim/turtlesim/msg
[53.529s] -- Installing: /Minimalbeispiel_Codesys_ROS2/ros2_ws/install/turtlesim/include/turtlesim/turtlesim/msg/rosidl_typesupport_introspection_c__visibility_control.h
[53.529s] -- Up-to-date: /Minimalbeispiel_Codesys_ROS2/ros2_ws/install/turtlesim/include/turtlesim/turtlesim/msg/detail
[53.530s] -- Installing: /Minimalbeispiel_Codesys_ROS2/ros2_ws/install/turtlesim/include/turtlesim/turtlesim/msg/detail/color__type_support.c
[53.531s] -- Installing: /Minimalbeispiel_Codesys_ROS2/ros2_ws/install/turtlesim/include/turtlesim/turtlesim/msg/detail/color__rosidl_typesupport_introspection_c.h
[53.531s] -- Installing: /Minimalbeispiel_Codesys_ROS2/ros2_ws/install/turtlesim/include/turtlesim/turtlesim/msg/detail/pose__rosidl_typesupport_introspection_c.h
[53.532s] -- Installing: /Minimalbeispiel_Codesys_ROS2/ros2_ws/install/turtlesim/include/turtlesim/turtlesim/msg/detail/pose__type_support.c
[53.532s] -- Installing: /Minimalbeispiel_Codesys_ROS2/ros2_ws/install/turtlesim/lib/libturtlesim__rosidl_typesupport_introspection_c.so
[53.534s] -- Set non-toolchain portion of runtime path of "/Minimalbeispiel_Codesys_ROS2/ros2_ws/install/turtlesim/lib/libturtlesim__rosidl_typesupport_introspection_c.so" to ""
[53.534s] -- Installing: /Minimalbeispiel_Codesys_ROS2/ros2_ws/install/turtlesim/lib/libturtlesim__rosidl_typesupport_c.so
[53.536s] -- Set non-toolchain portion of runtime path of "/Minimalbeispiel_Codesys_ROS2/ros2_ws/install/turtlesim/lib/libturtlesim__rosidl_typesupport_c.so" to ""
[53.536s] -- Up-to-date: /Minimalbeispiel_Codesys_ROS2/ros2_ws/install/turtlesim/include/turtlesim/turtlesim
[53.537s] -- Up-to-date: /Minimalbeispiel_Codesys_ROS2/ros2_ws/install/turtlesim/include/turtlesim/turtlesim/srv
[53.537s] -- Up-to-date: /Minimalbeispiel_Codesys_ROS2/ros2_ws/install/turtlesim/include/turtlesim/turtlesim/srv/detail
[53.537s] -- Installing: /Minimalbeispiel_Codesys_ROS2/ros2_ws/install/turtlesim/include/turtlesim/turtlesim/srv/detail/kill__rosidl_typesupport_introspection_cpp.hpp
[53.538s] -- Installing: /Minimalbeispiel_Codesys_ROS2/ros2_ws/install/turtlesim/include/turtlesim/turtlesim/srv/detail/teleport_absolute__rosidl_typesupport_introspection_cpp.hpp
[53.539s] -- Installing: /Minimalbeispiel_Codesys_ROS2/ros2_ws/install/turtlesim/include/turtlesim/turtlesim/srv/detail/spawn__rosidl_typesupport_introspection_cpp.hpp
[53.540s] -- Installing: /Minimalbeispiel_Codesys_ROS2/ros2_ws/install/turtlesim/include/turtlesim/turtlesim/srv/detail/kill__type_support.cpp
[53.540s] -- Installing: /Minimalbeispiel_Codesys_ROS2/ros2_ws/install/turtlesim/include/turtlesim/turtlesim/srv/detail/set_pen__rosidl_typesupport_introspection_cpp.hpp
[53.541s] -- Installing: /Minimalbeispiel_Codesys_ROS2/ros2_ws/install/turtlesim/include/turtlesim/turtlesim/srv/detail/set_pen__type_support.cpp
[53.542s] -- Installing: /Minimalbeispiel_Codesys_ROS2/ros2_ws/install/turtlesim/include/turtlesim/turtlesim/srv/detail/spawn__type_support.cpp
[53.543s] -- Installing: /Minimalbeispiel_Codesys_ROS2/ros2_ws/install/turtlesim/include/turtlesim/turtlesim/srv/detail/teleport_relative__rosidl_typesupport_introspection_cpp.hpp
[53.543s] -- Installing: /Minimalbeispiel_Codesys_ROS2/ros2_ws/install/turtlesim/include/turtlesim/turtlesim/srv/detail/teleport_absolute__type_support.cpp
[53.544s] -- Installing: /Minimalbeispiel_Codesys_ROS2/ros2_ws/install/turtlesim/include/turtlesim/turtlesim/srv/detail/teleport_relative__type_support.cpp
[53.545s] -- Up-to-date: /Minimalbeispiel_Codesys_ROS2/ros2_ws/install/turtlesim/include/turtlesim/turtlesim/action
[53.545s] -- Up-to-date: /Minimalbeispiel_Codesys_ROS2/ros2_ws/install/turtlesim/include/turtlesim/turtlesim/action/detail
[53.545s] -- Installing: /Minimalbeispiel_Codesys_ROS2/ros2_ws/install/turtlesim/include/turtlesim/turtlesim/action/detail/rotate_absolute__rosidl_typesupport_introspection_cpp.hpp
[53.546s] -- Installing: /Minimalbeispiel_Codesys_ROS2/ros2_ws/install/turtlesim/include/turtlesim/turtlesim/action/detail/rotate_absolute__type_support.cpp
[53.547s] -- Up-to-date: /Minimalbeispiel_Codesys_ROS2/ros2_ws/install/turtlesim/include/turtlesim/turtlesim/msg
[53.548s] -- Up-to-date: /Minimalbeispiel_Codesys_ROS2/ros2_ws/install/turtlesim/include/turtlesim/turtlesim/msg/detail
[53.548s] -- Installing: /Minimalbeispiel_Codesys_ROS2/ros2_ws/install/turtlesim/include/turtlesim/turtlesim/msg/detail/pose__type_support.cpp
[53.549s] -- Installing: /Minimalbeispiel_Codesys_ROS2/ros2_ws/install/turtlesim/include/turtlesim/turtlesim/msg/detail/color__rosidl_typesupport_introspection_cpp.hpp
[53.549s] -- Installing: /Minimalbeispiel_Codesys_ROS2/ros2_ws/install/turtlesim/include/turtlesim/turtlesim/msg/detail/color__type_support.cpp
[53.550s] -- Installing: /Minimalbeispiel_Codesys_ROS2/ros2_ws/install/turtlesim/include/turtlesim/turtlesim/msg/detail/pose__rosidl_typesupport_introspection_cpp.hpp
[53.551s] -- Installing: /Minimalbeispiel_Codesys_ROS2/ros2_ws/install/turtlesim/lib/libturtlesim__rosidl_typesupport_introspection_cpp.so
[53.554s] -- Set non-toolchain portion of runtime path of "/Minimalbeispiel_Codesys_ROS2/ros2_ws/install/turtlesim/lib/libturtlesim__rosidl_typesupport_introspection_cpp.so" to ""
[53.554s] -- Installing: /Minimalbeispiel_Codesys_ROS2/ros2_ws/install/turtlesim/lib/libturtlesim__rosidl_typesupport_cpp.so
[53.556s] -- Set non-toolchain portion of runtime path of "/Minimalbeispiel_Codesys_ROS2/ros2_ws/install/turtlesim/lib/libturtlesim__rosidl_typesupport_cpp.so" to ""
[53.556s] -- Installing: /Minimalbeispiel_Codesys_ROS2/ros2_ws/install/turtlesim/share/turtlesim/environment/pythonpath.sh
[53.556s] -- Installing: /Minimalbeispiel_Codesys_ROS2/ros2_ws/install/turtlesim/share/turtlesim/environment/pythonpath.dsv
[53.557s] -- Installing: /Minimalbeispiel_Codesys_ROS2/ros2_ws/install/turtlesim/lib/python3.12/site-packages/turtlesim-1.8.4-py3.12.egg-info
[53.559s] -- Installing: /Minimalbeispiel_Codesys_ROS2/ros2_ws/install/turtlesim/lib/python3.12/site-packages/turtlesim-1.8.4-py3.12.egg-info/SOURCES.txt
[53.560s] -- Installing: /Minimalbeispiel_Codesys_ROS2/ros2_ws/install/turtlesim/lib/python3.12/site-packages/turtlesim-1.8.4-py3.12.egg-info/top_level.txt
[53.560s] -- Installing: /Minimalbeispiel_Codesys_ROS2/ros2_ws/install/turtlesim/lib/python3.12/site-packages/turtlesim-1.8.4-py3.12.egg-info/dependency_links.txt
[53.561s] -- Installing: /Minimalbeispiel_Codesys_ROS2/ros2_ws/install/turtlesim/lib/python3.12/site-packages/turtlesim-1.8.4-py3.12.egg-info/PKG-INFO
[53.561s] -- Installing: /Minimalbeispiel_Codesys_ROS2/ros2_ws/install/turtlesim/lib/python3.12/site-packages/turtlesim
[53.562s] -- Installing: /Minimalbeispiel_Codesys_ROS2/ros2_ws/install/turtlesim/lib/python3.12/site-packages/turtlesim/_turtlesim_s.ep.rosidl_typesupport_fastrtps_c.c
[53.565s] -- Installing: /Minimalbeispiel_Codesys_ROS2/ros2_ws/install/turtlesim/lib/python3.12/site-packages/turtlesim/srv
[53.565s] -- Installing: /Minimalbeispiel_Codesys_ROS2/ros2_ws/install/turtlesim/lib/python3.12/site-packages/turtlesim/srv/_teleport_absolute.py
[53.566s] -- Installing: /Minimalbeispiel_Codesys_ROS2/ros2_ws/install/turtlesim/lib/python3.12/site-packages/turtlesim/srv/_teleport_relative.py
[53.567s] -- Installing: /Minimalbeispiel_Codesys_ROS2/ros2_ws/install/turtlesim/lib/python3.12/site-packages/turtlesim/srv/__init__.py
[53.568s] -- Installing: /Minimalbeispiel_Codesys_ROS2/ros2_ws/install/turtlesim/lib/python3.12/site-packages/turtlesim/srv/_set_pen_s.c
[53.568s] -- Installing: /Minimalbeispiel_Codesys_ROS2/ros2_ws/install/turtlesim/lib/python3.12/site-packages/turtlesim/srv/_teleport_relative_s.c
[53.569s] -- Installing: /Minimalbeispiel_Codesys_ROS2/ros2_ws/install/turtlesim/lib/python3.12/site-packages/turtlesim/srv/_spawn.py
[53.570s] -- Installing: /Minimalbeispiel_Codesys_ROS2/ros2_ws/install/turtlesim/lib/python3.12/site-packages/turtlesim/srv/_spawn_s.c
[53.570s] -- Installing: /Minimalbeispiel_Codesys_ROS2/ros2_ws/install/turtlesim/lib/python3.12/site-packages/turtlesim/srv/_kill.py
[53.571s] -- Installing: /Minimalbeispiel_Codesys_ROS2/ros2_ws/install/turtlesim/lib/python3.12/site-packages/turtlesim/srv/_kill_s.c
[53.572s] -- Installing: /Minimalbeispiel_Codesys_ROS2/ros2_ws/install/turtlesim/lib/python3.12/site-packages/turtlesim/srv/_set_pen.py
[53.572s] -- Installing: /Minimalbeispiel_Codesys_ROS2/ros2_ws/install/turtlesim/lib/python3.12/site-packages/turtlesim/srv/_teleport_absolute_s.c
[53.573s] -- Installing: /Minimalbeispiel_Codesys_ROS2/ros2_ws/install/turtlesim/lib/python3.12/site-packages/turtlesim/__init__.py
[53.573s] -- Installing: /Minimalbeispiel_Codesys_ROS2/ros2_ws/install/turtlesim/lib/python3.12/site-packages/turtlesim/turtlesim_s__rosidl_typesupport_fastrtps_c.so
[53.574s] -- Installing: /Minimalbeispiel_Codesys_ROS2/ros2_ws/install/turtlesim/lib/python3.12/site-packages/turtlesim/action
[53.575s] -- Installing: /Minimalbeispiel_Codesys_ROS2/ros2_ws/install/turtlesim/lib/python3.12/site-packages/turtlesim/action/_rotate_absolute_s.c
[53.576s] -- Installing: /Minimalbeispiel_Codesys_ROS2/ros2_ws/install/turtlesim/lib/python3.12/site-packages/turtlesim/action/_rotate_absolute.py
[53.577s] -- Installing: /Minimalbeispiel_Codesys_ROS2/ros2_ws/install/turtlesim/lib/python3.12/site-packages/turtlesim/action/__init__.py
[53.578s] -- Installing: /Minimalbeispiel_Codesys_ROS2/ros2_ws/install/turtlesim/lib/python3.12/site-packages/turtlesim/_turtlesim_s.ep.rosidl_typesupport_introspection_c.c
[53.579s] -- Installing: /Minimalbeispiel_Codesys_ROS2/ros2_ws/install/turtlesim/lib/python3.12/site-packages/turtlesim/_turtlesim_s.ep.rosidl_typesupport_c.c
[53.581s] -- Installing: /Minimalbeispiel_Codesys_ROS2/ros2_ws/install/turtlesim/lib/python3.12/site-packages/turtlesim/turtlesim_s__rosidl_typesupport_c.so
[53.582s] -- Installing: /Minimalbeispiel_Codesys_ROS2/ros2_ws/install/turtlesim/lib/python3.12/site-packages/turtlesim/turtlesim_s__rosidl_typesupport_introspection_c.so
[53.583s] -- Installing: /Minimalbeispiel_Codesys_ROS2/ros2_ws/install/turtlesim/lib/python3.12/site-packages/turtlesim/msg
[53.584s] -- Installing: /Minimalbeispiel_Codesys_ROS2/ros2_ws/install/turtlesim/lib/python3.12/site-packages/turtlesim/msg/_color.py
[53.585s] -- Installing: /Minimalbeispiel_Codesys_ROS2/ros2_ws/install/turtlesim/lib/python3.12/site-packages/turtlesim/msg/__init__.py
[53.585s] -- Installing: /Minimalbeispiel_Codesys_ROS2/ros2_ws/install/turtlesim/lib/python3.12/site-packages/turtlesim/msg/_pose_s.c
[53.586s] -- Installing: /Minimalbeispiel_Codesys_ROS2/ros2_ws/install/turtlesim/lib/python3.12/site-packages/turtlesim/msg/_pose.py
[53.587s] -- Installing: /Minimalbeispiel_Codesys_ROS2/ros2_ws/install/turtlesim/lib/python3.12/site-packages/turtlesim/msg/_color_s.c
[53.743s] Listing '/Minimalbeispiel_Codesys_ROS2/ros2_ws/install/turtlesim/lib/python3.12/site-packages/turtlesim'...
[53.743s] Compiling '/Minimalbeispiel_Codesys_ROS2/ros2_ws/install/turtlesim/lib/python3.12/site-packages/turtlesim/__init__.py'...
[53.744s] Listing '/Minimalbeispiel_Codesys_ROS2/ros2_ws/install/turtlesim/lib/python3.12/site-packages/turtlesim/action'...
[53.744s] Compiling '/Minimalbeispiel_Codesys_ROS2/ros2_ws/install/turtlesim/lib/python3.12/site-packages/turtlesim/action/__init__.py'...
[53.744s] Compiling '/Minimalbeispiel_Codesys_ROS2/ros2_ws/install/turtlesim/lib/python3.12/site-packages/turtlesim/action/_rotate_absolute.py'...
[53.744s] Listing '/Minimalbeispiel_Codesys_ROS2/ros2_ws/install/turtlesim/lib/python3.12/site-packages/turtlesim/msg'...
[53.744s] Compiling '/Minimalbeispiel_Codesys_ROS2/ros2_ws/install/turtlesim/lib/python3.12/site-packages/turtlesim/msg/__init__.py'...
[53.744s] Compiling '/Minimalbeispiel_Codesys_ROS2/ros2_ws/install/turtlesim/lib/python3.12/site-packages/turtlesim/msg/_color.py'...
[53.744s] Compiling '/Minimalbeispiel_Codesys_ROS2/ros2_ws/install/turtlesim/lib/python3.12/site-packages/turtlesim/msg/_pose.py'...
[53.744s] Listing '/Minimalbeispiel_Codesys_ROS2/ros2_ws/install/turtlesim/lib/python3.12/site-packages/turtlesim/srv'...
[53.744s] Compiling '/Minimalbeispiel_Codesys_ROS2/ros2_ws/install/turtlesim/lib/python3.12/site-packages/turtlesim/srv/__init__.py'...
[53.744s] Compiling '/Minimalbeispiel_Codesys_ROS2/ros2_ws/install/turtlesim/lib/python3.12/site-packages/turtlesim/srv/_kill.py'...
[53.744s] Compiling '/Minimalbeispiel_Codesys_ROS2/ros2_ws/install/turtlesim/lib/python3.12/site-packages/turtlesim/srv/_set_pen.py'...
[53.745s] Compiling '/Minimalbeispiel_Codesys_ROS2/ros2_ws/install/turtlesim/lib/python3.12/site-packages/turtlesim/srv/_spawn.py'...
[53.745s] Compiling '/Minimalbeispiel_Codesys_ROS2/ros2_ws/install/turtlesim/lib/python3.12/site-packages/turtlesim/srv/_teleport_absolute.py'...
[53.745s] Compiling '/Minimalbeispiel_Codesys_ROS2/ros2_ws/install/turtlesim/lib/python3.12/site-packages/turtlesim/srv/_teleport_relative.py'...
[53.751s] -- Installing: /Minimalbeispiel_Codesys_ROS2/ros2_ws/install/turtlesim/lib/python3.12/site-packages/turtlesim/turtlesim_s__rosidl_typesupport_fastrtps_c.so
[53.752s] -- Set non-toolchain portion of runtime path of "/Minimalbeispiel_Codesys_ROS2/ros2_ws/install/turtlesim/lib/python3.12/site-packages/turtlesim/turtlesim_s__rosidl_typesupport_fastrtps_c.so" to ""
[53.752s] -- Installing: /Minimalbeispiel_Codesys_ROS2/ros2_ws/install/turtlesim/lib/python3.12/site-packages/turtlesim/turtlesim_s__rosidl_typesupport_introspection_c.so
[53.753s] -- Set non-toolchain portion of runtime path of "/Minimalbeispiel_Codesys_ROS2/ros2_ws/install/turtlesim/lib/python3.12/site-packages/turtlesim/turtlesim_s__rosidl_typesupport_introspection_c.so" to ""
[53.754s] -- Installing: /Minimalbeispiel_Codesys_ROS2/ros2_ws/install/turtlesim/lib/python3.12/site-packages/turtlesim/turtlesim_s__rosidl_typesupport_c.so
[53.755s] -- Set non-toolchain portion of runtime path of "/Minimalbeispiel_Codesys_ROS2/ros2_ws/install/turtlesim/lib/python3.12/site-packages/turtlesim/turtlesim_s__rosidl_typesupport_c.so" to ""
[53.755s] -- Installing: /Minimalbeispiel_Codesys_ROS2/ros2_ws/install/turtlesim/lib/libturtlesim__rosidl_generator_py.so
[53.756s] -- Set non-toolchain portion of runtime path of "/Minimalbeispiel_Codesys_ROS2/ros2_ws/install/turtlesim/lib/libturtlesim__rosidl_generator_py.so" to ""
[53.757s] -- Installing: /Minimalbeispiel_Codesys_ROS2/ros2_ws/install/turtlesim/share/ament_index/resource_index/rust_packages/turtlesim
[53.757s] -- Installing: /Minimalbeispiel_Codesys_ROS2/ros2_ws/install/turtlesim/share/turtlesim/rust
[53.758s] -- Installing: /Minimalbeispiel_Codesys_ROS2/ros2_ws/install/turtlesim/share/turtlesim/rust/Cargo.toml
[53.759s] -- Installing: /Minimalbeispiel_Codesys_ROS2/ros2_ws/install/turtlesim/share/turtlesim/rust/src
[53.760s] -- Installing: /Minimalbeispiel_Codesys_ROS2/ros2_ws/install/turtlesim/share/turtlesim/rust/src/msg.rs
[53.760s] -- Installing: /Minimalbeispiel_Codesys_ROS2/ros2_ws/install/turtlesim/share/turtlesim/rust/src/srv
[53.761s] -- Installing: /Minimalbeispiel_Codesys_ROS2/ros2_ws/install/turtlesim/share/turtlesim/rust/src/srv/rmw.rs
[53.762s] -- Installing: /Minimalbeispiel_Codesys_ROS2/ros2_ws/install/turtlesim/share/turtlesim/rust/src/action.rs
[53.762s] -- Installing: /Minimalbeispiel_Codesys_ROS2/ros2_ws/install/turtlesim/share/turtlesim/rust/src/action
[53.763s] -- Installing: /Minimalbeispiel_Codesys_ROS2/ros2_ws/install/turtlesim/share/turtlesim/rust/src/action/rmw.rs
[53.764s] -- Installing: /Minimalbeispiel_Codesys_ROS2/ros2_ws/install/turtlesim/share/turtlesim/rust/src/lib.rs
[53.764s] -- Installing: /Minimalbeispiel_Codesys_ROS2/ros2_ws/install/turtlesim/share/turtlesim/rust/src/msg
[53.765s] -- Installing: /Minimalbeispiel_Codesys_ROS2/ros2_ws/install/turtlesim/share/turtlesim/rust/src/msg/rmw.rs
[53.766s] -- Installing: /Minimalbeispiel_Codesys_ROS2/ros2_ws/install/turtlesim/share/turtlesim/rust/src/srv.rs
[53.766s] -- Installing: /Minimalbeispiel_Codesys_ROS2/ros2_ws/install/turtlesim/share/turtlesim/rust/build.rs
[53.767s] -- Installing: /Minimalbeispiel_Codesys_ROS2/ros2_ws/install/turtlesim/share/turtlesim/action/RotateAbsolute.idl
[53.767s] -- Installing: /Minimalbeispiel_Codesys_ROS2/ros2_ws/install/turtlesim/share/turtlesim/msg/Color.idl
[53.767s] -- Installing: /Minimalbeispiel_Codesys_ROS2/ros2_ws/install/turtlesim/share/turtlesim/msg/Pose.idl
[53.768s] -- Installing: /Minimalbeispiel_Codesys_ROS2/ros2_ws/install/turtlesim/share/turtlesim/srv/Kill.idl
[53.768s] -- Installing: /Minimalbeispiel_Codesys_ROS2/ros2_ws/install/turtlesim/share/turtlesim/srv/SetPen.idl
[53.768s] -- Installing: /Minimalbeispiel_Codesys_ROS2/ros2_ws/install/turtlesim/share/turtlesim/srv/Spawn.idl
[53.769s] -- Installing: /Minimalbeispiel_Codesys_ROS2/ros2_ws/install/turtlesim/share/turtlesim/srv/TeleportAbsolute.idl
[53.769s] -- Installing: /Minimalbeispiel_Codesys_ROS2/ros2_ws/install/turtlesim/share/turtlesim/srv/TeleportRelative.idl
[53.769s] -- Installing: /Minimalbeispiel_Codesys_ROS2/ros2_ws/install/turtlesim/share/turtlesim/action/RotateAbsolute.action
[53.770s] -- Installing: /Minimalbeispiel_Codesys_ROS2/ros2_ws/install/turtlesim/share/turtlesim/msg/Color.msg
[53.771s] -- Installing: /Minimalbeispiel_Codesys_ROS2/ros2_ws/install/turtlesim/share/turtlesim/msg/Pose.msg
[53.771s] -- Installing: /Minimalbeispiel_Codesys_ROS2/ros2_ws/install/turtlesim/share/turtlesim/srv/Kill.srv
[53.772s] -- Installing: /Minimalbeispiel_Codesys_ROS2/ros2_ws/install/turtlesim/share/turtlesim/srv/SetPen.srv
[53.773s] -- Installing: /Minimalbeispiel_Codesys_ROS2/ros2_ws/install/turtlesim/share/turtlesim/srv/Spawn.srv
[53.773s] -- Installing: /Minimalbeispiel_Codesys_ROS2/ros2_ws/install/turtlesim/share/turtlesim/srv/TeleportAbsolute.srv
[53.774s] -- Installing: /Minimalbeispiel_Codesys_ROS2/ros2_ws/install/turtlesim/share/turtlesim/srv/TeleportRelative.srv
[53.775s] -- Installing: /Minimalbeispiel_Codesys_ROS2/ros2_ws/install/turtlesim/lib/turtlesim/turtlesim_node
[53.797s] -- Set non-toolchain portion of runtime path of "/Minimalbeispiel_Codesys_ROS2/ros2_ws/install/turtlesim/lib/turtlesim/turtlesim_node" to ""
[53.797s] -- Installing: /Minimalbeispiel_Codesys_ROS2/ros2_ws/install/turtlesim/lib/turtlesim/turtle_teleop_key
[53.803s] -- Set non-toolchain portion of runtime path of "/Minimalbeispiel_Codesys_ROS2/ros2_ws/install/turtlesim/lib/turtlesim/turtle_teleop_key" to ""
[53.803s] -- Installing: /Minimalbeispiel_Codesys_ROS2/ros2_ws/install/turtlesim/lib/turtlesim/draw_square
[53.817s] -- Set non-toolchain portion of runtime path of "/Minimalbeispiel_Codesys_ROS2/ros2_ws/install/turtlesim/lib/turtlesim/draw_square" to ""
[53.817s] -- Installing: /Minimalbeispiel_Codesys_ROS2/ros2_ws/install/turtlesim/lib/turtlesim/mimic
[53.829s] -- Set non-toolchain portion of runtime path of "/Minimalbeispiel_Codesys_ROS2/ros2_ws/install/turtlesim/lib/turtlesim/mimic" to ""
[53.830s] -- Installing: /Minimalbeispiel_Codesys_ROS2/ros2_ws/install/turtlesim/share/turtlesim/images
[53.831s] -- Installing: /Minimalbeispiel_Codesys_ROS2/ros2_ws/install/turtlesim/share/turtlesim/images/galactic.png
[53.832s] -- Installing: /Minimalbeispiel_Codesys_ROS2/ros2_ws/install/turtlesim/share/turtlesim/images/jazzy.png
[53.832s] -- Installing: /Minimalbeispiel_Codesys_ROS2/ros2_ws/install/turtlesim/share/turtlesim/images/ardent.png
[53.832s] -- Installing: /Minimalbeispiel_Codesys_ROS2/ros2_ws/install/turtlesim/share/turtlesim/images/dashing.png
[53.833s] -- Installing: /Minimalbeispiel_Codesys_ROS2/ros2_ws/install/turtlesim/share/turtlesim/images/foxy.png
[53.833s] -- Installing: /Minimalbeispiel_Codesys_ROS2/ros2_ws/install/turtlesim/share/turtlesim/images/humble.png
[53.833s] -- Installing: /Minimalbeispiel_Codesys_ROS2/ros2_ws/install/turtlesim/share/turtlesim/images/eloquent.png
[53.834s] -- Installing: /Minimalbeispiel_Codesys_ROS2/ros2_ws/install/turtlesim/share/turtlesim/images/crystal.png
[53.834s] -- Installing: /Minimalbeispiel_Codesys_ROS2/ros2_ws/install/turtlesim/share/turtlesim/images/rolling.png
[53.835s] -- Installing: /Minimalbeispiel_Codesys_ROS2/ros2_ws/install/turtlesim/share/turtlesim/images/bouncy.png
[53.835s] -- Installing: /Minimalbeispiel_Codesys_ROS2/ros2_ws/install/turtlesim/share/turtlesim/images/iron.png
[53.835s] -- Installing: /Minimalbeispiel_Codesys_ROS2/ros2_ws/install/turtlesim/share/turtlesim/launch
[53.836s] -- Installing: /Minimalbeispiel_Codesys_ROS2/ros2_ws/install/turtlesim/share/turtlesim/launch/multisim.launch.py
[53.837s] -- Installing: /Minimalbeispiel_Codesys_ROS2/ros2_ws/install/turtlesim/share/ament_index/resource_index/package_run_dependencies/turtlesim
[53.839s] -- Installing: /Minimalbeispiel_Codesys_ROS2/ros2_ws/install/turtlesim/share/ament_index/resource_index/parent_prefix_path/turtlesim
[53.842s] -- Installing: /Minimalbeispiel_Codesys_ROS2/ros2_ws/install/turtlesim/share/turtlesim/environment/ament_prefix_path.sh
[53.843s] -- Installing: /Minimalbeispiel_Codesys_ROS2/ros2_ws/install/turtlesim/share/turtlesim/environment/ament_prefix_path.dsv
[53.843s] -- Installing: /Minimalbeispiel_Codesys_ROS2/ros2_ws/install/turtlesim/share/turtlesim/environment/path.sh
[53.844s] -- Installing: /Minimalbeispiel_Codesys_ROS2/ros2_ws/install/turtlesim/share/turtlesim/environment/path.dsv
[53.845s] -- Installing: /Minimalbeispiel_Codesys_ROS2/ros2_ws/install/turtlesim/share/turtlesim/local_setup.bash
[53.845s] -- Installing: /Minimalbeispiel_Codesys_ROS2/ros2_ws/install/turtlesim/share/turtlesim/local_setup.sh
[53.847s] -- Installing: /Minimalbeispiel_Codesys_ROS2/ros2_ws/install/turtlesim/share/turtlesim/local_setup.zsh
[53.847s] -- Installing: /Minimalbeispiel_Codesys_ROS2/ros2_ws/install/turtlesim/share/turtlesim/local_setup.dsv
[53.848s] -- Installing: /Minimalbeispiel_Codesys_ROS2/ros2_ws/install/turtlesim/share/turtlesim/package.dsv
[53.849s] -- Installing: /Minimalbeispiel_Codesys_ROS2/ros2_ws/install/turtlesim/share/ament_index/resource_index/packages/turtlesim
[53.850s] -- Installing: /Minimalbeispiel_Codesys_ROS2/ros2_ws/install/turtlesim/share/turtlesim/cmake/export_turtlesim__rosidl_generator_cExport.cmake
[53.851s] -- Installing: /Minimalbeispiel_Codesys_ROS2/ros2_ws/install/turtlesim/share/turtlesim/cmake/export_turtlesim__rosidl_generator_cExport-noconfig.cmake
[53.852s] -- Installing: /Minimalbeispiel_Codesys_ROS2/ros2_ws/install/turtlesim/share/turtlesim/cmake/export_turtlesim__rosidl_typesupport_fastrtps_cExport.cmake
[53.853s] -- Installing: /Minimalbeispiel_Codesys_ROS2/ros2_ws/install/turtlesim/share/turtlesim/cmake/export_turtlesim__rosidl_typesupport_fastrtps_cExport-noconfig.cmake
[53.853s] -- Installing: /Minimalbeispiel_Codesys_ROS2/ros2_ws/install/turtlesim/share/turtlesim/cmake/export_turtlesim__rosidl_generator_cppExport.cmake
[53.854s] -- Installing: /Minimalbeispiel_Codesys_ROS2/ros2_ws/install/turtlesim/share/turtlesim/cmake/export_turtlesim__rosidl_typesupport_fastrtps_cppExport.cmake
[53.855s] -- Installing: /Minimalbeispiel_Codesys_ROS2/ros2_ws/install/turtlesim/share/turtlesim/cmake/export_turtlesim__rosidl_typesupport_fastrtps_cppExport-noconfig.cmake
[53.855s] -- Installing: /Minimalbeispiel_Codesys_ROS2/ros2_ws/install/turtlesim/share/turtlesim/cmake/turtlesim__rosidl_typesupport_introspection_cExport.cmake
[53.856s] -- Installing: /Minimalbeispiel_Codesys_ROS2/ros2_ws/install/turtlesim/share/turtlesim/cmake/turtlesim__rosidl_typesupport_introspection_cExport-noconfig.cmake
[53.857s] -- Installing: /Minimalbeispiel_Codesys_ROS2/ros2_ws/install/turtlesim/share/turtlesim/cmake/turtlesim__rosidl_typesupport_cExport.cmake
[53.857s] -- Installing: /Minimalbeispiel_Codesys_ROS2/ros2_ws/install/turtlesim/share/turtlesim/cmake/turtlesim__rosidl_typesupport_cExport-noconfig.cmake
[53.858s] -- Installing: /Minimalbeispiel_Codesys_ROS2/ros2_ws/install/turtlesim/share/turtlesim/cmake/turtlesim__rosidl_typesupport_introspection_cppExport.cmake
[53.858s] -- Installing: /Minimalbeispiel_Codesys_ROS2/ros2_ws/install/turtlesim/share/turtlesim/cmake/turtlesim__rosidl_typesupport_introspection_cppExport-noconfig.cmake
[53.859s] -- Installing: /Minimalbeispiel_Codesys_ROS2/ros2_ws/install/turtlesim/share/turtlesim/cmake/turtlesim__rosidl_typesupport_cppExport.cmake
[53.860s] -- Installing: /Minimalbeispiel_Codesys_ROS2/ros2_ws/install/turtlesim/share/turtlesim/cmake/turtlesim__rosidl_typesupport_cppExport-noconfig.cmake
[53.860s] -- Installing: /Minimalbeispiel_Codesys_ROS2/ros2_ws/install/turtlesim/share/turtlesim/cmake/export_turtlesim__rosidl_generator_pyExport.cmake
[53.861s] -- Installing: /Minimalbeispiel_Codesys_ROS2/ros2_ws/install/turtlesim/share/turtlesim/cmake/export_turtlesim__rosidl_generator_pyExport-noconfig.cmake
[53.862s] -- Installing: /Minimalbeispiel_Codesys_ROS2/ros2_ws/install/turtlesim/share/turtlesim/cmake/rosidl_cmake-extras.cmake
[53.862s] -- Installing: /Minimalbeispiel_Codesys_ROS2/ros2_ws/install/turtlesim/share/turtlesim/cmake/ament_cmake_export_dependencies-extras.cmake
[53.863s] -- Installing: /Minimalbeispiel_Codesys_ROS2/ros2_ws/install/turtlesim/share/turtlesim/cmake/ament_cmake_export_include_directories-extras.cmake
[53.864s] -- Installing: /Minimalbeispiel_Codesys_ROS2/ros2_ws/install/turtlesim/share/turtlesim/cmake/ament_cmake_export_libraries-extras.cmake
[53.864s] -- Installing: /Minimalbeispiel_Codesys_ROS2/ros2_ws/install/turtlesim/share/turtlesim/cmake/ament_cmake_export_targets-extras.cmake
[53.865s] -- Installing: /Minimalbeispiel_Codesys_ROS2/ros2_ws/install/turtlesim/share/turtlesim/cmake/rosidl_cmake_export_typesupport_targets-extras.cmake
[53.865s] -- Installing: /Minimalbeispiel_Codesys_ROS2/ros2_ws/install/turtlesim/share/turtlesim/cmake/rosidl_cmake_export_typesupport_libraries-extras.cmake
[53.866s] -- Installing: /Minimalbeispiel_Codesys_ROS2/ros2_ws/install/turtlesim/share/turtlesim/cmake/rosidl_cmake_aggregate_target-extras.cmake
[53.867s] -- Installing: /Minimalbeispiel_Codesys_ROS2/ros2_ws/install/turtlesim/share/turtlesim/cmake/turtlesimConfig.cmake
[53.867s] -- Installing: /Minimalbeispiel_Codesys_ROS2/ros2_ws/install/turtlesim/share/turtlesim/cmake/turtlesimConfig-version.cmake
[53.868s] -- Installing: /Minimalbeispiel_Codesys_ROS2/ros2_ws/install/turtlesim/share/turtlesim/package.xml
[53.873s] Invoked command in '/Minimalbeispiel_Codesys_ROS2/ros2_ws/build/turtlesim' returned '0': CMAKE_PREFIX_PATH=${CMAKE_PREFIX_PATH}:/Minimalbeispiel_Codesys_ROS2/ros2_ws/install/minimalbeispiel_pkg:/opt/ros/jazzy /usr/bin/cmake --install /Minimalbeispiel_Codesys_ROS2/ros2_ws/build/turtlesim
