[1.070s] Invoking command in '/Minimalbeispiel_Codesys_ROS2/ros2_ws/src/minimalbeispiel_pkg': PYTHONPATH=/Minimalbeispiel_Codesys_ROS2/ros2_ws/build/minimalbeispiel_pkg/prefix_override:/usr/lib/python3/dist-packages/colcon_core/task/python/colcon_distutils_commands:/Minimalbeispiel_Codesys_ROS2/ros2_ws/install/minimalbeispiel_pkg/lib/python3.12/site-packages:/Minimalbeispiel_Codesys_ROS2/ros2_ws/install/turtlesim/lib/python3.12/site-packages:/Minimalbeispiel_Codesys_ROS2/ros2_ws/install/minimalbeispiel_pkg/lib/python3.12/site-packages:/opt/ros/jazzy/lib/python3.12/site-packages /usr/bin/python3 -W ignore:setup.py install is deprecated -W ignore:easy_install command is deprecated setup.py egg_info --egg-base ../../build/minimalbeispiel_pkg build --build-base /Minimalbeispiel_Codesys_ROS2/ros2_ws/build/minimalbeispiel_pkg/build install --record /Minimalbeispiel_Codesys_ROS2/ros2_ws/build/minimalbeispiel_pkg/install.log --install-scripts $base/lib/minimalbeispiel_pkg --single-version-externally-managed install_data
[1.379s] running egg_info
[1.402s] writing ../../build/minimalbeispiel_pkg/minimalbeispiel_pkg.egg-info/PKG-INFO
[1.403s] writing dependency_links to ../../build/minimalbeispiel_pkg/minimalbeispiel_pkg.egg-info/dependency_links.txt
[1.403s] writing entry points to ../../build/minimalbeispiel_pkg/minimalbeispiel_pkg.egg-info/entry_points.txt
[1.404s] writing requirements to ../../build/minimalbeispiel_pkg/minimalbeispiel_pkg.egg-info/requires.txt
[1.404s] writing top-level names to ../../build/minimalbeispiel_pkg/minimalbeispiel_pkg.egg-info/top_level.txt
[1.450s] reading manifest file '../../build/minimalbeispiel_pkg/minimalbeispiel_pkg.egg-info/SOURCES.txt'
[1.450s] adding license file 'LICENSE'
[1.451s] writing manifest file '../../build/minimalbeispiel_pkg/minimalbeispiel_pkg.egg-info/SOURCES.txt'
[1.451s] running build
[1.451s] running build_py
[1.452s] copying minimalbeispiel_pkg/subscriber.py -> /Minimalbeispiel_Codesys_ROS2/ros2_ws/build/minimalbeispiel_pkg/build/lib/minimalbeispiel_pkg
[1.452s] running install
[1.459s] running install_lib
[1.480s] copying /Minimalbeispiel_Codesys_ROS2/ros2_ws/build/minimalbeispiel_pkg/build/lib/minimalbeispiel_pkg/subscriber.py -> /Minimalbeispiel_Codesys_ROS2/ros2_ws/install/minimalbeispiel_pkg/lib/python3.12/site-packages/minimalbeispiel_pkg
[1.480s] byte-compiling /Minimalbeispiel_Codesys_ROS2/ros2_ws/install/minimalbeispiel_pkg/lib/python3.12/site-packages/minimalbeispiel_pkg/subscriber.py to subscriber.cpython-312.pyc
[1.482s] running install_data
[1.482s] running install_egg_info
[1.505s] removing '/Minimalbeispiel_Codesys_ROS2/ros2_ws/install/minimalbeispiel_pkg/lib/python3.12/site-packages/minimalbeispiel_pkg-0.0.0-py3.12.egg-info' (and everything under it)
[1.506s] Copying ../../build/minimalbeispiel_pkg/minimalbeispiel_pkg.egg-info to /Minimalbeispiel_Codesys_ROS2/ros2_ws/install/minimalbeispiel_pkg/lib/python3.12/site-packages/minimalbeispiel_pkg-0.0.0-py3.12.egg-info
[1.509s] running install_scripts
[1.656s] Installing sub_pose script to /Minimalbeispiel_Codesys_ROS2/ros2_ws/install/minimalbeispiel_pkg/lib/minimalbeispiel_pkg
[1.657s] writing list of installed files to '/Minimalbeispiel_Codesys_ROS2/ros2_ws/build/minimalbeispiel_pkg/install.log'
[1.705s] Invoked command in '/Minimalbeispiel_Codesys_ROS2/ros2_ws/src/minimalbeispiel_pkg' returned '0': PYTHONPATH=/Minimalbeispiel_Codesys_ROS2/ros2_ws/build/minimalbeispiel_pkg/prefix_override:/usr/lib/python3/dist-packages/colcon_core/task/python/colcon_distutils_commands:/Minimalbeispiel_Codesys_ROS2/ros2_ws/install/minimalbeispiel_pkg/lib/python3.12/site-packages:/Minimalbeispiel_Codesys_ROS2/ros2_ws/install/turtlesim/lib/python3.12/site-packages:/Minimalbeispiel_Codesys_ROS2/ros2_ws/install/minimalbeispiel_pkg/lib/python3.12/site-packages:/opt/ros/jazzy/lib/python3.12/site-packages /usr/bin/python3 -W ignore:setup.py install is deprecated -W ignore:easy_install command is deprecated setup.py egg_info --egg-base ../../build/minimalbeispiel_pkg build --build-base /Minimalbeispiel_Codesys_ROS2/ros2_ws/build/minimalbeispiel_pkg/build install --record /Minimalbeispiel_Codesys_ROS2/ros2_ws/build/minimalbeispiel_pkg/install.log --install-scripts $base/lib/minimalbeispiel_pkg --single-version-externally-managed install_data
