[0.135s] DEBUG:colcon:Command line arguments: ['/usr/bin/colcon', 'build']
[0.136s] DEBUG:colcon:Parsed command line arguments: Namespace(log_base=None, log_level=None, verb_name='build', build_base='build', install_base='install', merge_install=False, symlink_install=False, test_result_base=None, continue_on_error=False, executor='parallel', parallel_workers=16, event_handlers=None, ignore_user_meta=False, metas=['./colcon.meta'], base_paths=['.'], packages_ignore=None, packages_ignore_regex=None, paths=None, packages_up_to=None, packages_up_to_regex=None, packages_above=None, packages_above_and_dependencies=None, packages_above_depth=None, packages_select_by_dep=None, packages_skip_by_dep=None, packages_skip_up_to=None, packages_select_build_failed=False, packages_skip_build_finished=False, packages_select_test_failures=False, packages_skip_test_passed=False, packages_select=None, packages_skip=None, packages_select_regex=None, packages_skip_regex=None, packages_start=None, packages_end=None, cmake_args=None, cmake_target=None, cmake_target_skip_unavailable=False, cmake_clean_cache=False, cmake_clean_first=False, cmake_force_configure=False, ament_cmake_args=None, catkin_cmake_args=None, catkin_skip_building_tests=False, mixin_files=None, mixin=None, verb_parser=<colcon_mixin.mixin.mixin_argument.MixinArgumentDecorator object at 0x707fa87813d0>, verb_extension=<colcon_core.verb.build.BuildVerb object at 0x707fa88a1df0>, main=<bound method BuildVerb.main of <colcon_core.verb.build.BuildVerb object at 0x707fa88a1df0>>, mixin_verb=('build',))
[0.186s] Level 1:colcon.colcon_core.package_discovery:discover_packages(colcon_meta) check parameters
[0.186s] INFO:colcon.colcon_metadata.package_discovery.colcon_meta:Using configuration from '/root/.colcon/metadata/default/Gazebo.meta'
[0.187s] INFO:colcon.colcon_metadata.package_discovery.colcon_meta:Using configuration from '/root/.colcon/metadata/default/fastdds.meta'
[0.187s] INFO:colcon.colcon_metadata.package_discovery.colcon_meta:Using configuration from '/root/.colcon/metadata/default/fastrtps.meta'
[0.187s] Level 1:colcon.colcon_core.package_discovery:discover_packages(recursive) check parameters
[0.188s] Level 1:colcon.colcon_core.package_discovery:discover_packages(ignore) check parameters
[0.188s] Level 1:colcon.colcon_core.package_discovery:discover_packages(path) check parameters
[0.188s] Level 1:colcon.colcon_core.package_discovery:discover_packages(colcon_meta) discover
[0.188s] Level 1:colcon.colcon_core.package_discovery:discover_packages(recursive) discover
[0.188s] INFO:colcon.colcon_core.package_discovery:Crawling recursively for packages in '/Minimalbeispiel_Codesys_ROS2/ros2_ws'
[0.188s] Level 1:colcon.colcon_core.package_identification:_identify(.) by extensions ['ignore', 'ignore_ament_install']
[0.188s] Level 1:colcon.colcon_core.package_identification:_identify(.) by extension 'ignore'
[0.188s] Level 1:colcon.colcon_core.package_identification:_identify(.) by extension 'ignore_ament_install'
[0.188s] Level 1:colcon.colcon_core.package_identification:_identify(.) by extensions ['colcon_pkg']
[0.188s] Level 1:colcon.colcon_core.package_identification:_identify(.) by extension 'colcon_pkg'
[0.189s] Level 1:colcon.colcon_core.package_identification:_identify(.) by extensions ['colcon_meta']
[0.189s] Level 1:colcon.colcon_core.package_identification:_identify(.) by extension 'colcon_meta'
[0.189s] Level 1:colcon.colcon_core.package_identification:_identify(.) by extensions ['ros']
[0.189s] Level 1:colcon.colcon_core.package_identification:_identify(.) by extension 'ros'
[0.236s] Level 1:colcon.colcon_core.package_identification:_identify(.) by extensions ['cmake', 'python']
[0.236s] Level 1:colcon.colcon_core.package_identification:_identify(.) by extension 'cmake'
[0.236s] Level 1:colcon.colcon_core.package_identification:_identify(.) by extension 'python'
[0.236s] Level 1:colcon.colcon_core.package_identification:_identify(.) by extensions ['python_setup_py']
[0.236s] Level 1:colcon.colcon_core.package_identification:_identify(.) by extension 'python_setup_py'
[0.236s] Level 1:colcon.colcon_core.package_identification:_identify(build) by extensions ['ignore', 'ignore_ament_install']
[0.237s] Level 1:colcon.colcon_core.package_identification:_identify(build) by extension 'ignore'
[0.237s] Level 1:colcon.colcon_core.package_identification:_identify(build) ignored
[0.237s] Level 1:colcon.colcon_core.package_identification:_identify(install) by extensions ['ignore', 'ignore_ament_install']
[0.237s] Level 1:colcon.colcon_core.package_identification:_identify(install) by extension 'ignore'
[0.238s] Level 1:colcon.colcon_core.package_identification:_identify(install) ignored
[0.238s] Level 1:colcon.colcon_core.package_identification:_identify(log) by extensions ['ignore', 'ignore_ament_install']
[0.238s] Level 1:colcon.colcon_core.package_identification:_identify(log) by extension 'ignore'
[0.238s] Level 1:colcon.colcon_core.package_identification:_identify(log) ignored
[0.238s] Level 1:colcon.colcon_core.package_identification:_identify(src) by extensions ['ignore', 'ignore_ament_install']
[0.238s] Level 1:colcon.colcon_core.package_identification:_identify(src) by extension 'ignore'
[0.239s] Level 1:colcon.colcon_core.package_identification:_identify(src) by extension 'ignore_ament_install'
[0.239s] Level 1:colcon.colcon_core.package_identification:_identify(src) by extensions ['colcon_pkg']
[0.239s] Level 1:colcon.colcon_core.package_identification:_identify(src) by extension 'colcon_pkg'
[0.239s] Level 1:colcon.colcon_core.package_identification:_identify(src) by extensions ['colcon_meta']
[0.239s] Level 1:colcon.colcon_core.package_identification:_identify(src) by extension 'colcon_meta'
[0.239s] Level 1:colcon.colcon_core.package_identification:_identify(src) by extensions ['ros']
[0.239s] Level 1:colcon.colcon_core.package_identification:_identify(src) by extension 'ros'
[0.239s] Level 1:colcon.colcon_core.package_identification:_identify(src) by extensions ['cmake', 'python']
[0.239s] Level 1:colcon.colcon_core.package_identification:_identify(src) by extension 'cmake'
[0.240s] Level 1:colcon.colcon_core.package_identification:_identify(src) by extension 'python'
[0.240s] Level 1:colcon.colcon_core.package_identification:_identify(src) by extensions ['python_setup_py']
[0.240s] Level 1:colcon.colcon_core.package_identification:_identify(src) by extension 'python_setup_py'
[0.240s] Level 1:colcon.colcon_core.package_identification:_identify(src/minimalbeispiel_pkg) by extensions ['ignore', 'ignore_ament_install']
[0.240s] Level 1:colcon.colcon_core.package_identification:_identify(src/minimalbeispiel_pkg) by extension 'ignore'
[0.240s] Level 1:colcon.colcon_core.package_identification:_identify(src/minimalbeispiel_pkg) by extension 'ignore_ament_install'
[0.240s] Level 1:colcon.colcon_core.package_identification:_identify(src/minimalbeispiel_pkg) by extensions ['colcon_pkg']
[0.240s] Level 1:colcon.colcon_core.package_identification:_identify(src/minimalbeispiel_pkg) by extension 'colcon_pkg'
[0.240s] Level 1:colcon.colcon_core.package_identification:_identify(src/minimalbeispiel_pkg) by extensions ['colcon_meta']
[0.241s] Level 1:colcon.colcon_core.package_identification:_identify(src/minimalbeispiel_pkg) by extension 'colcon_meta'
[0.241s] Level 1:colcon.colcon_core.package_identification:_identify(src/minimalbeispiel_pkg) by extensions ['ros']
[0.241s] Level 1:colcon.colcon_core.package_identification:_identify(src/minimalbeispiel_pkg) by extension 'ros'
[0.244s] DEBUG:colcon.colcon_core.package_identification:Package 'src/minimalbeispiel_pkg' with type 'ros.ament_python' and name 'minimalbeispiel_pkg'
[0.244s] Level 1:colcon.colcon_core.package_identification:_identify(src/ros_tutorials) by extensions ['ignore', 'ignore_ament_install']
[0.244s] Level 1:colcon.colcon_core.package_identification:_identify(src/ros_tutorials) by extension 'ignore'
[0.244s] Level 1:colcon.colcon_core.package_identification:_identify(src/ros_tutorials) by extension 'ignore_ament_install'
[0.244s] Level 1:colcon.colcon_core.package_identification:_identify(src/ros_tutorials) by extensions ['colcon_pkg']
[0.245s] Level 1:colcon.colcon_core.package_identification:_identify(src/ros_tutorials) by extension 'colcon_pkg'
[0.245s] Level 1:colcon.colcon_core.package_identification:_identify(src/ros_tutorials) by extensions ['colcon_meta']
[0.245s] Level 1:colcon.colcon_core.package_identification:_identify(src/ros_tutorials) by extension 'colcon_meta'
[0.245s] Level 1:colcon.colcon_core.package_identification:_identify(src/ros_tutorials) by extensions ['ros']
[0.245s] Level 1:colcon.colcon_core.package_identification:_identify(src/ros_tutorials) by extension 'ros'
[0.245s] Level 1:colcon.colcon_core.package_identification:_identify(src/ros_tutorials) by extensions ['cmake', 'python']
[0.245s] Level 1:colcon.colcon_core.package_identification:_identify(src/ros_tutorials) by extension 'cmake'
[0.245s] Level 1:colcon.colcon_core.package_identification:_identify(src/ros_tutorials) by extension 'python'
[0.245s] Level 1:colcon.colcon_core.package_identification:_identify(src/ros_tutorials) by extensions ['python_setup_py']
[0.245s] Level 1:colcon.colcon_core.package_identification:_identify(src/ros_tutorials) by extension 'python_setup_py'
[0.246s] Level 1:colcon.colcon_core.package_identification:_identify(src/ros_tutorials/turtlesim) by extensions ['ignore', 'ignore_ament_install']
[0.246s] Level 1:colcon.colcon_core.package_identification:_identify(src/ros_tutorials/turtlesim) by extension 'ignore'
[0.246s] Level 1:colcon.colcon_core.package_identification:_identify(src/ros_tutorials/turtlesim) by extension 'ignore_ament_install'
[0.246s] Level 1:colcon.colcon_core.package_identification:_identify(src/ros_tutorials/turtlesim) by extensions ['colcon_pkg']
[0.246s] Level 1:colcon.colcon_core.package_identification:_identify(src/ros_tutorials/turtlesim) by extension 'colcon_pkg'
[0.246s] Level 1:colcon.colcon_core.package_identification:_identify(src/ros_tutorials/turtlesim) by extensions ['colcon_meta']
[0.246s] Level 1:colcon.colcon_core.package_identification:_identify(src/ros_tutorials/turtlesim) by extension 'colcon_meta'
[0.246s] Level 1:colcon.colcon_core.package_identification:_identify(src/ros_tutorials/turtlesim) by extensions ['ros']
[0.246s] Level 1:colcon.colcon_core.package_identification:_identify(src/ros_tutorials/turtlesim) by extension 'ros'
[0.247s] DEBUG:colcon.colcon_core.package_identification:Package 'src/ros_tutorials/turtlesim' with type 'ros.ament_cmake' and name 'turtlesim'
[0.248s] Level 1:colcon.colcon_core.package_discovery:discover_packages(recursive) using defaults
[0.248s] Level 1:colcon.colcon_core.package_discovery:discover_packages(ignore) discover
[0.248s] Level 1:colcon.colcon_core.package_discovery:discover_packages(ignore) using defaults
[0.248s] Level 1:colcon.colcon_core.package_discovery:discover_packages(path) discover
[0.248s] Level 1:colcon.colcon_core.package_discovery:discover_packages(path) using defaults
[0.269s] Level 5:colcon.colcon_core.verb:set package 'turtlesim' build argument 'cmake_args' from command line to 'None'
[0.269s] Level 5:colcon.colcon_core.verb:set package 'turtlesim' build argument 'cmake_target' from command line to 'None'
[0.269s] Level 5:colcon.colcon_core.verb:set package 'turtlesim' build argument 'cmake_target_skip_unavailable' from command line to 'False'
[0.269s] Level 5:colcon.colcon_core.verb:set package 'turtlesim' build argument 'cmake_clean_cache' from command line to 'False'
[0.269s] Level 5:colcon.colcon_core.verb:set package 'turtlesim' build argument 'cmake_clean_first' from command line to 'False'
[0.269s] Level 5:colcon.colcon_core.verb:set package 'turtlesim' build argument 'cmake_force_configure' from command line to 'False'
[0.269s] Level 5:colcon.colcon_core.verb:set package 'turtlesim' build argument 'ament_cmake_args' from command line to 'None'
[0.269s] Level 5:colcon.colcon_core.verb:set package 'turtlesim' build argument 'catkin_cmake_args' from command line to 'None'
[0.269s] Level 5:colcon.colcon_core.verb:set package 'turtlesim' build argument 'catkin_skip_building_tests' from command line to 'False'
[0.270s] DEBUG:colcon.colcon_core.verb:Building package 'turtlesim' with the following arguments: {'ament_cmake_args': None, 'build_base': '/Minimalbeispiel_Codesys_ROS2/ros2_ws/build/turtlesim', 'catkin_cmake_args': None, 'catkin_skip_building_tests': False, 'cmake_args': None, 'cmake_clean_cache': False, 'cmake_clean_first': False, 'cmake_force_configure': False, 'cmake_target': None, 'cmake_target_skip_unavailable': False, 'install_base': '/Minimalbeispiel_Codesys_ROS2/ros2_ws/install/turtlesim', 'merge_install': False, 'path': '/Minimalbeispiel_Codesys_ROS2/ros2_ws/src/ros_tutorials/turtlesim', 'symlink_install': False, 'test_result_base': None}
[0.270s] Level 5:colcon.colcon_core.verb:set package 'minimalbeispiel_pkg' build argument 'cmake_args' from command line to 'None'
[0.270s] Level 5:colcon.colcon_core.verb:set package 'minimalbeispiel_pkg' build argument 'cmake_target' from command line to 'None'
[0.270s] Level 5:colcon.colcon_core.verb:set package 'minimalbeispiel_pkg' build argument 'cmake_target_skip_unavailable' from command line to 'False'
[0.270s] Level 5:colcon.colcon_core.verb:set package 'minimalbeispiel_pkg' build argument 'cmake_clean_cache' from command line to 'False'
[0.270s] Level 5:colcon.colcon_core.verb:set package 'minimalbeispiel_pkg' build argument 'cmake_clean_first' from command line to 'False'
[0.270s] Level 5:colcon.colcon_core.verb:set package 'minimalbeispiel_pkg' build argument 'cmake_force_configure' from command line to 'False'
[0.270s] Level 5:colcon.colcon_core.verb:set package 'minimalbeispiel_pkg' build argument 'ament_cmake_args' from command line to 'None'
[0.270s] Level 5:colcon.colcon_core.verb:set package 'minimalbeispiel_pkg' build argument 'catkin_cmake_args' from command line to 'None'
[0.270s] Level 5:colcon.colcon_core.verb:set package 'minimalbeispiel_pkg' build argument 'catkin_skip_building_tests' from command line to 'False'
[0.270s] DEBUG:colcon.colcon_core.verb:Building package 'minimalbeispiel_pkg' with the following arguments: {'ament_cmake_args': None, 'build_base': '/Minimalbeispiel_Codesys_ROS2/ros2_ws/build/minimalbeispiel_pkg', 'catkin_cmake_args': None, 'catkin_skip_building_tests': False, 'cmake_args': None, 'cmake_clean_cache': False, 'cmake_clean_first': False, 'cmake_force_configure': False, 'cmake_target': None, 'cmake_target_skip_unavailable': False, 'install_base': '/Minimalbeispiel_Codesys_ROS2/ros2_ws/install/minimalbeispiel_pkg', 'merge_install': False, 'path': '/Minimalbeispiel_Codesys_ROS2/ros2_ws/src/minimalbeispiel_pkg', 'symlink_install': False, 'test_result_base': None}
[0.270s] INFO:colcon.colcon_core.executor:Executing jobs using 'parallel' executor
[0.272s] DEBUG:colcon.colcon_parallel_executor.executor.parallel:run_until_complete
[0.272s] INFO:colcon.colcon_ros.task.ament_cmake.build:Building ROS package in '/Minimalbeispiel_Codesys_ROS2/ros2_ws/src/ros_tutorials/turtlesim' with build type 'ament_cmake'
[0.272s] INFO:colcon.colcon_cmake.task.cmake.build:Building CMake package in '/Minimalbeispiel_Codesys_ROS2/ros2_ws/src/ros_tutorials/turtlesim'
[0.275s] INFO:colcon.colcon_core.plugin_system:Skipping extension 'colcon_core.shell.bat': Not used on non-Windows systems
[0.276s] INFO:colcon.colcon_core.shell:Skip shell extension 'powershell' for command environment: Not usable outside of PowerShell
[0.276s] DEBUG:colcon.colcon_core.shell:Skip shell extension 'dsv' for command environment
[0.293s] DEBUG:colcon.colcon_core.event_handler.log_command:Invoking command in '/Minimalbeispiel_Codesys_ROS2/ros2_ws/build/turtlesim': CMAKE_PREFIX_PATH=${CMAKE_PREFIX_PATH}:/Minimalbeispiel_Codesys_ROS2/ros2_ws/install/minimalbeispiel_pkg:/opt/ros/jazzy /usr/bin/cmake --build /Minimalbeispiel_Codesys_ROS2/ros2_ws/build/turtlesim -- -j16 -l16
[0.994s] DEBUG:colcon.colcon_core.event_handler.log_command:Invoked command in '/Minimalbeispiel_Codesys_ROS2/ros2_ws/build/turtlesim' returned '0': CMAKE_PREFIX_PATH=${CMAKE_PREFIX_PATH}:/Minimalbeispiel_Codesys_ROS2/ros2_ws/install/minimalbeispiel_pkg:/opt/ros/jazzy /usr/bin/cmake --build /Minimalbeispiel_Codesys_ROS2/ros2_ws/build/turtlesim -- -j16 -l16
[1.011s] DEBUG:colcon.colcon_core.event_handler.log_command:Invoking command in '/Minimalbeispiel_Codesys_ROS2/ros2_ws/build/turtlesim': CMAKE_PREFIX_PATH=${CMAKE_PREFIX_PATH}:/Minimalbeispiel_Codesys_ROS2/ros2_ws/install/minimalbeispiel_pkg:/opt/ros/jazzy /usr/bin/cmake --install /Minimalbeispiel_Codesys_ROS2/ros2_ws/build/turtlesim
[1.163s] Level 1:colcon.colcon_core.environment:create_environment_scripts_only(turtlesim)
[1.177s] DEBUG:colcon.colcon_core.event_handler.log_command:Invoked command in '/Minimalbeispiel_Codesys_ROS2/ros2_ws/build/turtlesim' returned '0': CMAKE_PREFIX_PATH=${CMAKE_PREFIX_PATH}:/Minimalbeispiel_Codesys_ROS2/ros2_ws/install/minimalbeispiel_pkg:/opt/ros/jazzy /usr/bin/cmake --install /Minimalbeispiel_Codesys_ROS2/ros2_ws/build/turtlesim
[1.178s] Level 1:colcon.colcon_core.environment:checking '/Minimalbeispiel_Codesys_ROS2/ros2_ws/install/turtlesim' for CMake module files
[1.179s] Level 1:colcon.colcon_core.environment:checking '/Minimalbeispiel_Codesys_ROS2/ros2_ws/install/turtlesim' for CMake config files
[1.181s] Level 1:colcon.colcon_core.shell:create_environment_hook('turtlesim', 'cmake_prefix_path')
[1.182s] INFO:colcon.colcon_core.shell:Creating environment hook '/Minimalbeispiel_Codesys_ROS2/ros2_ws/install/turtlesim/share/turtlesim/hook/cmake_prefix_path.ps1'
[1.183s] INFO:colcon.colcon_core.shell:Creating environment descriptor '/Minimalbeispiel_Codesys_ROS2/ros2_ws/install/turtlesim/share/turtlesim/hook/cmake_prefix_path.dsv'
[1.184s] INFO:colcon.colcon_core.shell:Creating environment hook '/Minimalbeispiel_Codesys_ROS2/ros2_ws/install/turtlesim/share/turtlesim/hook/cmake_prefix_path.sh'
[1.186s] Level 1:colcon.colcon_core.environment:checking '/Minimalbeispiel_Codesys_ROS2/ros2_ws/install/turtlesim/lib'
[1.186s] Level 1:colcon.colcon_core.shell:create_environment_hook('turtlesim', 'ld_library_path_lib')
[1.187s] INFO:colcon.colcon_core.shell:Creating environment hook '/Minimalbeispiel_Codesys_ROS2/ros2_ws/install/turtlesim/share/turtlesim/hook/ld_library_path_lib.ps1'
[1.188s] INFO:colcon.colcon_core.shell:Creating environment descriptor '/Minimalbeispiel_Codesys_ROS2/ros2_ws/install/turtlesim/share/turtlesim/hook/ld_library_path_lib.dsv'
[1.188s] INFO:colcon.colcon_core.shell:Creating environment hook '/Minimalbeispiel_Codesys_ROS2/ros2_ws/install/turtlesim/share/turtlesim/hook/ld_library_path_lib.sh'
[1.189s] Level 1:colcon.colcon_core.environment:checking '/Minimalbeispiel_Codesys_ROS2/ros2_ws/install/turtlesim/bin'
[1.189s] Level 1:colcon.colcon_core.environment:checking '/Minimalbeispiel_Codesys_ROS2/ros2_ws/install/turtlesim/lib/pkgconfig/turtlesim.pc'
[1.195s] Level 1:colcon.colcon_core.environment:checking '/Minimalbeispiel_Codesys_ROS2/ros2_ws/install/turtlesim/lib/python3.12/site-packages'
[1.195s] Level 1:colcon.colcon_core.shell:create_environment_hook('turtlesim', 'pythonpath')
[1.195s] INFO:colcon.colcon_core.shell:Creating environment hook '/Minimalbeispiel_Codesys_ROS2/ros2_ws/install/turtlesim/share/turtlesim/hook/pythonpath.ps1'
[1.196s] INFO:colcon.colcon_core.shell:Creating environment descriptor '/Minimalbeispiel_Codesys_ROS2/ros2_ws/install/turtlesim/share/turtlesim/hook/pythonpath.dsv'
[1.197s] INFO:colcon.colcon_core.shell:Creating environment hook '/Minimalbeispiel_Codesys_ROS2/ros2_ws/install/turtlesim/share/turtlesim/hook/pythonpath.sh'
[1.198s] Level 1:colcon.colcon_core.environment:checking '/Minimalbeispiel_Codesys_ROS2/ros2_ws/install/turtlesim/bin'
[1.198s] INFO:colcon.colcon_core.shell:Creating package script '/Minimalbeispiel_Codesys_ROS2/ros2_ws/install/turtlesim/share/turtlesim/package.ps1'
[1.200s] INFO:colcon.colcon_core.shell:Creating package descriptor '/Minimalbeispiel_Codesys_ROS2/ros2_ws/install/turtlesim/share/turtlesim/package.dsv'
[1.201s] INFO:colcon.colcon_core.shell:Creating package script '/Minimalbeispiel_Codesys_ROS2/ros2_ws/install/turtlesim/share/turtlesim/package.sh'
[1.202s] INFO:colcon.colcon_core.shell:Creating package script '/Minimalbeispiel_Codesys_ROS2/ros2_ws/install/turtlesim/share/turtlesim/package.bash'
[1.203s] INFO:colcon.colcon_core.shell:Creating package script '/Minimalbeispiel_Codesys_ROS2/ros2_ws/install/turtlesim/share/turtlesim/package.zsh'
[1.204s] Level 1:colcon.colcon_core.environment:create_file_with_runtime_dependencies(/Minimalbeispiel_Codesys_ROS2/ros2_ws/install/turtlesim/share/colcon-core/packages/turtlesim)
[1.205s] Level 1:colcon.colcon_core.environment:create_environment_scripts_only(turtlesim)
[1.205s] Level 1:colcon.colcon_core.environment:checking '/Minimalbeispiel_Codesys_ROS2/ros2_ws/install/turtlesim' for CMake module files
[1.206s] Level 1:colcon.colcon_core.environment:checking '/Minimalbeispiel_Codesys_ROS2/ros2_ws/install/turtlesim' for CMake config files
[1.208s] Level 1:colcon.colcon_core.shell:create_environment_hook('turtlesim', 'cmake_prefix_path')
[1.208s] INFO:colcon.colcon_core.shell:Creating environment hook '/Minimalbeispiel_Codesys_ROS2/ros2_ws/install/turtlesim/share/turtlesim/hook/cmake_prefix_path.ps1'
[1.209s] INFO:colcon.colcon_core.shell:Creating environment descriptor '/Minimalbeispiel_Codesys_ROS2/ros2_ws/install/turtlesim/share/turtlesim/hook/cmake_prefix_path.dsv'
[1.211s] INFO:colcon.colcon_core.shell:Creating environment hook '/Minimalbeispiel_Codesys_ROS2/ros2_ws/install/turtlesim/share/turtlesim/hook/cmake_prefix_path.sh'
[1.212s] Level 1:colcon.colcon_core.environment:checking '/Minimalbeispiel_Codesys_ROS2/ros2_ws/install/turtlesim/lib'
[1.212s] Level 1:colcon.colcon_core.shell:create_environment_hook('turtlesim', 'ld_library_path_lib')
[1.212s] INFO:colcon.colcon_core.shell:Creating environment hook '/Minimalbeispiel_Codesys_ROS2/ros2_ws/install/turtlesim/share/turtlesim/hook/ld_library_path_lib.ps1'
[1.213s] INFO:colcon.colcon_core.shell:Creating environment descriptor '/Minimalbeispiel_Codesys_ROS2/ros2_ws/install/turtlesim/share/turtlesim/hook/ld_library_path_lib.dsv'
[1.214s] INFO:colcon.colcon_core.shell:Creating environment hook '/Minimalbeispiel_Codesys_ROS2/ros2_ws/install/turtlesim/share/turtlesim/hook/ld_library_path_lib.sh'
[1.214s] Level 1:colcon.colcon_core.environment:checking '/Minimalbeispiel_Codesys_ROS2/ros2_ws/install/turtlesim/bin'
[1.214s] Level 1:colcon.colcon_core.environment:checking '/Minimalbeispiel_Codesys_ROS2/ros2_ws/install/turtlesim/lib/pkgconfig/turtlesim.pc'
[1.215s] Level 1:colcon.colcon_core.environment:checking '/Minimalbeispiel_Codesys_ROS2/ros2_ws/install/turtlesim/lib/python3.12/site-packages'
[1.215s] Level 1:colcon.colcon_core.shell:create_environment_hook('turtlesim', 'pythonpath')
[1.215s] INFO:colcon.colcon_core.shell:Creating environment hook '/Minimalbeispiel_Codesys_ROS2/ros2_ws/install/turtlesim/share/turtlesim/hook/pythonpath.ps1'
[1.216s] INFO:colcon.colcon_core.shell:Creating environment descriptor '/Minimalbeispiel_Codesys_ROS2/ros2_ws/install/turtlesim/share/turtlesim/hook/pythonpath.dsv'
[1.217s] INFO:colcon.colcon_core.shell:Creating environment hook '/Minimalbeispiel_Codesys_ROS2/ros2_ws/install/turtlesim/share/turtlesim/hook/pythonpath.sh'
[1.218s] Level 1:colcon.colcon_core.environment:checking '/Minimalbeispiel_Codesys_ROS2/ros2_ws/install/turtlesim/bin'
[1.218s] INFO:colcon.colcon_core.shell:Creating package script '/Minimalbeispiel_Codesys_ROS2/ros2_ws/install/turtlesim/share/turtlesim/package.ps1'
[1.219s] INFO:colcon.colcon_core.shell:Creating package descriptor '/Minimalbeispiel_Codesys_ROS2/ros2_ws/install/turtlesim/share/turtlesim/package.dsv'
[1.220s] INFO:colcon.colcon_core.shell:Creating package script '/Minimalbeispiel_Codesys_ROS2/ros2_ws/install/turtlesim/share/turtlesim/package.sh'
[1.221s] INFO:colcon.colcon_core.shell:Creating package script '/Minimalbeispiel_Codesys_ROS2/ros2_ws/install/turtlesim/share/turtlesim/package.bash'
[1.222s] INFO:colcon.colcon_core.shell:Creating package script '/Minimalbeispiel_Codesys_ROS2/ros2_ws/install/turtlesim/share/turtlesim/package.zsh'
[1.222s] Level 1:colcon.colcon_core.environment:create_file_with_runtime_dependencies(/Minimalbeispiel_Codesys_ROS2/ros2_ws/install/turtlesim/share/colcon-core/packages/turtlesim)
[1.223s] INFO:colcon.colcon_ros.task.ament_python.build:Building ROS package in '/Minimalbeispiel_Codesys_ROS2/ros2_ws/src/minimalbeispiel_pkg' with build type 'ament_python'
[1.224s] Level 1:colcon.colcon_core.shell:create_environment_hook('minimalbeispiel_pkg', 'ament_prefix_path')
[1.224s] INFO:colcon.colcon_core.shell:Creating environment hook '/Minimalbeispiel_Codesys_ROS2/ros2_ws/install/minimalbeispiel_pkg/share/minimalbeispiel_pkg/hook/ament_prefix_path.ps1'
[1.226s] INFO:colcon.colcon_core.shell:Creating environment descriptor '/Minimalbeispiel_Codesys_ROS2/ros2_ws/install/minimalbeispiel_pkg/share/minimalbeispiel_pkg/hook/ament_prefix_path.dsv'
[1.227s] INFO:colcon.colcon_core.shell:Creating environment hook '/Minimalbeispiel_Codesys_ROS2/ros2_ws/install/minimalbeispiel_pkg/share/minimalbeispiel_pkg/hook/ament_prefix_path.sh'
[1.228s] INFO:colcon.colcon_core.shell:Skip shell extension 'powershell' for command environment: Not usable outside of PowerShell
[1.228s] DEBUG:colcon.colcon_core.shell:Skip shell extension 'dsv' for command environment
[1.529s] INFO:colcon.colcon_core.task.python.build:Building Python package in '/Minimalbeispiel_Codesys_ROS2/ros2_ws/src/minimalbeispiel_pkg'
[1.530s] INFO:colcon.colcon_core.shell:Skip shell extension 'powershell' for command environment: Not usable outside of PowerShell
[1.530s] DEBUG:colcon.colcon_core.shell:Skip shell extension 'dsv' for command environment
[2.209s] DEBUG:colcon.colcon_core.task.python.build:Available setuptools commands: install_scripts, setopt, install_data, easy_install, egg_info, build_py, bdist, editable_wheel, install_lib, check, build, build_ext, build_scripts, upload_docs, register, bdist_dumb, install_headers, develop, saveopts, dist_info, bdist_rpm, rotate, upload, build_clib, install, bdist_egg, clean, sdist, test, bdist_wheel, install_egg_info, alias, symlink_data
[2.211s] DEBUG:colcon.colcon_core.event_handler.log_command:Invoking command in '/Minimalbeispiel_Codesys_ROS2/ros2_ws/src/minimalbeispiel_pkg': PYTHONPATH=/Minimalbeispiel_Codesys_ROS2/ros2_ws/build/minimalbeispiel_pkg/prefix_override:/usr/lib/python3/dist-packages/colcon_core/task/python/colcon_distutils_commands:/Minimalbeispiel_Codesys_ROS2/ros2_ws/install/minimalbeispiel_pkg/lib/python3.12/site-packages:/Minimalbeispiel_Codesys_ROS2/ros2_ws/install/turtlesim/lib/python3.12/site-packages:/Minimalbeispiel_Codesys_ROS2/ros2_ws/install/minimalbeispiel_pkg/lib/python3.12/site-packages:/opt/ros/jazzy/lib/python3.12/site-packages /usr/bin/python3 -W ignore:setup.py install is deprecated -W ignore:easy_install command is deprecated setup.py egg_info --egg-base ../../build/minimalbeispiel_pkg build --build-base /Minimalbeispiel_Codesys_ROS2/ros2_ws/build/minimalbeispiel_pkg/build install --record /Minimalbeispiel_Codesys_ROS2/ros2_ws/build/minimalbeispiel_pkg/install.log --install-scripts $base/lib/minimalbeispiel_pkg --single-version-externally-managed install_data
[2.850s] Level 1:colcon.colcon_core.environment:checking '/Minimalbeispiel_Codesys_ROS2/ros2_ws/install/minimalbeispiel_pkg' for CMake module files
[2.851s] DEBUG:colcon.colcon_core.event_handler.log_command:Invoked command in '/Minimalbeispiel_Codesys_ROS2/ros2_ws/src/minimalbeispiel_pkg' returned '0': PYTHONPATH=/Minimalbeispiel_Codesys_ROS2/ros2_ws/build/minimalbeispiel_pkg/prefix_override:/usr/lib/python3/dist-packages/colcon_core/task/python/colcon_distutils_commands:/Minimalbeispiel_Codesys_ROS2/ros2_ws/install/minimalbeispiel_pkg/lib/python3.12/site-packages:/Minimalbeispiel_Codesys_ROS2/ros2_ws/install/turtlesim/lib/python3.12/site-packages:/Minimalbeispiel_Codesys_ROS2/ros2_ws/install/minimalbeispiel_pkg/lib/python3.12/site-packages:/opt/ros/jazzy/lib/python3.12/site-packages /usr/bin/python3 -W ignore:setup.py install is deprecated -W ignore:easy_install command is deprecated setup.py egg_info --egg-base ../../build/minimalbeispiel_pkg build --build-base /Minimalbeispiel_Codesys_ROS2/ros2_ws/build/minimalbeispiel_pkg/build install --record /Minimalbeispiel_Codesys_ROS2/ros2_ws/build/minimalbeispiel_pkg/install.log --install-scripts $base/lib/minimalbeispiel_pkg --single-version-externally-managed install_data
[2.852s] Level 1:colcon.colcon_core.environment:checking '/Minimalbeispiel_Codesys_ROS2/ros2_ws/install/minimalbeispiel_pkg' for CMake config files
[2.852s] Level 1:colcon.colcon_core.environment:checking '/Minimalbeispiel_Codesys_ROS2/ros2_ws/install/minimalbeispiel_pkg/lib'
[2.853s] Level 1:colcon.colcon_core.environment:checking '/Minimalbeispiel_Codesys_ROS2/ros2_ws/install/minimalbeispiel_pkg/bin'
[2.853s] Level 1:colcon.colcon_core.environment:checking '/Minimalbeispiel_Codesys_ROS2/ros2_ws/install/minimalbeispiel_pkg/lib/pkgconfig/minimalbeispiel_pkg.pc'
[2.853s] Level 1:colcon.colcon_core.environment:checking '/Minimalbeispiel_Codesys_ROS2/ros2_ws/install/minimalbeispiel_pkg/lib/python3.12/site-packages'
[2.853s] Level 1:colcon.colcon_core.shell:create_environment_hook('minimalbeispiel_pkg', 'pythonpath')
[2.854s] INFO:colcon.colcon_core.shell:Creating environment hook '/Minimalbeispiel_Codesys_ROS2/ros2_ws/install/minimalbeispiel_pkg/share/minimalbeispiel_pkg/hook/pythonpath.ps1'
[2.854s] INFO:colcon.colcon_core.shell:Creating environment descriptor '/Minimalbeispiel_Codesys_ROS2/ros2_ws/install/minimalbeispiel_pkg/share/minimalbeispiel_pkg/hook/pythonpath.dsv'
[2.855s] INFO:colcon.colcon_core.shell:Creating environment hook '/Minimalbeispiel_Codesys_ROS2/ros2_ws/install/minimalbeispiel_pkg/share/minimalbeispiel_pkg/hook/pythonpath.sh'
[2.856s] Level 1:colcon.colcon_core.environment:checking '/Minimalbeispiel_Codesys_ROS2/ros2_ws/install/minimalbeispiel_pkg/bin'
[2.856s] Level 1:colcon.colcon_core.environment:create_environment_scripts_only(minimalbeispiel_pkg)
[2.856s] INFO:colcon.colcon_core.shell:Creating package script '/Minimalbeispiel_Codesys_ROS2/ros2_ws/install/minimalbeispiel_pkg/share/minimalbeispiel_pkg/package.ps1'
[2.857s] INFO:colcon.colcon_core.shell:Creating package descriptor '/Minimalbeispiel_Codesys_ROS2/ros2_ws/install/minimalbeispiel_pkg/share/minimalbeispiel_pkg/package.dsv'
[2.858s] INFO:colcon.colcon_core.shell:Creating package script '/Minimalbeispiel_Codesys_ROS2/ros2_ws/install/minimalbeispiel_pkg/share/minimalbeispiel_pkg/package.sh'
[2.858s] INFO:colcon.colcon_core.shell:Creating package script '/Minimalbeispiel_Codesys_ROS2/ros2_ws/install/minimalbeispiel_pkg/share/minimalbeispiel_pkg/package.bash'
[2.859s] INFO:colcon.colcon_core.shell:Creating package script '/Minimalbeispiel_Codesys_ROS2/ros2_ws/install/minimalbeispiel_pkg/share/minimalbeispiel_pkg/package.zsh'
[2.859s] Level 1:colcon.colcon_core.environment:create_file_with_runtime_dependencies(/Minimalbeispiel_Codesys_ROS2/ros2_ws/install/minimalbeispiel_pkg/share/colcon-core/packages/minimalbeispiel_pkg)
[2.860s] DEBUG:colcon.colcon_parallel_executor.executor.parallel:closing loop
[2.861s] DEBUG:colcon.colcon_parallel_executor.executor.parallel:loop closed
[2.862s] DEBUG:colcon.colcon_parallel_executor.executor.parallel:run_until_complete finished with '0'
[2.862s] DEBUG:colcon.colcon_core.event_reactor:joining thread
[2.875s] INFO:colcon.colcon_core.plugin_system:Skipping extension 'colcon_notification.desktop_notification.notify_send': Could not find 'notify-send'
[2.875s] INFO:colcon.colcon_core.plugin_system:Skipping extension 'colcon_notification.desktop_notification.terminal_notifier': Not used on non-Darwin systems
[2.875s] INFO:colcon.colcon_core.plugin_system:Skipping extension 'colcon_notification.desktop_notification.win32': Not used on non-Windows systems
[2.875s] INFO:colcon.colcon_notification.desktop_notification:Sending desktop notification using 'notify2'
[2.880s] DEBUG:colcon.colcon_notification.desktop_notification.notify2:Failed to initialize notify2: org.freedesktop.DBus.Error.Spawn.ExecFailed: /usr/bin/dbus-launch terminated abnormally without any error message
[2.880s] DEBUG:colcon.colcon_core.event_reactor:joined thread
[2.881s] INFO:colcon.colcon_core.shell:Creating prefix script '/Minimalbeispiel_Codesys_ROS2/ros2_ws/install/local_setup.ps1'
[2.883s] INFO:colcon.colcon_core.shell:Creating prefix util module '/Minimalbeispiel_Codesys_ROS2/ros2_ws/install/_local_setup_util_ps1.py'
[2.885s] INFO:colcon.colcon_core.shell:Creating prefix chain script '/Minimalbeispiel_Codesys_ROS2/ros2_ws/install/setup.ps1'
[2.887s] INFO:colcon.colcon_core.shell:Creating prefix script '/Minimalbeispiel_Codesys_ROS2/ros2_ws/install/local_setup.sh'
[2.888s] INFO:colcon.colcon_core.shell:Creating prefix util module '/Minimalbeispiel_Codesys_ROS2/ros2_ws/install/_local_setup_util_sh.py'
[2.889s] INFO:colcon.colcon_core.shell:Creating prefix chain script '/Minimalbeispiel_Codesys_ROS2/ros2_ws/install/setup.sh'
[2.890s] INFO:colcon.colcon_core.shell:Creating prefix script '/Minimalbeispiel_Codesys_ROS2/ros2_ws/install/local_setup.bash'
[2.891s] INFO:colcon.colcon_core.shell:Creating prefix chain script '/Minimalbeispiel_Codesys_ROS2/ros2_ws/install/setup.bash'
[2.892s] INFO:colcon.colcon_core.shell:Creating prefix script '/Minimalbeispiel_Codesys_ROS2/ros2_ws/install/local_setup.zsh'
[2.892s] INFO:colcon.colcon_core.shell:Creating prefix chain script '/Minimalbeispiel_Codesys_ROS2/ros2_ws/install/setup.zsh'
