running egg_info
writing ../../build/minimalbeispiel_pkg/minimalbeispiel_pkg.egg-info/PKG-INFO
writing dependency_links to ../../build/minimalbeispiel_pkg/minimalbeispiel_pkg.egg-info/dependency_links.txt
writing entry points to ../../build/minimalbeispiel_pkg/minimalbeispiel_pkg.egg-info/entry_points.txt
writing requirements to ../../build/minimalbeispiel_pkg/minimalbeispiel_pkg.egg-info/requires.txt
writing top-level names to ../../build/minimalbeispiel_pkg/minimalbeispiel_pkg.egg-info/top_level.txt
reading manifest file '../../build/minimalbeispiel_pkg/minimalbeispiel_pkg.egg-info/SOURCES.txt'
adding license file 'LICENSE'
writing manifest file '../../build/minimalbeispiel_pkg/minimalbeispiel_pkg.egg-info/SOURCES.txt'
running build
running build_py
copying minimalbeispiel_pkg/subscriber.py -> /Minimalbeispiel_Codesys_ROS2/ros2_ws/build/minimalbeispiel_pkg/build/lib/minimalbeispiel_pkg
running install
running install_lib
copying /Minimalbeispiel_Codesys_ROS2/ros2_ws/build/minimalbeispiel_pkg/build/lib/minimalbeispiel_pkg/subscriber.py -> /Minimalbeispiel_Codesys_ROS2/ros2_ws/install/minimalbeispiel_pkg/lib/python3.12/site-packages/minimalbeispiel_pkg
byte-compiling /Minimalbeispiel_Codesys_ROS2/ros2_ws/install/minimalbeispiel_pkg/lib/python3.12/site-packages/minimalbeispiel_pkg/subscriber.py to subscriber.cpython-312.pyc
running install_data
running install_egg_info
removing '/Minimalbeispiel_Codesys_ROS2/ros2_ws/install/minimalbeispiel_pkg/lib/python3.12/site-packages/minimalbeispiel_pkg-0.0.0-py3.12.egg-info' (and everything under it)
Copying ../../build/minimalbeispiel_pkg/minimalbeispiel_pkg.egg-info to /Minimalbeispiel_Codesys_ROS2/ros2_ws/install/minimalbeispiel_pkg/lib/python3.12/site-packages/minimalbeispiel_pkg-0.0.0-py3.12.egg-info
running install_scripts
Installing sub_pose script to /Minimalbeispiel_Codesys_ROS2/ros2_ws/install/minimalbeispiel_pkg/lib/minimalbeispiel_pkg
writing list of installed files to '/Minimalbeispiel_Codesys_ROS2/ros2_ws/build/minimalbeispiel_pkg/install.log'
