[0.280s] DEBUG:colcon:Command line arguments: ['/usr/bin/colcon', 'build']
[0.280s] DEBUG:colcon:Parsed command line arguments: Namespace(log_base=None, log_level=None, verb_name='build', build_base='build', install_base='install', merge_install=False, symlink_install=False, test_result_base=None, continue_on_error=False, executor='parallel', parallel_workers=16, event_handlers=None, ignore_user_meta=False, metas=['./colcon.meta'], base_paths=['.'], packages_ignore=None, packages_ignore_regex=None, paths=None, packages_up_to=None, packages_up_to_regex=None, packages_above=None, packages_above_and_dependencies=None, packages_above_depth=None, packages_select_by_dep=None, packages_skip_by_dep=None, packages_skip_up_to=None, packages_select_build_failed=False, packages_skip_build_finished=False, packages_select_test_failures=False, packages_skip_test_passed=False, packages_select=None, packages_skip=None, packages_select_regex=None, packages_skip_regex=None, packages_start=None, packages_end=None, cmake_args=None, cmake_target=None, cmake_target_skip_unavailable=False, cmake_clean_cache=False, cmake_clean_first=False, cmake_force_configure=False, ament_cmake_args=None, catkin_cmake_args=None, catkin_skip_building_tests=False, mixin_files=None, mixin=None, verb_parser=<colcon_mixin.mixin.mixin_argument.MixinArgumentDecorator object at 0x7d35ebf990d0>, verb_extension=<colcon_core.verb.build.BuildVerb object at 0x7d35ec0b52b0>, main=<bound method BuildVerb.main of <colcon_core.verb.build.BuildVerb object at 0x7d35ec0b52b0>>, mixin_verb=('build',))
[0.388s] Level 1:colcon.colcon_core.package_discovery:discover_packages(colcon_meta) check parameters
[0.390s] INFO:colcon.colcon_metadata.package_discovery.colcon_meta:Using configuration from '/root/.colcon/metadata/default/Gazebo.meta'
[0.390s] INFO:colcon.colcon_metadata.package_discovery.colcon_meta:Using configuration from '/root/.colcon/metadata/default/fastdds.meta'
[0.391s] INFO:colcon.colcon_metadata.package_discovery.colcon_meta:Using configuration from '/root/.colcon/metadata/default/fastrtps.meta'
[0.391s] Level 1:colcon.colcon_core.package_discovery:discover_packages(recursive) check parameters
[0.391s] Level 1:colcon.colcon_core.package_discovery:discover_packages(ignore) check parameters
[0.391s] Level 1:colcon.colcon_core.package_discovery:discover_packages(path) check parameters
[0.391s] Level 1:colcon.colcon_core.package_discovery:discover_packages(colcon_meta) discover
[0.391s] Level 1:colcon.colcon_core.package_discovery:discover_packages(recursive) discover
[0.391s] INFO:colcon.colcon_core.package_discovery:Crawling recursively for packages in '/Minimalbeispiel_Codesys_ROS2/ros2_ws'
[0.392s] Level 1:colcon.colcon_core.package_identification:_identify(.) by extensions ['ignore', 'ignore_ament_install']
[0.392s] Level 1:colcon.colcon_core.package_identification:_identify(.) by extension 'ignore'
[0.392s] Level 1:colcon.colcon_core.package_identification:_identify(.) by extension 'ignore_ament_install'
[0.392s] Level 1:colcon.colcon_core.package_identification:_identify(.) by extensions ['colcon_pkg']
[0.392s] Level 1:colcon.colcon_core.package_identification:_identify(.) by extension 'colcon_pkg'
[0.392s] Level 1:colcon.colcon_core.package_identification:_identify(.) by extensions ['colcon_meta']
[0.392s] Level 1:colcon.colcon_core.package_identification:_identify(.) by extension 'colcon_meta'
[0.392s] Level 1:colcon.colcon_core.package_identification:_identify(.) by extensions ['ros']
[0.392s] Level 1:colcon.colcon_core.package_identification:_identify(.) by extension 'ros'
[0.441s] Level 1:colcon.colcon_core.package_identification:_identify(.) by extensions ['cmake', 'python']
[0.441s] Level 1:colcon.colcon_core.package_identification:_identify(.) by extension 'cmake'
[0.441s] Level 1:colcon.colcon_core.package_identification:_identify(.) by extension 'python'
[0.441s] Level 1:colcon.colcon_core.package_identification:_identify(.) by extensions ['python_setup_py']
[0.442s] Level 1:colcon.colcon_core.package_identification:_identify(.) by extension 'python_setup_py'
[0.442s] Level 1:colcon.colcon_core.package_identification:_identify(build) by extensions ['ignore', 'ignore_ament_install']
[0.442s] Level 1:colcon.colcon_core.package_identification:_identify(build) by extension 'ignore'
[0.442s] Level 1:colcon.colcon_core.package_identification:_identify(build) ignored
[0.442s] Level 1:colcon.colcon_core.package_identification:_identify(install) by extensions ['ignore', 'ignore_ament_install']
[0.442s] Level 1:colcon.colcon_core.package_identification:_identify(install) by extension 'ignore'
[0.443s] Level 1:colcon.colcon_core.package_identification:_identify(install) ignored
[0.443s] Level 1:colcon.colcon_core.package_identification:_identify(log) by extensions ['ignore', 'ignore_ament_install']
[0.443s] Level 1:colcon.colcon_core.package_identification:_identify(log) by extension 'ignore'
[0.443s] Level 1:colcon.colcon_core.package_identification:_identify(log) ignored
[0.443s] Level 1:colcon.colcon_core.package_identification:_identify(src) by extensions ['ignore', 'ignore_ament_install']
[0.443s] Level 1:colcon.colcon_core.package_identification:_identify(src) by extension 'ignore'
[0.444s] Level 1:colcon.colcon_core.package_identification:_identify(src) by extension 'ignore_ament_install'
[0.444s] Level 1:colcon.colcon_core.package_identification:_identify(src) by extensions ['colcon_pkg']
[0.444s] Level 1:colcon.colcon_core.package_identification:_identify(src) by extension 'colcon_pkg'
[0.444s] Level 1:colcon.colcon_core.package_identification:_identify(src) by extensions ['colcon_meta']
[0.444s] Level 1:colcon.colcon_core.package_identification:_identify(src) by extension 'colcon_meta'
[0.444s] Level 1:colcon.colcon_core.package_identification:_identify(src) by extensions ['ros']
[0.444s] Level 1:colcon.colcon_core.package_identification:_identify(src) by extension 'ros'
[0.445s] Level 1:colcon.colcon_core.package_identification:_identify(src) by extensions ['cmake', 'python']
[0.445s] Level 1:colcon.colcon_core.package_identification:_identify(src) by extension 'cmake'
[0.445s] Level 1:colcon.colcon_core.package_identification:_identify(src) by extension 'python'
[0.445s] Level 1:colcon.colcon_core.package_identification:_identify(src) by extensions ['python_setup_py']
[0.445s] Level 1:colcon.colcon_core.package_identification:_identify(src) by extension 'python_setup_py'
[0.445s] Level 1:colcon.colcon_core.package_identification:_identify(src/minimalbeispiel_pkg) by extensions ['ignore', 'ignore_ament_install']
[0.445s] Level 1:colcon.colcon_core.package_identification:_identify(src/minimalbeispiel_pkg) by extension 'ignore'
[0.446s] Level 1:colcon.colcon_core.package_identification:_identify(src/minimalbeispiel_pkg) by extension 'ignore_ament_install'
[0.446s] Level 1:colcon.colcon_core.package_identification:_identify(src/minimalbeispiel_pkg) by extensions ['colcon_pkg']
[0.446s] Level 1:colcon.colcon_core.package_identification:_identify(src/minimalbeispiel_pkg) by extension 'colcon_pkg'
[0.446s] Level 1:colcon.colcon_core.package_identification:_identify(src/minimalbeispiel_pkg) by extensions ['colcon_meta']
[0.446s] Level 1:colcon.colcon_core.package_identification:_identify(src/minimalbeispiel_pkg) by extension 'colcon_meta'
[0.446s] Level 1:colcon.colcon_core.package_identification:_identify(src/minimalbeispiel_pkg) by extensions ['ros']
[0.446s] Level 1:colcon.colcon_core.package_identification:_identify(src/minimalbeispiel_pkg) by extension 'ros'
[0.451s] DEBUG:colcon.colcon_core.package_identification:Package 'src/minimalbeispiel_pkg' with type 'ros.ament_python' and name 'minimalbeispiel_pkg'
[0.451s] Level 1:colcon.colcon_core.package_identification:_identify(src/ros_tutorials) by extensions ['ignore', 'ignore_ament_install']
[0.452s] Level 1:colcon.colcon_core.package_identification:_identify(src/ros_tutorials) by extension 'ignore'
[0.452s] Level 1:colcon.colcon_core.package_identification:_identify(src/ros_tutorials) by extension 'ignore_ament_install'
[0.452s] Level 1:colcon.colcon_core.package_identification:_identify(src/ros_tutorials) by extensions ['colcon_pkg']
[0.452s] Level 1:colcon.colcon_core.package_identification:_identify(src/ros_tutorials) by extension 'colcon_pkg'
[0.452s] Level 1:colcon.colcon_core.package_identification:_identify(src/ros_tutorials) by extensions ['colcon_meta']
[0.452s] Level 1:colcon.colcon_core.package_identification:_identify(src/ros_tutorials) by extension 'colcon_meta'
[0.452s] Level 1:colcon.colcon_core.package_identification:_identify(src/ros_tutorials) by extensions ['ros']
[0.452s] Level 1:colcon.colcon_core.package_identification:_identify(src/ros_tutorials) by extension 'ros'
[0.452s] Level 1:colcon.colcon_core.package_identification:_identify(src/ros_tutorials) by extensions ['cmake', 'python']
[0.452s] Level 1:colcon.colcon_core.package_identification:_identify(src/ros_tutorials) by extension 'cmake'
[0.452s] Level 1:colcon.colcon_core.package_identification:_identify(src/ros_tutorials) by extension 'python'
[0.453s] Level 1:colcon.colcon_core.package_identification:_identify(src/ros_tutorials) by extensions ['python_setup_py']
[0.453s] Level 1:colcon.colcon_core.package_identification:_identify(src/ros_tutorials) by extension 'python_setup_py'
[0.453s] Level 1:colcon.colcon_core.package_identification:_identify(src/ros_tutorials/turtlesim) by extensions ['ignore', 'ignore_ament_install']
[0.453s] Level 1:colcon.colcon_core.package_identification:_identify(src/ros_tutorials/turtlesim) by extension 'ignore'
[0.453s] Level 1:colcon.colcon_core.package_identification:_identify(src/ros_tutorials/turtlesim) by extension 'ignore_ament_install'
[0.453s] Level 1:colcon.colcon_core.package_identification:_identify(src/ros_tutorials/turtlesim) by extensions ['colcon_pkg']
[0.453s] Level 1:colcon.colcon_core.package_identification:_identify(src/ros_tutorials/turtlesim) by extension 'colcon_pkg'
[0.453s] Level 1:colcon.colcon_core.package_identification:_identify(src/ros_tutorials/turtlesim) by extensions ['colcon_meta']
[0.453s] Level 1:colcon.colcon_core.package_identification:_identify(src/ros_tutorials/turtlesim) by extension 'colcon_meta'
[0.454s] Level 1:colcon.colcon_core.package_identification:_identify(src/ros_tutorials/turtlesim) by extensions ['ros']
[0.454s] Level 1:colcon.colcon_core.package_identification:_identify(src/ros_tutorials/turtlesim) by extension 'ros'
[0.455s] DEBUG:colcon.colcon_core.package_identification:Package 'src/ros_tutorials/turtlesim' with type 'ros.ament_cmake' and name 'turtlesim'
[0.455s] Level 1:colcon.colcon_core.package_discovery:discover_packages(recursive) using defaults
[0.456s] Level 1:colcon.colcon_core.package_discovery:discover_packages(ignore) discover
[0.456s] Level 1:colcon.colcon_core.package_discovery:discover_packages(ignore) using defaults
[0.456s] Level 1:colcon.colcon_core.package_discovery:discover_packages(path) discover
[0.456s] Level 1:colcon.colcon_core.package_discovery:discover_packages(path) using defaults
[0.496s] Level 5:colcon.colcon_core.verb:set package 'turtlesim' build argument 'cmake_args' from command line to 'None'
[0.496s] Level 5:colcon.colcon_core.verb:set package 'turtlesim' build argument 'cmake_target' from command line to 'None'
[0.496s] Level 5:colcon.colcon_core.verb:set package 'turtlesim' build argument 'cmake_target_skip_unavailable' from command line to 'False'
[0.496s] Level 5:colcon.colcon_core.verb:set package 'turtlesim' build argument 'cmake_clean_cache' from command line to 'False'
[0.496s] Level 5:colcon.colcon_core.verb:set package 'turtlesim' build argument 'cmake_clean_first' from command line to 'False'
[0.496s] Level 5:colcon.colcon_core.verb:set package 'turtlesim' build argument 'cmake_force_configure' from command line to 'False'
[0.496s] Level 5:colcon.colcon_core.verb:set package 'turtlesim' build argument 'ament_cmake_args' from command line to 'None'
[0.496s] Level 5:colcon.colcon_core.verb:set package 'turtlesim' build argument 'catkin_cmake_args' from command line to 'None'
[0.496s] Level 5:colcon.colcon_core.verb:set package 'turtlesim' build argument 'catkin_skip_building_tests' from command line to 'False'
[0.496s] DEBUG:colcon.colcon_core.verb:Building package 'turtlesim' with the following arguments: {'ament_cmake_args': None, 'build_base': '/Minimalbeispiel_Codesys_ROS2/ros2_ws/build/turtlesim', 'catkin_cmake_args': None, 'catkin_skip_building_tests': False, 'cmake_args': None, 'cmake_clean_cache': False, 'cmake_clean_first': False, 'cmake_force_configure': False, 'cmake_target': None, 'cmake_target_skip_unavailable': False, 'install_base': '/Minimalbeispiel_Codesys_ROS2/ros2_ws/install/turtlesim', 'merge_install': False, 'path': '/Minimalbeispiel_Codesys_ROS2/ros2_ws/src/ros_tutorials/turtlesim', 'symlink_install': False, 'test_result_base': None}
[0.497s] Level 5:colcon.colcon_core.verb:set package 'minimalbeispiel_pkg' build argument 'cmake_args' from command line to 'None'
[0.497s] Level 5:colcon.colcon_core.verb:set package 'minimalbeispiel_pkg' build argument 'cmake_target' from command line to 'None'
[0.497s] Level 5:colcon.colcon_core.verb:set package 'minimalbeispiel_pkg' build argument 'cmake_target_skip_unavailable' from command line to 'False'
[0.497s] Level 5:colcon.colcon_core.verb:set package 'minimalbeispiel_pkg' build argument 'cmake_clean_cache' from command line to 'False'
[0.497s] Level 5:colcon.colcon_core.verb:set package 'minimalbeispiel_pkg' build argument 'cmake_clean_first' from command line to 'False'
[0.497s] Level 5:colcon.colcon_core.verb:set package 'minimalbeispiel_pkg' build argument 'cmake_force_configure' from command line to 'False'
[0.497s] Level 5:colcon.colcon_core.verb:set package 'minimalbeispiel_pkg' build argument 'ament_cmake_args' from command line to 'None'
[0.497s] Level 5:colcon.colcon_core.verb:set package 'minimalbeispiel_pkg' build argument 'catkin_cmake_args' from command line to 'None'
[0.497s] Level 5:colcon.colcon_core.verb:set package 'minimalbeispiel_pkg' build argument 'catkin_skip_building_tests' from command line to 'False'
[0.497s] DEBUG:colcon.colcon_core.verb:Building package 'minimalbeispiel_pkg' with the following arguments: {'ament_cmake_args': None, 'build_base': '/Minimalbeispiel_Codesys_ROS2/ros2_ws/build/minimalbeispiel_pkg', 'catkin_cmake_args': None, 'catkin_skip_building_tests': False, 'cmake_args': None, 'cmake_clean_cache': False, 'cmake_clean_first': False, 'cmake_force_configure': False, 'cmake_target': None, 'cmake_target_skip_unavailable': False, 'install_base': '/Minimalbeispiel_Codesys_ROS2/ros2_ws/install/minimalbeispiel_pkg', 'merge_install': False, 'path': '/Minimalbeispiel_Codesys_ROS2/ros2_ws/src/minimalbeispiel_pkg', 'symlink_install': False, 'test_result_base': None}
[0.497s] INFO:colcon.colcon_core.executor:Executing jobs using 'parallel' executor
[0.499s] DEBUG:colcon.colcon_parallel_executor.executor.parallel:run_until_complete
[0.500s] INFO:colcon.colcon_ros.task.ament_cmake.build:Building ROS package in '/Minimalbeispiel_Codesys_ROS2/ros2_ws/src/ros_tutorials/turtlesim' with build type 'ament_cmake'
[0.500s] INFO:colcon.colcon_cmake.task.cmake.build:Building CMake package in '/Minimalbeispiel_Codesys_ROS2/ros2_ws/src/ros_tutorials/turtlesim'
[0.510s] INFO:colcon.colcon_core.plugin_system:Skipping extension 'colcon_core.shell.bat': Not used on non-Windows systems
[0.510s] INFO:colcon.colcon_core.shell:Skip shell extension 'powershell' for command environment: Not usable outside of PowerShell
[0.510s] DEBUG:colcon.colcon_core.shell:Skip shell extension 'dsv' for command environment
[0.542s] DEBUG:colcon.colcon_core.event_handler.log_command:Invoking command in '/Minimalbeispiel_Codesys_ROS2/ros2_ws/build/turtlesim': CMAKE_PREFIX_PATH=${CMAKE_PREFIX_PATH}:/Minimalbeispiel_Codesys_ROS2/ros2_ws/install/minimalbeispiel_pkg:/opt/ros/jazzy /usr/bin/cmake --build /Minimalbeispiel_Codesys_ROS2/ros2_ws/build/turtlesim -- -j16 -l16
[1.445s] DEBUG:colcon.colcon_core.event_handler.log_command:Invoked command in '/Minimalbeispiel_Codesys_ROS2/ros2_ws/build/turtlesim' returned '0': CMAKE_PREFIX_PATH=${CMAKE_PREFIX_PATH}:/Minimalbeispiel_Codesys_ROS2/ros2_ws/install/minimalbeispiel_pkg:/opt/ros/jazzy /usr/bin/cmake --build /Minimalbeispiel_Codesys_ROS2/ros2_ws/build/turtlesim -- -j16 -l16
[1.460s] DEBUG:colcon.colcon_core.event_handler.log_command:Invoking command in '/Minimalbeispiel_Codesys_ROS2/ros2_ws/build/turtlesim': CMAKE_PREFIX_PATH=${CMAKE_PREFIX_PATH}:/Minimalbeispiel_Codesys_ROS2/ros2_ws/install/minimalbeispiel_pkg:/opt/ros/jazzy /usr/bin/cmake --install /Minimalbeispiel_Codesys_ROS2/ros2_ws/build/turtlesim
[1.662s] Level 1:colcon.colcon_core.environment:create_environment_scripts_only(turtlesim)
[1.664s] DEBUG:colcon.colcon_core.event_handler.log_command:Invoked command in '/Minimalbeispiel_Codesys_ROS2/ros2_ws/build/turtlesim' returned '0': CMAKE_PREFIX_PATH=${CMAKE_PREFIX_PATH}:/Minimalbeispiel_Codesys_ROS2/ros2_ws/install/minimalbeispiel_pkg:/opt/ros/jazzy /usr/bin/cmake --install /Minimalbeispiel_Codesys_ROS2/ros2_ws/build/turtlesim
[1.677s] Level 1:colcon.colcon_core.environment:checking '/Minimalbeispiel_Codesys_ROS2/ros2_ws/install/turtlesim' for CMake module files
[1.679s] Level 1:colcon.colcon_core.environment:checking '/Minimalbeispiel_Codesys_ROS2/ros2_ws/install/turtlesim' for CMake config files
[1.682s] Level 1:colcon.colcon_core.shell:create_environment_hook('turtlesim', 'cmake_prefix_path')
[1.682s] INFO:colcon.colcon_core.shell:Creating environment hook '/Minimalbeispiel_Codesys_ROS2/ros2_ws/install/turtlesim/share/turtlesim/hook/cmake_prefix_path.ps1'
[1.684s] INFO:colcon.colcon_core.shell:Creating environment descriptor '/Minimalbeispiel_Codesys_ROS2/ros2_ws/install/turtlesim/share/turtlesim/hook/cmake_prefix_path.dsv'
[1.686s] INFO:colcon.colcon_core.shell:Creating environment hook '/Minimalbeispiel_Codesys_ROS2/ros2_ws/install/turtlesim/share/turtlesim/hook/cmake_prefix_path.sh'
[1.688s] Level 1:colcon.colcon_core.environment:checking '/Minimalbeispiel_Codesys_ROS2/ros2_ws/install/turtlesim/lib'
[1.688s] Level 1:colcon.colcon_core.shell:create_environment_hook('turtlesim', 'ld_library_path_lib')
[1.688s] INFO:colcon.colcon_core.shell:Creating environment hook '/Minimalbeispiel_Codesys_ROS2/ros2_ws/install/turtlesim/share/turtlesim/hook/ld_library_path_lib.ps1'
[1.689s] INFO:colcon.colcon_core.shell:Creating environment descriptor '/Minimalbeispiel_Codesys_ROS2/ros2_ws/install/turtlesim/share/turtlesim/hook/ld_library_path_lib.dsv'
[1.689s] INFO:colcon.colcon_core.shell:Creating environment hook '/Minimalbeispiel_Codesys_ROS2/ros2_ws/install/turtlesim/share/turtlesim/hook/ld_library_path_lib.sh'
[1.690s] Level 1:colcon.colcon_core.environment:checking '/Minimalbeispiel_Codesys_ROS2/ros2_ws/install/turtlesim/bin'
[1.690s] Level 1:colcon.colcon_core.environment:checking '/Minimalbeispiel_Codesys_ROS2/ros2_ws/install/turtlesim/lib/pkgconfig/turtlesim.pc'
[1.694s] Level 1:colcon.colcon_core.environment:checking '/Minimalbeispiel_Codesys_ROS2/ros2_ws/install/turtlesim/lib/python3.12/site-packages'
[1.695s] Level 1:colcon.colcon_core.shell:create_environment_hook('turtlesim', 'pythonpath')
[1.695s] INFO:colcon.colcon_core.shell:Creating environment hook '/Minimalbeispiel_Codesys_ROS2/ros2_ws/install/turtlesim/share/turtlesim/hook/pythonpath.ps1'
[1.696s] INFO:colcon.colcon_core.shell:Creating environment descriptor '/Minimalbeispiel_Codesys_ROS2/ros2_ws/install/turtlesim/share/turtlesim/hook/pythonpath.dsv'
[1.697s] INFO:colcon.colcon_core.shell:Creating environment hook '/Minimalbeispiel_Codesys_ROS2/ros2_ws/install/turtlesim/share/turtlesim/hook/pythonpath.sh'
[1.698s] Level 1:colcon.colcon_core.environment:checking '/Minimalbeispiel_Codesys_ROS2/ros2_ws/install/turtlesim/bin'
[1.698s] INFO:colcon.colcon_core.shell:Creating package script '/Minimalbeispiel_Codesys_ROS2/ros2_ws/install/turtlesim/share/turtlesim/package.ps1'
[1.700s] INFO:colcon.colcon_core.shell:Creating package descriptor '/Minimalbeispiel_Codesys_ROS2/ros2_ws/install/turtlesim/share/turtlesim/package.dsv'
[1.702s] INFO:colcon.colcon_core.shell:Creating package script '/Minimalbeispiel_Codesys_ROS2/ros2_ws/install/turtlesim/share/turtlesim/package.sh'
[1.703s] INFO:colcon.colcon_core.shell:Creating package script '/Minimalbeispiel_Codesys_ROS2/ros2_ws/install/turtlesim/share/turtlesim/package.bash'
[1.705s] INFO:colcon.colcon_core.shell:Creating package script '/Minimalbeispiel_Codesys_ROS2/ros2_ws/install/turtlesim/share/turtlesim/package.zsh'
[1.707s] Level 1:colcon.colcon_core.environment:create_file_with_runtime_dependencies(/Minimalbeispiel_Codesys_ROS2/ros2_ws/install/turtlesim/share/colcon-core/packages/turtlesim)
[1.709s] Level 1:colcon.colcon_core.environment:create_environment_scripts_only(turtlesim)
[1.709s] Level 1:colcon.colcon_core.environment:checking '/Minimalbeispiel_Codesys_ROS2/ros2_ws/install/turtlesim' for CMake module files
[1.711s] Level 1:colcon.colcon_core.environment:checking '/Minimalbeispiel_Codesys_ROS2/ros2_ws/install/turtlesim' for CMake config files
[1.712s] Level 1:colcon.colcon_core.shell:create_environment_hook('turtlesim', 'cmake_prefix_path')
[1.713s] INFO:colcon.colcon_core.shell:Creating environment hook '/Minimalbeispiel_Codesys_ROS2/ros2_ws/install/turtlesim/share/turtlesim/hook/cmake_prefix_path.ps1'
[1.714s] INFO:colcon.colcon_core.shell:Creating environment descriptor '/Minimalbeispiel_Codesys_ROS2/ros2_ws/install/turtlesim/share/turtlesim/hook/cmake_prefix_path.dsv'
[1.714s] INFO:colcon.colcon_core.shell:Creating environment hook '/Minimalbeispiel_Codesys_ROS2/ros2_ws/install/turtlesim/share/turtlesim/hook/cmake_prefix_path.sh'
[1.715s] Level 1:colcon.colcon_core.environment:checking '/Minimalbeispiel_Codesys_ROS2/ros2_ws/install/turtlesim/lib'
[1.716s] Level 1:colcon.colcon_core.shell:create_environment_hook('turtlesim', 'ld_library_path_lib')
[1.716s] INFO:colcon.colcon_core.shell:Creating environment hook '/Minimalbeispiel_Codesys_ROS2/ros2_ws/install/turtlesim/share/turtlesim/hook/ld_library_path_lib.ps1'
[1.716s] INFO:colcon.colcon_core.shell:Creating environment descriptor '/Minimalbeispiel_Codesys_ROS2/ros2_ws/install/turtlesim/share/turtlesim/hook/ld_library_path_lib.dsv'
[1.717s] INFO:colcon.colcon_core.shell:Creating environment hook '/Minimalbeispiel_Codesys_ROS2/ros2_ws/install/turtlesim/share/turtlesim/hook/ld_library_path_lib.sh'
[1.718s] Level 1:colcon.colcon_core.environment:checking '/Minimalbeispiel_Codesys_ROS2/ros2_ws/install/turtlesim/bin'
[1.718s] Level 1:colcon.colcon_core.environment:checking '/Minimalbeispiel_Codesys_ROS2/ros2_ws/install/turtlesim/lib/pkgconfig/turtlesim.pc'
[1.718s] Level 1:colcon.colcon_core.environment:checking '/Minimalbeispiel_Codesys_ROS2/ros2_ws/install/turtlesim/lib/python3.12/site-packages'
[1.719s] Level 1:colcon.colcon_core.shell:create_environment_hook('turtlesim', 'pythonpath')
[1.719s] INFO:colcon.colcon_core.shell:Creating environment hook '/Minimalbeispiel_Codesys_ROS2/ros2_ws/install/turtlesim/share/turtlesim/hook/pythonpath.ps1'
[1.720s] INFO:colcon.colcon_core.shell:Creating environment descriptor '/Minimalbeispiel_Codesys_ROS2/ros2_ws/install/turtlesim/share/turtlesim/hook/pythonpath.dsv'
[1.720s] INFO:colcon.colcon_core.shell:Creating environment hook '/Minimalbeispiel_Codesys_ROS2/ros2_ws/install/turtlesim/share/turtlesim/hook/pythonpath.sh'
[1.721s] Level 1:colcon.colcon_core.environment:checking '/Minimalbeispiel_Codesys_ROS2/ros2_ws/install/turtlesim/bin'
[1.722s] INFO:colcon.colcon_core.shell:Creating package script '/Minimalbeispiel_Codesys_ROS2/ros2_ws/install/turtlesim/share/turtlesim/package.ps1'
[1.724s] INFO:colcon.colcon_core.shell:Creating package descriptor '/Minimalbeispiel_Codesys_ROS2/ros2_ws/install/turtlesim/share/turtlesim/package.dsv'
[1.726s] INFO:colcon.colcon_core.shell:Creating package script '/Minimalbeispiel_Codesys_ROS2/ros2_ws/install/turtlesim/share/turtlesim/package.sh'
[1.727s] INFO:colcon.colcon_core.shell:Creating package script '/Minimalbeispiel_Codesys_ROS2/ros2_ws/install/turtlesim/share/turtlesim/package.bash'
[1.728s] INFO:colcon.colcon_core.shell:Creating package script '/Minimalbeispiel_Codesys_ROS2/ros2_ws/install/turtlesim/share/turtlesim/package.zsh'
[1.729s] Level 1:colcon.colcon_core.environment:create_file_with_runtime_dependencies(/Minimalbeispiel_Codesys_ROS2/ros2_ws/install/turtlesim/share/colcon-core/packages/turtlesim)
[1.730s] INFO:colcon.colcon_ros.task.ament_python.build:Building ROS package in '/Minimalbeispiel_Codesys_ROS2/ros2_ws/src/minimalbeispiel_pkg' with build type 'ament_python'
[1.731s] Level 1:colcon.colcon_core.shell:create_environment_hook('minimalbeispiel_pkg', 'ament_prefix_path')
[1.731s] INFO:colcon.colcon_core.shell:Creating environment hook '/Minimalbeispiel_Codesys_ROS2/ros2_ws/install/minimalbeispiel_pkg/share/minimalbeispiel_pkg/hook/ament_prefix_path.ps1'
[1.733s] INFO:colcon.colcon_core.shell:Creating environment descriptor '/Minimalbeispiel_Codesys_ROS2/ros2_ws/install/minimalbeispiel_pkg/share/minimalbeispiel_pkg/hook/ament_prefix_path.dsv'
[1.734s] INFO:colcon.colcon_core.shell:Creating environment hook '/Minimalbeispiel_Codesys_ROS2/ros2_ws/install/minimalbeispiel_pkg/share/minimalbeispiel_pkg/hook/ament_prefix_path.sh'
[1.735s] INFO:colcon.colcon_core.shell:Skip shell extension 'powershell' for command environment: Not usable outside of PowerShell
[1.735s] DEBUG:colcon.colcon_core.shell:Skip shell extension 'dsv' for command environment
[2.077s] INFO:colcon.colcon_core.task.python.build:Building Python package in '/Minimalbeispiel_Codesys_ROS2/ros2_ws/src/minimalbeispiel_pkg'
[2.078s] INFO:colcon.colcon_core.shell:Skip shell extension 'powershell' for command environment: Not usable outside of PowerShell
[2.078s] DEBUG:colcon.colcon_core.shell:Skip shell extension 'dsv' for command environment
[2.946s] DEBUG:colcon.colcon_core.task.python.build:Available setuptools commands: clean, setopt, install_headers, upload, build_clib, dist_info, install, alias, test, rotate, install_scripts, build, build_ext, bdist_dumb, symlink_data, install_data, easy_install, install_lib, register, editable_wheel, build_py, develop, build_scripts, bdist_egg, bdist, egg_info, install_egg_info, bdist_wheel, check, upload_docs, saveopts, sdist, bdist_rpm
[2.948s] DEBUG:colcon.colcon_core.event_handler.log_command:Invoking command in '/Minimalbeispiel_Codesys_ROS2/ros2_ws/src/minimalbeispiel_pkg': PYTHONPATH=/Minimalbeispiel_Codesys_ROS2/ros2_ws/build/minimalbeispiel_pkg/prefix_override:/usr/lib/python3/dist-packages/colcon_core/task/python/colcon_distutils_commands:/Minimalbeispiel_Codesys_ROS2/ros2_ws/install/minimalbeispiel_pkg/lib/python3.12/site-packages:/Minimalbeispiel_Codesys_ROS2/ros2_ws/install/turtlesim/lib/python3.12/site-packages:/Minimalbeispiel_Codesys_ROS2/ros2_ws/install/minimalbeispiel_pkg/lib/python3.12/site-packages:/opt/ros/jazzy/lib/python3.12/site-packages /usr/bin/python3 -W ignore:setup.py install is deprecated -W ignore:easy_install command is deprecated setup.py egg_info --egg-base ../../build/minimalbeispiel_pkg build --build-base /Minimalbeispiel_Codesys_ROS2/ros2_ws/build/minimalbeispiel_pkg/build install --record /Minimalbeispiel_Codesys_ROS2/ros2_ws/build/minimalbeispiel_pkg/install.log --install-scripts $base/lib/minimalbeispiel_pkg --single-version-externally-managed install_data
[3.581s] Level 1:colcon.colcon_core.environment:checking '/Minimalbeispiel_Codesys_ROS2/ros2_ws/install/minimalbeispiel_pkg' for CMake module files
[3.582s] DEBUG:colcon.colcon_core.event_handler.log_command:Invoked command in '/Minimalbeispiel_Codesys_ROS2/ros2_ws/src/minimalbeispiel_pkg' returned '0': PYTHONPATH=/Minimalbeispiel_Codesys_ROS2/ros2_ws/build/minimalbeispiel_pkg/prefix_override:/usr/lib/python3/dist-packages/colcon_core/task/python/colcon_distutils_commands:/Minimalbeispiel_Codesys_ROS2/ros2_ws/install/minimalbeispiel_pkg/lib/python3.12/site-packages:/Minimalbeispiel_Codesys_ROS2/ros2_ws/install/turtlesim/lib/python3.12/site-packages:/Minimalbeispiel_Codesys_ROS2/ros2_ws/install/minimalbeispiel_pkg/lib/python3.12/site-packages:/opt/ros/jazzy/lib/python3.12/site-packages /usr/bin/python3 -W ignore:setup.py install is deprecated -W ignore:easy_install command is deprecated setup.py egg_info --egg-base ../../build/minimalbeispiel_pkg build --build-base /Minimalbeispiel_Codesys_ROS2/ros2_ws/build/minimalbeispiel_pkg/build install --record /Minimalbeispiel_Codesys_ROS2/ros2_ws/build/minimalbeispiel_pkg/install.log --install-scripts $base/lib/minimalbeispiel_pkg --single-version-externally-managed install_data
[3.582s] Level 1:colcon.colcon_core.environment:checking '/Minimalbeispiel_Codesys_ROS2/ros2_ws/install/minimalbeispiel_pkg' for CMake config files
[3.583s] Level 1:colcon.colcon_core.environment:checking '/Minimalbeispiel_Codesys_ROS2/ros2_ws/install/minimalbeispiel_pkg/lib'
[3.583s] Level 1:colcon.colcon_core.environment:checking '/Minimalbeispiel_Codesys_ROS2/ros2_ws/install/minimalbeispiel_pkg/bin'
[3.584s] Level 1:colcon.colcon_core.environment:checking '/Minimalbeispiel_Codesys_ROS2/ros2_ws/install/minimalbeispiel_pkg/lib/pkgconfig/minimalbeispiel_pkg.pc'
[3.584s] Level 1:colcon.colcon_core.environment:checking '/Minimalbeispiel_Codesys_ROS2/ros2_ws/install/minimalbeispiel_pkg/lib/python3.12/site-packages'
[3.584s] Level 1:colcon.colcon_core.shell:create_environment_hook('minimalbeispiel_pkg', 'pythonpath')
[3.584s] INFO:colcon.colcon_core.shell:Creating environment hook '/Minimalbeispiel_Codesys_ROS2/ros2_ws/install/minimalbeispiel_pkg/share/minimalbeispiel_pkg/hook/pythonpath.ps1'
[3.585s] INFO:colcon.colcon_core.shell:Creating environment descriptor '/Minimalbeispiel_Codesys_ROS2/ros2_ws/install/minimalbeispiel_pkg/share/minimalbeispiel_pkg/hook/pythonpath.dsv'
[3.586s] INFO:colcon.colcon_core.shell:Creating environment hook '/Minimalbeispiel_Codesys_ROS2/ros2_ws/install/minimalbeispiel_pkg/share/minimalbeispiel_pkg/hook/pythonpath.sh'
[3.587s] Level 1:colcon.colcon_core.environment:checking '/Minimalbeispiel_Codesys_ROS2/ros2_ws/install/minimalbeispiel_pkg/bin'
[3.587s] Level 1:colcon.colcon_core.environment:create_environment_scripts_only(minimalbeispiel_pkg)
[3.588s] INFO:colcon.colcon_core.shell:Creating package script '/Minimalbeispiel_Codesys_ROS2/ros2_ws/install/minimalbeispiel_pkg/share/minimalbeispiel_pkg/package.ps1'
[3.589s] INFO:colcon.colcon_core.shell:Creating package descriptor '/Minimalbeispiel_Codesys_ROS2/ros2_ws/install/minimalbeispiel_pkg/share/minimalbeispiel_pkg/package.dsv'
[3.590s] INFO:colcon.colcon_core.shell:Creating package script '/Minimalbeispiel_Codesys_ROS2/ros2_ws/install/minimalbeispiel_pkg/share/minimalbeispiel_pkg/package.sh'
[3.590s] INFO:colcon.colcon_core.shell:Creating package script '/Minimalbeispiel_Codesys_ROS2/ros2_ws/install/minimalbeispiel_pkg/share/minimalbeispiel_pkg/package.bash'
[3.591s] INFO:colcon.colcon_core.shell:Creating package script '/Minimalbeispiel_Codesys_ROS2/ros2_ws/install/minimalbeispiel_pkg/share/minimalbeispiel_pkg/package.zsh'
[3.592s] Level 1:colcon.colcon_core.environment:create_file_with_runtime_dependencies(/Minimalbeispiel_Codesys_ROS2/ros2_ws/install/minimalbeispiel_pkg/share/colcon-core/packages/minimalbeispiel_pkg)
[3.593s] DEBUG:colcon.colcon_parallel_executor.executor.parallel:closing loop
[3.594s] DEBUG:colcon.colcon_parallel_executor.executor.parallel:loop closed
[3.594s] DEBUG:colcon.colcon_parallel_executor.executor.parallel:run_until_complete finished with '0'
[3.594s] DEBUG:colcon.colcon_core.event_reactor:joining thread
[3.623s] INFO:colcon.colcon_core.plugin_system:Skipping extension 'colcon_notification.desktop_notification.notify_send': Could not find 'notify-send'
[3.624s] INFO:colcon.colcon_core.plugin_system:Skipping extension 'colcon_notification.desktop_notification.terminal_notifier': Not used on non-Darwin systems
[3.624s] INFO:colcon.colcon_core.plugin_system:Skipping extension 'colcon_notification.desktop_notification.win32': Not used on non-Windows systems
[3.624s] INFO:colcon.colcon_notification.desktop_notification:Sending desktop notification using 'notify2'
[3.632s] DEBUG:colcon.colcon_notification.desktop_notification.notify2:Failed to initialize notify2: org.freedesktop.DBus.Error.Spawn.ExecFailed: /usr/bin/dbus-launch terminated abnormally without any error message
[3.633s] DEBUG:colcon.colcon_core.event_reactor:joined thread
[3.635s] INFO:colcon.colcon_core.shell:Creating prefix script '/Minimalbeispiel_Codesys_ROS2/ros2_ws/install/local_setup.ps1'
[3.638s] INFO:colcon.colcon_core.shell:Creating prefix util module '/Minimalbeispiel_Codesys_ROS2/ros2_ws/install/_local_setup_util_ps1.py'
[3.643s] INFO:colcon.colcon_core.shell:Creating prefix chain script '/Minimalbeispiel_Codesys_ROS2/ros2_ws/install/setup.ps1'
[3.650s] INFO:colcon.colcon_core.shell:Creating prefix script '/Minimalbeispiel_Codesys_ROS2/ros2_ws/install/local_setup.sh'
[3.653s] INFO:colcon.colcon_core.shell:Creating prefix util module '/Minimalbeispiel_Codesys_ROS2/ros2_ws/install/_local_setup_util_sh.py'
[3.655s] INFO:colcon.colcon_core.shell:Creating prefix chain script '/Minimalbeispiel_Codesys_ROS2/ros2_ws/install/setup.sh'
[3.659s] INFO:colcon.colcon_core.shell:Creating prefix script '/Minimalbeispiel_Codesys_ROS2/ros2_ws/install/local_setup.bash'
[3.661s] INFO:colcon.colcon_core.shell:Creating prefix chain script '/Minimalbeispiel_Codesys_ROS2/ros2_ws/install/setup.bash'
[3.666s] INFO:colcon.colcon_core.shell:Creating prefix script '/Minimalbeispiel_Codesys_ROS2/ros2_ws/install/local_setup.zsh'
[3.668s] INFO:colcon.colcon_core.shell:Creating prefix chain script '/Minimalbeispiel_Codesys_ROS2/ros2_ws/install/setup.zsh'
